******************************************************************************
                  TI ARM Linker PC v5.2.2                      
******************************************************************************
>> Linked Tue Apr 28 22:05:12 2015

OUTPUT FILE NAME:   <lab10.out>
ENTRY POINT SYMBOL: "_c_int00"  address: 00009c05


MEMORY CONFIGURATION

         name            origin    length      used     unused   attr    fill
----------------------  --------  ---------  --------  --------  ----  --------
  FLASH                 00000000   00040000  0000a336  00035cca  R  X
  SRAM                  20000000   00008000  000006e0  00007920  RW X


SEGMENT ALLOCATION MAP

run origin  load origin   length   init length attrs members
----------  ----------- ---------- ----------- ----- -------
00000000    00000000    0000a338   0000a338    r-x
  00000000    00000000    0000026c   0000026c    r-- .intvecs
  0000026c    0000026c    00006e00   00006e00    r-- .const
  0000706c    0000706c    000031ea   000031ea    r-x .text
  0000a258    0000a258    000000e0   000000e0    r-- .cinit
20000000    20000000    000006e0   00000000    rw-
  20000000    20000000    00000400   00000000    rw- .stack
  20000400    20000400    000001b8   00000000    rw- .bss
  200005b8    200005b8    00000128   00000000    rw- .data


SECTION ALLOCATION MAP

 output                                  attributes/
section   page    origin      length       input sections
--------  ----  ----------  ----------   ----------------
.intvecs   0    00000000    0000026c     
                  00000000    0000026c     tm4c123gh6pm_startup_ccs.obj (.intvecs)

.const     0    0000026c    00006e00     
                  0000026c    00004a79     RPSS_display_driver.obj (.const:.string:alcoholPic)
                  00004ce5    00000003     --HOLE-- [fill = 0]
                  00004ce8    00000cb4     grlib.lib : fontcmss30b.obj (.const:.string:g_pui8Cmss30bData)
                  0000599c    0000095e               : fontcm20.obj (.const:.string:g_pui8Cm20Data)
                  000062fa    00000002     --HOLE-- [fill = 0]
                  000062fc    0000091e               : fontcmss22b.obj (.const:.string:g_pui8Cmss22bData)
                  00006c1a    00000002     --HOLE-- [fill = 0]
                  00006c1c    000000c8               : fontcm20.obj (.const:g_sFontCm20)
                  00006ce4    000000c8               : fontcmss22b.obj (.const:g_sFontCmss22b)
                  00006dac    000000c8               : fontcmss30b.obj (.const:g_sFontCmss30b)
                  00006e74    00000090     driverlib.lib : gpio.obj (.const:g_pui32GPIOBaseAddrs)
                  00006f04    00000070                   : interrupt.obj (.const)
                  00006f74    0000006c                   : sysctl.obj (.const:g_pui32Xtals)
                  00006fe0    00000038     touch.obj (.const:g_lTouchParameters)
                  00007018    00000028     Kentec320x240x16_ssd2119_8bit.obj (.const:g_sKentec320x240x16_SSD2119)
                  00007040    0000001c     RPSS_display_driver.obj (.const:.string)
                  0000705c    00000010     grlib.lib : context.obj (.const)

.text      0    0000706c    000031ea     
                  0000706c    00000988     Kentec320x240x16_ssd2119_8bit.obj (.text)
                  000079f4    00000460     touch.obj (.text)
                  00007e54    0000038c     grlib.lib : image.obj (.text:InternalImageDraw)
                  000081e0    000002ce               : image.obj (.text:PixelTransparentDraw)
                  000084ae    00000002     --HOLE-- [fill = 0]
                  000084b0    00000270     RPSS_display_driver.obj (.text)
                  00008720    00000266     grlib.lib : string.obj (.text:GrFontGlyphRender)
                  00008986    00000002     --HOLE-- [fill = 0]
                  00008988    00000198     RPSS_uart_driver.obj (.text)
                  00008b20    00000188     grlib.lib : canvas.obj (.text:CanvasPaint)
                  00008ca8    0000016e               : pushbutton.obj (.text:RectangularButtonPaint)
                  00008e16    00000130     driverlib.lib : gpio.obj (.text:GPIOPadConfigSet)
                  00008f46    00000002     --HOLE-- [fill = 0]
                  00008f48    00000118                   : sysctl.obj (.text:SysCtlClockGet)
                  00009060    000000f0                   : sysctl.obj (.text:SysCtlClockSet)
                  00009150    000000f0     grlib.lib : widget.obj (.text:WidgetMessageQueueAdd)
                  00009240    000000ec               : pushbutton.obj (.text:RectangularButtonClick)
                  0000932c    000000ca               : string.obj (.text:GrDefaultStringRenderer)
                  000093f6    00000002     --HOLE-- [fill = 0]
                  000093f8    000000b0               : widget.obj (.text:WidgetMessageSendPostOrder)
                  000094a8    000000a2     RPSS_handler.obj (.text)
                  0000954a    0000009c     rtsv7M4_T_le_v4SPD16_eabi.lib : memcpy_t2.obj (.text)
                  000095e6    00000086     grlib.lib : rectangle.obj (.text:GrRectFill)
                  0000966c    00000080     driverlib.lib : adc.obj (.text:ADCSequenceStepConfigure)
                  000096ec    0000007a     rtsv7M4_T_le_v4SPD16_eabi.lib : memset_t2.obj (.text)
                  00009766    00000002     --HOLE-- [fill = 0]
                  00009768    0000006c                                   : autoinit.obj (.text)
                  000097d4    0000006a     grlib.lib : string.obj (.text:GrStringWidthGet)
                  0000983e    0000006a     rtsv7M4_T_le_v4SPD16_eabi.lib : copy_decompress_rle.obj (.text)
                  000098a8    00000066     grlib.lib : rectangle.obj (.text:GrRectDraw)
                  0000990e    00000002     --HOLE-- [fill = 0]
                  00009910    00000064               : context.obj (.text:GrContextInit)
                  00009974    00000064               : widget.obj (.text:WidgetMessageQueueProcess)
                  000099d8    00000062               : context.obj (.text:GrContextClipRegionSet)
                  00009a3a    00000002     --HOLE-- [fill = 0]
                  00009a3c    00000060     driverlib.lib : interrupt.obj (.text:IntEnable)
                  00009a9c    0000005c     grlib.lib : string.obj (.text:FontWideGlyphDataGet)
                  00009af8    0000005c     driverlib.lib : timer.obj (.text:TimerConfigure)
                  00009b54    00000058                   : timer.obj (.text:TimerControlTrigger)
                  00009bac    00000056     grlib.lib : widget.obj (.text:WidgetMessageSendPreOrder)
                  00009c02    00000002     --HOLE-- [fill = 0]
                  00009c04    00000050     rtsv7M4_T_le_v4SPD16_eabi.lib : boot.obj (.text)
                  00009c54    0000004c                                   : cpy_tbl.obj (.text)
                  00009ca0    0000004a     grlib.lib : string.obj (.text:UpdateContextCharMapping)
                  00009cea    00000002     --HOLE-- [fill = 0]
                  00009cec    00000048     driverlib.lib : gpio.obj (.text:GPIOPinConfigure)
                  00009d34    00000046     grlib.lib : line.obj (.text:GrLineDrawH)
                  00009d7a    00000046               : line.obj (.text:GrLineDrawV)
                  00009dc0    00000044     rtsv7M4_T_le_v4SPD16_eabi.lib : exit.obj (.text)
                  00009e04    00000040     driverlib.lib : uart.obj (.text:UARTConfigSetExpClk)
                  00009e44    0000003e                   : adc.obj (.text:ADCSequenceConfigure)
                  00009e82    0000003a     grlib.lib : string.obj (.text:FontGlyphDataGet)
                  00009ebc    00000034     driverlib.lib : sysctl.obj (.text:SysCtlPeripheralEnable)
                  00009ef0    0000002a                   : gpio.obj (.text:GPIODirModeSet)
                  00009f1a    0000002a     grlib.lib : string.obj (.text:GrFontBaselineGet)
                  00009f44    0000002a               : string.obj (.text:GrFontHeightGet)
                  00009f6e    0000002a               : string.obj (.text:GrStringNextCharGet)
                  00009f98    0000002a               : widget.obj (.text:WidgetIsInTree)
                  00009fc2    00000026               : string.obj (.text:GrFontInfoGet)
                  00009fe8    00000024               : widget.obj (.text:WidgetAdd)
                  0000a00c    00000022               : string.obj (.text:GrFontGlyphDataGet)
                  0000a02e    00000022               : pushbutton.obj (.text:RectangularButtonMsgProc)
                  0000a050    00000020     RPSS_System.obj (.text)
                  0000a070    0000001e     grlib.lib : string.obj (.text:GrFontCodepageGet)
                  0000a08e    00000002     --HOLE-- [fill = 0]
                  0000a090    0000001c     driverlib.lib : uart.obj (.text:UARTDisable)
                  0000a0ac    0000001c     grlib.lib : widget.obj (.text:WidgetPointerMessage)
                  0000a0c8    00000018     driverlib.lib : gpio.obj (.text:GPIOPinTypeGPIOOutput)
                  0000a0e0    00000018     RPSS_main.obj (.text)
                  0000a0f8    00000018     rtsv7M4_T_le_v4SPD16_eabi.lib : args_main.obj (.text)
                  0000a110    00000014     grlib.lib : canvas.obj (.text:CanvasMsgProc)
                  0000a124    00000014     driverlib.lib : uart.obj (.text:UARTEnable)
                  0000a138    00000014     grlib.lib : widget.obj (.text:WidgetMutexGet)
                  0000a14c    00000014     rtsv7M4_T_le_v4SPD16_eabi.lib : _lock.obj (.text)
                  0000a160    00000012     driverlib.lib : adc.obj (.text:ADCHardwareOversampleConfigure)
                  0000a172    00000012                   : gpio.obj (.text:GPIOPinTypeUART)
                  0000a184    00000012     grlib.lib : string.obj (.text:GrStringDraw)
                  0000a196    00000012     driverlib.lib : timer.obj (.text:TimerLoadSet)
                  0000a1a8    00000010                   : adc.obj (.text:ADCIntEnable)
                  0000a1b8    0000000e                   : adc.obj (.text:ADCSequenceEnable)
                  0000a1c6    0000000e     grlib.lib : image.obj (.text:GrImageDraw)
                  0000a1d4    0000000e     driverlib.lib : timer.obj (.text:TimerEnable)
                  0000a1e2    0000000e     rtsv7M4_T_le_v4SPD16_eabi.lib : copy_decompress_none.obj (.text:decompress:none)
                  0000a1f0    0000000c     driverlib.lib : uart.obj (.text:UARTCharsAvail)
                  0000a1fc    0000000c     rtsv7M4_T_le_v4SPD16_eabi.lib : copy_zero_init.obj (.text:decompress:ZI)
                  0000a208    0000000c     tm4c123gh6pm_startup_ccs.obj (.text)
                  0000a214    0000000a     driverlib.lib : uart.obj (.text:UARTCharGet)
                  0000a21e    0000000a                   : uart.obj (.text:UARTCharPut)
                  0000a228    00000008     grlib.lib : charmap.obj (.text:GrMapISO8859_1_Unicode)
                  0000a230    00000006     driverlib.lib : gpio.obj (.text:GPIOPinWrite)
                  0000a236    00000006     grlib.lib : string.obj (.text:GrContextFontSet)
                  0000a23c    00000006     driverlib.lib : sysctl.obj (.text:SysCtlDelay)
                  0000a242    00000006     grlib.lib : widget.obj (.text:WidgetMutexPut)
                  0000a248    00000006     rtsv7M4_T_le_v4SPD16_eabi.lib : copy_decompress_rle.obj (.text:decompress:rle24)
                  0000a24e    00000004     grlib.lib : widget.obj (.text:WidgetDefaultMsgProc)
                  0000a252    00000004     rtsv7M4_T_le_v4SPD16_eabi.lib : pre_init.obj (.text)

.cinit     0    0000a258    000000e0     
                  0000a258    000000ba     (.cinit..data.load) [load image, compression = rle]
                  0000a312    00000002     --HOLE-- [fill = 0]
                  0000a314    0000000c     (__TI_handler_table)
                  0000a320    00000008     (.cinit..bss.load) [load image, compression = zero_init]
                  0000a328    00000010     (__TI_cinit_table)

.init_array 
*          0    00000000    00000000     UNINITIALIZED

.stack     0    20000000    00000400     UNINITIALIZED
                  20000000    00000400     --HOLE--

.bss       0    20000400    000001b8     UNINITIALIZED
                  20000400    00000140     grlib.lib : widget.obj (.bss:g_psMQ)
                  20000540    0000002c     RPSS_display_driver.obj (.bss:sContext)
                  2000056c    00000020     grlib.lib : image.obj (.bss)
                  2000058c    00000010     (.common:g_psSamples)
                  2000059c    00000008     (.common:sRect)
                  200005a4    00000004               : context.obj (.bss)
                  200005a8    00000004     (.common:g_pfnTSHandler)
                  200005ac    00000004     (.common:g_plParmSet)
                  200005b0    00000004     (.common:g_ulTSState)
                  200005b4    00000002     (.common:g_sTouchX)
                  200005b6    00000002     (.common:g_sTouchY)

.TI.noinit 
*          0    20000400    00000000     UNINITIALIZED

.data      0    200005b8    00000128     UNINITIALIZED
                  200005b8    00000050     RPSS_display_driver.obj (.data:g_sPushBtn)
                  20000608    00000040     RPSS_display_driver.obj (.data:g_sBackground)
                  20000648    00000040     RPSS_display_driver.obj (.data:g_sHeading)
                  20000688    0000002d     grlib.lib : widget.obj (.data)
                  200006b5    00000001     RPSS_main.obj (.data)
                  200006b6    00000002     --HOLE--
                  200006b8    00000008     Kentec320x240x16_ssd2119_8bit.obj (.data)
                  200006c0    00000008     rtsv7M4_T_le_v4SPD16_eabi.lib : _lock.obj (.data)
                  200006c8    00000008                                   : exit.obj (.data)
                  200006d0    00000005     RPSS_display_driver.obj (.data)
                  200006d5    00000003     --HOLE--
                  200006d8    00000004     rtsv7M4_T_le_v4SPD16_eabi.lib : stkdepth_vars.obj (.data)
                  200006dc    00000004     touch.obj (.data)

.TI.persistent 
*          0    200005b8    00000000     UNINITIALIZED


LINKER GENERATED COPY TABLES

__TI_cinit_table @ 0000a328 records: 2, size/record: 8, table size: 16
	.data: load addr=0000a258, load size=000000ba bytes, run addr=200005b8, run size=00000128 bytes, compression=rle
	.bss: load addr=0000a320, load size=00000008 bytes, run addr=20000400, run size=000001b8 bytes, compression=zero_init


LINKER GENERATED HANDLER TABLE

__TI_handler_table @ 0000a314 records: 3, size/record: 4, table size: 12
	index: 0, handler: __TI_decompress_rle24
	index: 1, handler: __TI_decompress_none
	index: 2, handler: __TI_zero_init


GLOBAL SYMBOLS: SORTED ALPHABETICALLY BY Name 

address   name                          
-------   ----                          
0000a161  ADCHardwareOversampleConfigure
0000a1a9  ADCIntEnable                  
00009e45  ADCSequenceConfigure          
0000a1b9  ADCSequenceEnable             
0000966d  ADCSequenceStepConfigure      
00009dc1  C$$EXIT                       
0000a111  CanvasMsgProc                 
00009ef1  GPIODirModeSet                
00008e17  GPIOPadConfigSet              
00009ced  GPIOPinConfigure              
0000a0c9  GPIOPinTypeGPIOOutput         
0000a173  GPIOPinTypeUART               
0000a231  GPIOPinWrite                  
000099d9  GrContextClipRegionSet        
0000a237  GrContextFontSet              
00009911  GrContextInit                 
0000932d  GrDefaultStringRenderer       
00009f1b  GrFontBaselineGet             
0000a071  GrFontCodepageGet             
0000a00d  GrFontGlyphDataGet            
00008721  GrFontGlyphRender             
00009f45  GrFontHeightGet               
00009fc3  GrFontInfoGet                 
0000a1c7  GrImageDraw                   
00009d35  GrLineDrawH                   
00009d7b  GrLineDrawV                   
0000a229  GrMapISO8859_1_Unicode        
000098a9  GrRectDraw                    
000095e7  GrRectFill                    
0000a185  GrStringDraw                  
00009f6f  GrStringNextCharGet           
000097d5  GrStringWidthGet              
00009a3d  IntEnable                     
00007221  Kentec320x240x16_SSD2119Init  
00007087  LED_OFF                       
0000706d  LED_ON                        
000094a9  RPSS_Handler                  
0000a051  RPSS_System_init              
0000a02f  RectangularButtonMsgProc      
0000a209  ResetISR                      
UNDEFED   SHT$$INIT_ARRAY$$Base         
UNDEFED   SHT$$INIT_ARRAY$$Limit        
00008f49  SysCtlClockGet                
00009061  SysCtlClockSet                
0000a23d  SysCtlDelay                   
00009ebd  SysCtlPeripheralEnable        
00009af9  TimerConfigure                
00009b55  TimerControlTrigger           
0000a1d5  TimerEnable                   
0000a197  TimerLoadSet                  
00007de9  TouchScreenCallbackSet        
00007d1d  TouchScreenInit               
00007be7  TouchScreenIntHandler         
0000a215  UARTCharGet                   
0000a21f  UARTCharPut                   
0000a1f1  UARTCharsAvail                
00009e05  UARTConfigSetExpClk           
0000a091  UARTDisable                   
0000a125  UARTEnable                    
00009fe9  WidgetAdd                     
0000a24f  WidgetDefaultMsgProc          
00009151  WidgetMessageQueueAdd         
00009975  WidgetMessageQueueProcess     
000093f9  WidgetMessageSendPostOrder    
00009bad  WidgetMessageSendPreOrder     
0000a139  WidgetMutexGet                
0000a243  WidgetMutexPut                
0000a0ad  WidgetPointerMessage          
200006bc  WriteCommand                  
200006b8  WriteData                     
20000400  __STACK_END                   
00000400  __STACK_SIZE                  
20000400  __STACK_TOP                   
0000a328  __TI_CINIT_Base               
0000a338  __TI_CINIT_Limit              
0000a314  __TI_Handler_Table_Base       
0000a320  __TI_Handler_Table_Limit      
00009769  __TI_auto_init                
200006c8  __TI_cleanup_ptr              
0000a1e3  __TI_decompress_none          
0000a249  __TI_decompress_rle24         
200006cc  __TI_dtors_ptr                
00000000  __TI_static_base__            
0000a1fd  __TI_zero_init                
000096ed  __aeabi_memclr                
000096ed  __aeabi_memclr4               
000096ed  __aeabi_memclr8               
0000954b  __aeabi_memcpy                
0000954b  __aeabi_memcpy4               
0000954b  __aeabi_memcpy8               
000096ef  __aeabi_memset                
000096ef  __aeabi_memset4               
000096ef  __aeabi_memset8               
ffffffff  __binit__                     
ffffffff  __c_args__                    
20000000  __stack                       
0000a0f9  _args_main                    
00009c05  _c_int00                      
200006c0  _lock                         
0000a15b  _nop                          
0000a153  _register_lock                
0000a14d  _register_unlock              
0000a253  _system_pre_init              
200006c4  _unlock                       
00009dc5  abort                         
0000026c  alcoholPic                    
ffffffff  binit                         
00009c55  copy_in                       
00008569  display_intro                 
00008665  display_outro                 
00008667  display_waiting_time          
00009dcd  exit                          
200006d4  g_RedLedOn                    
00006fe0  g_lTouchParameters            
00000000  g_pfnVectors                  
200005ac  g_plParmSet                   
0000705c  g_psDefaultCodePointMapTable  
20000608  g_sBackground                 
00006c1c  g_sFontCm20                   
00006ce4  g_sFontCmss22b                
00006dac  g_sFontCmss30b                
20000648  g_sHeading                    
00007018  g_sKentec320x240x16_SSD2119   
200005b8  g_sPushBtn                    
20000688  g_sRoot                       
200006dc  g_sTouchMin                   
200005b4  g_sTouchX                     
200005b6  g_sTouchY                     
0000a061  init_clock                    
000084b1  init_display                  
00008989  init_uart                     
0000a0e1  main                          
200006d8  main_func_sp                  
0000954b  memcpy                        
000096f5  memset                        
200006d0  notTouched                    
20000540  sContext                      
2000059c  sRect                         
200006b5  state                         
00008aeb  uart_transceiver              
000089c3  update_peripheral_controller  
00008561  wait_for_touch                


GLOBAL SYMBOLS: SORTED BY Symbol Address 

address   name                          
-------   ----                          
00000000  __TI_static_base__            
00000000  g_pfnVectors                  
0000026c  alcoholPic                    
00000400  __STACK_SIZE                  
00006c1c  g_sFontCm20                   
00006ce4  g_sFontCmss22b                
00006dac  g_sFontCmss30b                
00006fe0  g_lTouchParameters            
00007018  g_sKentec320x240x16_SSD2119   
0000705c  g_psDefaultCodePointMapTable  
0000706d  LED_ON                        
00007087  LED_OFF                       
00007221  Kentec320x240x16_SSD2119Init  
00007be7  TouchScreenIntHandler         
00007d1d  TouchScreenInit               
00007de9  TouchScreenCallbackSet        
000084b1  init_display                  
00008561  wait_for_touch                
00008569  display_intro                 
00008665  display_outro                 
00008667  display_waiting_time          
00008721  GrFontGlyphRender             
00008989  init_uart                     
000089c3  update_peripheral_controller  
00008aeb  uart_transceiver              
00008e17  GPIOPadConfigSet              
00008f49  SysCtlClockGet                
00009061  SysCtlClockSet                
00009151  WidgetMessageQueueAdd         
0000932d  GrDefaultStringRenderer       
000093f9  WidgetMessageSendPostOrder    
000094a9  RPSS_Handler                  
0000954b  __aeabi_memcpy                
0000954b  __aeabi_memcpy4               
0000954b  __aeabi_memcpy8               
0000954b  memcpy                        
000095e7  GrRectFill                    
0000966d  ADCSequenceStepConfigure      
000096ed  __aeabi_memclr                
000096ed  __aeabi_memclr4               
000096ed  __aeabi_memclr8               
000096ef  __aeabi_memset                
000096ef  __aeabi_memset4               
000096ef  __aeabi_memset8               
000096f5  memset                        
00009769  __TI_auto_init                
000097d5  GrStringWidthGet              
000098a9  GrRectDraw                    
00009911  GrContextInit                 
00009975  WidgetMessageQueueProcess     
000099d9  GrContextClipRegionSet        
00009a3d  IntEnable                     
00009af9  TimerConfigure                
00009b55  TimerControlTrigger           
00009bad  WidgetMessageSendPreOrder     
00009c05  _c_int00                      
00009c55  copy_in                       
00009ced  GPIOPinConfigure              
00009d35  GrLineDrawH                   
00009d7b  GrLineDrawV                   
00009dc1  C$$EXIT                       
00009dc5  abort                         
00009dcd  exit                          
00009e05  UARTConfigSetExpClk           
00009e45  ADCSequenceConfigure          
00009ebd  SysCtlPeripheralEnable        
00009ef1  GPIODirModeSet                
00009f1b  GrFontBaselineGet             
00009f45  GrFontHeightGet               
00009f6f  GrStringNextCharGet           
00009fc3  GrFontInfoGet                 
00009fe9  WidgetAdd                     
0000a00d  GrFontGlyphDataGet            
0000a02f  RectangularButtonMsgProc      
0000a051  RPSS_System_init              
0000a061  init_clock                    
0000a071  GrFontCodepageGet             
0000a091  UARTDisable                   
0000a0ad  WidgetPointerMessage          
0000a0c9  GPIOPinTypeGPIOOutput         
0000a0e1  main                          
0000a0f9  _args_main                    
0000a111  CanvasMsgProc                 
0000a125  UARTEnable                    
0000a139  WidgetMutexGet                
0000a14d  _register_unlock              
0000a153  _register_lock                
0000a15b  _nop                          
0000a161  ADCHardwareOversampleConfigure
0000a173  GPIOPinTypeUART               
0000a185  GrStringDraw                  
0000a197  TimerLoadSet                  
0000a1a9  ADCIntEnable                  
0000a1b9  ADCSequenceEnable             
0000a1c7  GrImageDraw                   
0000a1d5  TimerEnable                   
0000a1e3  __TI_decompress_none          
0000a1f1  UARTCharsAvail                
0000a1fd  __TI_zero_init                
0000a209  ResetISR                      
0000a215  UARTCharGet                   
0000a21f  UARTCharPut                   
0000a229  GrMapISO8859_1_Unicode        
0000a231  GPIOPinWrite                  
0000a237  GrContextFontSet              
0000a23d  SysCtlDelay                   
0000a243  WidgetMutexPut                
0000a249  __TI_decompress_rle24         
0000a24f  WidgetDefaultMsgProc          
0000a253  _system_pre_init              
0000a314  __TI_Handler_Table_Base       
0000a320  __TI_Handler_Table_Limit      
0000a328  __TI_CINIT_Base               
0000a338  __TI_CINIT_Limit              
20000000  __stack                       
20000400  __STACK_END                   
20000400  __STACK_TOP                   
20000540  sContext                      
2000059c  sRect                         
200005ac  g_plParmSet                   
200005b4  g_sTouchX                     
200005b6  g_sTouchY                     
200005b8  g_sPushBtn                    
20000608  g_sBackground                 
20000648  g_sHeading                    
20000688  g_sRoot                       
200006b5  state                         
200006b8  WriteData                     
200006bc  WriteCommand                  
200006c0  _lock                         
200006c4  _unlock                       
200006c8  __TI_cleanup_ptr              
200006cc  __TI_dtors_ptr                
200006d0  notTouched                    
200006d4  g_RedLedOn                    
200006d8  main_func_sp                  
200006dc  g_sTouchMin                   
ffffffff  __binit__                     
ffffffff  __c_args__                    
ffffffff  binit                         
UNDEFED   SHT$$INIT_ARRAY$$Base         
UNDEFED   SHT$$INIT_ARRAY$$Limit        

[142 symbols]
