******************************************************************************
                  TI ARM Linker PC v5.2.2                      
******************************************************************************
>> Linked Mon Jun 22 04:36:10 2015

OUTPUT FILE NAME:   <lab10.out>
ENTRY POINT SYMBOL: "_c_int00"  address: 0000af0d


MEMORY CONFIGURATION

         name            origin    length      used     unused   attr    fill
----------------------  --------  ---------  --------  --------  ----  --------
  FLASH                 00000000   00040000  0000b732  000348ce  R  X
  SRAM                  20000000   00008000  00000804  000077fc  RW X


SEGMENT ALLOCATION MAP

run origin  load origin   length   init length attrs members
----------  ----------- ---------- ----------- ----- -------
00000000    00000000    0000b738   0000b738    r-x
  00000000    00000000    0000026c   0000026c    r-- .intvecs
  0000026c    0000026c    00007644   00007644    r-- .const
  000078b0    000078b0    00003cd2   00003cd2    r-x .text
  0000b588    0000b588    000001b0   000001b0    r-- .cinit
20000000    20000000    00000804   00000000    rw-
  20000000    20000000    00000400   00000000    rw- .stack
  20000400    20000400    00000240   00000000    rw- .data
  20000640    20000640    000001c4   00000000    rw- .bss


SECTION ALLOCATION MAP

 output                                  attributes/
section   page    origin      length       input sections
--------  ----  ----------  ----------   ----------------
.intvecs   0    00000000    0000026c     
                  00000000    0000026c     tm4c123gh6pm_startup_ccs.obj (.intvecs)

.const     0    0000026c    00007644     
                  0000026c    00004a79     RPSS_display_driver.obj (.const:.string:alcoholPic)
                  00004ce5    00000003     --HOLE-- [fill = 0]
                  00004ce8    00001185     grlib.lib : fontcmss40b.obj (.const:.string:g_pui8Cmss40bData)
                  00005e6d    00000003     --HOLE-- [fill = 0]
                  00005e70    00000cb4               : fontcmss30b.obj (.const:.string:g_pui8Cmss30bData)
                  00006b24    0000091e               : fontcmss22b.obj (.const:.string:g_pui8Cmss22bData)
                  00007442    00000002     --HOLE-- [fill = 0]
                  00007444    000000c8               : fontcmss22b.obj (.const:g_sFontCmss22b)
                  0000750c    000000c8               : fontcmss30b.obj (.const:g_sFontCmss30b)
                  000075d4    000000c8               : fontcmss40b.obj (.const:g_sFontCmss40b)
                  0000769c    00000090     driverlib.lib : gpio.obj (.const:g_pui32GPIOBaseAddrs)
                  0000772c    00000070                   : interrupt.obj (.const)
                  0000779c    0000006c                   : sysctl.obj (.const:g_pui32Xtals)
                  00007808    00000038     RPSS_display_driver.obj (.const:.string)
                  00007840    00000038     touch.obj (.const:g_lTouchParameters)
                  00007878    00000028     Kentec320x240x16_ssd2119_8bit.obj (.const:g_sKentec320x240x16_SSD2119)
                  000078a0    00000010     grlib.lib : context.obj (.const)

.text      0    000078b0    00003cd2     
                  000078b0    00000d78     RPSS_display_driver.obj (.text)
                  00008628    00000988     Kentec320x240x16_ssd2119_8bit.obj (.text)
                  00008fb0    00000460     touch.obj (.text)
                  00009410    0000038c     grlib.lib : image.obj (.text:InternalImageDraw)
                  0000979c    000002ce               : image.obj (.text:PixelTransparentDraw)
                  00009a6a    00000002     --HOLE-- [fill = 0]
                  00009a6c    000002ac     RPSS_uart_driver.obj (.text)
                  00009d18    00000266     grlib.lib : string.obj (.text:GrFontGlyphRender)
                  00009f7e    0000016e               : pushbutton.obj (.text:RectangularButtonPaint)
                  0000a0ec    00000130     driverlib.lib : gpio.obj (.text:GPIOPadConfigSet)
                  0000a21c    00000118                   : sysctl.obj (.text:SysCtlClockGet)
                  0000a334    000000f0                   : sysctl.obj (.text:SysCtlClockSet)
                  0000a424    000000f0     grlib.lib : widget.obj (.text:WidgetMessageQueueAdd)
                  0000a514    000000ec               : pushbutton.obj (.text:RectangularButtonClick)
                  0000a600    000000da     RPSS_handler.obj (.text)
                  0000a6da    000000ca     grlib.lib : string.obj (.text:GrDefaultStringRenderer)
                  0000a7a4    000000b0               : widget.obj (.text:WidgetMessageSendPostOrder)
                  0000a854    0000009c     rtsv7M4_T_le_v4SPD16_eabi.lib : memcpy_t2.obj (.text)
                  0000a8f0    00000086     grlib.lib : rectangle.obj (.text:GrRectFill)
                  0000a976    00000080     driverlib.lib : adc.obj (.text:ADCSequenceStepConfigure)
                  0000a9f6    0000007a     rtsv7M4_T_le_v4SPD16_eabi.lib : memset_t2.obj (.text)
                  0000aa70    0000006c                                   : autoinit.obj (.text)
                  0000aadc    0000006a     grlib.lib : string.obj (.text:GrStringWidthGet)
                  0000ab46    0000006a     rtsv7M4_T_le_v4SPD16_eabi.lib : copy_decompress_rle.obj (.text)
                  0000abb0    00000066     grlib.lib : rectangle.obj (.text:GrRectDraw)
                  0000ac16    00000002     --HOLE-- [fill = 0]
                  0000ac18    00000064               : context.obj (.text:GrContextInit)
                  0000ac7c    00000064               : widget.obj (.text:WidgetMessageQueueProcess)
                  0000ace0    00000062               : context.obj (.text:GrContextClipRegionSet)
                  0000ad42    00000002     --HOLE-- [fill = 0]
                  0000ad44    00000060     driverlib.lib : interrupt.obj (.text:IntEnable)
                  0000ada4    0000005c     grlib.lib : string.obj (.text:FontWideGlyphDataGet)
                  0000ae00    0000005c     driverlib.lib : timer.obj (.text:TimerConfigure)
                  0000ae5c    00000058                   : timer.obj (.text:TimerControlTrigger)
                  0000aeb4    00000056     grlib.lib : widget.obj (.text:WidgetMessageSendPreOrder)
                  0000af0a    00000002     --HOLE-- [fill = 0]
                  0000af0c    00000050     rtsv7M4_T_le_v4SPD16_eabi.lib : boot.obj (.text)
                  0000af5c    0000004c     grlib.lib : widget.obj (.text:WidgetRemove)
                  0000afa8    0000004c     rtsv7M4_T_le_v4SPD16_eabi.lib : cpy_tbl.obj (.text)
                  0000aff4    0000004a     grlib.lib : string.obj (.text:UpdateContextCharMapping)
                  0000b03e    00000002     --HOLE-- [fill = 0]
                  0000b040    00000048     driverlib.lib : gpio.obj (.text:GPIOPinConfigure)
                  0000b088    00000046     grlib.lib : line.obj (.text:GrLineDrawH)
                  0000b0ce    00000046               : line.obj (.text:GrLineDrawV)
                  0000b114    00000044     rtsv7M4_T_le_v4SPD16_eabi.lib : exit.obj (.text)
                  0000b158    00000040     driverlib.lib : uart.obj (.text:UARTConfigSetExpClk)
                  0000b198    0000003e                   : adc.obj (.text:ADCSequenceConfigure)
                  0000b1d6    0000003a     grlib.lib : string.obj (.text:FontGlyphDataGet)
                  0000b210    00000034     driverlib.lib : sysctl.obj (.text:SysCtlPeripheralEnable)
                  0000b244    0000002a                   : gpio.obj (.text:GPIODirModeSet)
                  0000b26e    0000002a     grlib.lib : string.obj (.text:GrFontBaselineGet)
                  0000b298    0000002a               : string.obj (.text:GrStringNextCharGet)
                  0000b2c2    0000002a               : widget.obj (.text:WidgetIsInTree)
                  0000b2ec    00000026               : string.obj (.text:GrFontInfoGet)
                  0000b312    00000024               : widget.obj (.text:WidgetAdd)
                  0000b336    00000022               : string.obj (.text:GrFontGlyphDataGet)
                  0000b358    00000022               : pushbutton.obj (.text:RectangularButtonMsgProc)
                  0000b37a    00000002     --HOLE-- [fill = 0]
                  0000b37c    00000020     RPSS_System.obj (.text)
                  0000b39c    0000001e     grlib.lib : string.obj (.text:GrFontCodepageGet)
                  0000b3ba    00000002     --HOLE-- [fill = 0]
                  0000b3bc    0000001c     driverlib.lib : uart.obj (.text:UARTDisable)
                  0000b3d8    0000001c     grlib.lib : widget.obj (.text:WidgetPointerMessage)
                  0000b3f4    00000018     driverlib.lib : gpio.obj (.text:GPIOPinTypeGPIOOutput)
                  0000b40c    00000018     RPSS_main.obj (.text)
                  0000b424    00000018     rtsv7M4_T_le_v4SPD16_eabi.lib : args_main.obj (.text)
                  0000b43c    00000014     driverlib.lib : uart.obj (.text:UARTEnable)
                  0000b450    00000014     grlib.lib : widget.obj (.text:WidgetMutexGet)
                  0000b464    00000014     rtsv7M4_T_le_v4SPD16_eabi.lib : _lock.obj (.text)
                  0000b478    00000014                                   : strlen.obj (.text)
                  0000b48c    00000012     driverlib.lib : adc.obj (.text:ADCHardwareOversampleConfigure)
                  0000b49e    00000012                   : gpio.obj (.text:GPIOPinTypeUART)
                  0000b4b0    00000012     grlib.lib : string.obj (.text:GrStringDraw)
                  0000b4c2    00000012     driverlib.lib : timer.obj (.text:TimerLoadSet)
                  0000b4d4    00000010                   : adc.obj (.text:ADCIntEnable)
                  0000b4e4    0000000e                   : adc.obj (.text:ADCSequenceEnable)
                  0000b4f2    0000000e     grlib.lib : image.obj (.text:GrImageDraw)
                  0000b500    0000000e     driverlib.lib : timer.obj (.text:TimerEnable)
                  0000b50e    0000000e     rtsv7M4_T_le_v4SPD16_eabi.lib : copy_decompress_none.obj (.text:decompress:none)
                  0000b51c    0000000c     driverlib.lib : uart.obj (.text:UARTCharsAvail)
                  0000b528    0000000c     rtsv7M4_T_le_v4SPD16_eabi.lib : copy_zero_init.obj (.text:decompress:ZI)
                  0000b534    0000000c     tm4c123gh6pm_startup_ccs.obj (.text)
                  0000b540    0000000a     driverlib.lib : uart.obj (.text:UARTCharGet)
                  0000b54a    0000000a                   : uart.obj (.text:UARTCharPut)
                  0000b554    00000008     grlib.lib : charmap.obj (.text:GrMapISO8859_1_Unicode)
                  0000b55c    00000006     driverlib.lib : gpio.obj (.text:GPIOPinWrite)
                  0000b562    00000006     grlib.lib : string.obj (.text:GrContextFontSet)
                  0000b568    00000006     driverlib.lib : sysctl.obj (.text:SysCtlDelay)
                  0000b56e    00000006     grlib.lib : widget.obj (.text:WidgetMutexPut)
                  0000b574    00000006     rtsv7M4_T_le_v4SPD16_eabi.lib : copy_decompress_rle.obj (.text:decompress:rle24)
                  0000b57a    00000004     grlib.lib : widget.obj (.text:WidgetDefaultMsgProc)
                  0000b57e    00000004     rtsv7M4_T_le_v4SPD16_eabi.lib : pre_init.obj (.text)

.cinit     0    0000b588    000001b0     
                  0000b588    0000018c     (.cinit..data.load) [load image, compression = rle]
                  0000b714    0000000c     (__TI_handler_table)
                  0000b720    00000008     (.cinit..bss.load) [load image, compression = zero_init]
                  0000b728    00000010     (__TI_cinit_table)

.init_array 
*          0    00000000    00000000     UNINITIALIZED

.stack     0    20000000    00000400     UNINITIALIZED
                  20000000    00000400     --HOLE--

.data      0    20000400    00000240     UNINITIALIZED
                  20000400    00000050     RPSS_display_driver.obj (.data:ID_button_1)
                  20000450    00000050     RPSS_display_driver.obj (.data:ID_button_2)
                  200004a0    00000050     RPSS_display_driver.obj (.data:ID_button_3)
                  200004f0    00000050     RPSS_display_driver.obj (.data:ID_button_4)
                  20000540    00000050     RPSS_display_driver.obj (.data:ID_enter_button)
                  20000590    00000050     RPSS_display_driver.obj (.data:g_sPushBtn)
                  200005e0    0000002d     grlib.lib : widget.obj (.data)
                  2000060d    00000001     RPSS_main.obj (.data)
                  2000060e    00000002     --HOLE--
                  20000610    0000000d     RPSS_display_driver.obj (.data)
                  2000061d    00000003     --HOLE--
                  20000620    00000008     Kentec320x240x16_ssd2119_8bit.obj (.data)
                  20000628    00000008     rtsv7M4_T_le_v4SPD16_eabi.lib : _lock.obj (.data)
                  20000630    00000008                                   : exit.obj (.data)
                  20000638    00000004                                   : stkdepth_vars.obj (.data)
                  2000063c    00000004     touch.obj (.data)

.bss       0    20000640    000001c4     UNINITIALIZED
                  20000640    00000140     grlib.lib : widget.obj (.bss:g_psMQ)
                  20000780    0000002c     RPSS_display_driver.obj (.bss:sContext)
                  200007ac    00000020     grlib.lib : image.obj (.bss)
                  200007cc    00000010     (.common:g_psSamples)
                  200007dc    0000000c     (.common:ID)
                  200007e8    00000008     (.common:sRect)
                  200007f0    00000004               : context.obj (.bss)
                  200007f4    00000004     (.common:g_pfnTSHandler)
                  200007f8    00000004     (.common:g_plParmSet)
                  200007fc    00000004     (.common:g_ulTSState)
                  20000800    00000002     (.common:g_sTouchX)
                  20000802    00000002     (.common:g_sTouchY)

.TI.persistent 
*          0    20000400    00000000     UNINITIALIZED

.TI.noinit 
*          0    20000640    00000000     UNINITIALIZED


LINKER GENERATED COPY TABLES

__TI_cinit_table @ 0000b728 records: 2, size/record: 8, table size: 16
	.data: load addr=0000b588, load size=0000018c bytes, run addr=20000400, run size=00000240 bytes, compression=rle
	.bss: load addr=0000b720, load size=00000008 bytes, run addr=20000640, run size=000001c4 bytes, compression=zero_init


LINKER GENERATED HANDLER TABLE

__TI_handler_table @ 0000b714 records: 3, size/record: 4, table size: 12
	index: 0, handler: __TI_decompress_rle24
	index: 1, handler: __TI_decompress_none
	index: 2, handler: __TI_zero_init


GLOBAL SYMBOLS: SORTED ALPHABETICALLY BY Name 

address   name                          
-------   ----                          
0000b48d  ADCHardwareOversampleConfigure
0000b4d5  ADCIntEnable                  
0000b199  ADCSequenceConfigure          
0000b4e5  ADCSequenceEnable             
0000a977  ADCSequenceStepConfigure      
0000b115  C$$EXIT                       
0000b245  GPIODirModeSet                
0000a0ed  GPIOPadConfigSet              
0000b041  GPIOPinConfigure              
0000b3f5  GPIOPinTypeGPIOOutput         
0000b49f  GPIOPinTypeUART               
0000b55d  GPIOPinWrite                  
0000ace1  GrContextClipRegionSet        
0000b563  GrContextFontSet              
0000ac19  GrContextInit                 
0000a6db  GrDefaultStringRenderer       
0000b26f  GrFontBaselineGet             
0000b39d  GrFontCodepageGet             
0000b337  GrFontGlyphDataGet            
00009d19  GrFontGlyphRender             
0000b2ed  GrFontInfoGet                 
0000b4f3  GrImageDraw                   
0000b089  GrLineDrawH                   
0000b0cf  GrLineDrawV                   
0000b555  GrMapISO8859_1_Unicode        
0000abb1  GrRectDraw                    
0000a8f1  GrRectFill                    
0000b4b1  GrStringDraw                  
0000b299  GrStringNextCharGet           
0000aadd  GrStringWidthGet              
200007dc  ID                            
20000614  IDNotSent                     
20000400  ID_button_1                   
20000450  ID_button_2                   
200004a0  ID_button_3                   
200004f0  ID_button_4                   
20000540  ID_enter_button               
20000618  ID_place_in_array             
0000ad45  IntEnable                     
000087dd  Kentec320x240x16_SSD2119Init  
00008643  LED_OFF                       
00008629  LED_ON                        
0000a601  RPSS_Handler                  
0000b37d  RPSS_System_init              
0000b359  RectangularButtonMsgProc      
0000b535  ResetISR                      
UNDEFED   SHT$$INIT_ARRAY$$Base         
UNDEFED   SHT$$INIT_ARRAY$$Limit        
0000a21d  SysCtlClockGet                
0000a335  SysCtlClockSet                
0000b569  SysCtlDelay                   
0000b211  SysCtlPeripheralEnable        
0000ae01  TimerConfigure                
0000ae5d  TimerControlTrigger           
0000b501  TimerEnable                   
0000b4c3  TimerLoadSet                  
000093a5  TouchScreenCallbackSet        
000092d9  TouchScreenInit               
000091a3  TouchScreenIntHandler         
0000b541  UARTCharGet                   
0000b54b  UARTCharPut                   
0000b51d  UARTCharsAvail                
0000b159  UARTConfigSetExpClk           
0000b3bd  UARTDisable                   
0000b43d  UARTEnable                    
0000b313  WidgetAdd                     
0000b57b  WidgetDefaultMsgProc          
0000a425  WidgetMessageQueueAdd         
0000ac7d  WidgetMessageQueueProcess     
0000a7a5  WidgetMessageSendPostOrder    
0000aeb5  WidgetMessageSendPreOrder     
0000b451  WidgetMutexGet                
0000b56f  WidgetMutexPut                
0000b3d9  WidgetPointerMessage          
0000af5d  WidgetRemove                  
20000624  WriteCommand                  
20000620  WriteData                     
20000400  __STACK_END                   
00000400  __STACK_SIZE                  
20000400  __STACK_TOP                   
0000b728  __TI_CINIT_Base               
0000b738  __TI_CINIT_Limit              
0000b714  __TI_Handler_Table_Base       
0000b720  __TI_Handler_Table_Limit      
0000aa71  __TI_auto_init                
20000630  __TI_cleanup_ptr              
0000b50f  __TI_decompress_none          
0000b575  __TI_decompress_rle24         
20000634  __TI_dtors_ptr                
00000000  __TI_static_base__            
0000b529  __TI_zero_init                
0000a9f7  __aeabi_memclr                
0000a9f7  __aeabi_memclr4               
0000a9f7  __aeabi_memclr8               
0000a855  __aeabi_memcpy                
0000a855  __aeabi_memcpy4               
0000a855  __aeabi_memcpy8               
0000a9f9  __aeabi_memset                
0000a9f9  __aeabi_memset4               
0000a9f9  __aeabi_memset8               
ffffffff  __binit__                     
ffffffff  __c_args__                    
20000000  __stack                       
0000b425  _args_main                    
0000af0d  _c_int00                      
20000628  _lock                         
0000b473  _nop                          
0000b46b  _register_lock                
0000b465  _register_unlock              
0000b57f  _system_pre_init              
2000062c  _unlock                       
0000b119  abort                         
0000026c  alcoholPic                    
ffffffff  binit                         
0000afa9  copy_in                       
00007f2b  display_database_check        
00008395  display_error_state           
0000846b  display_failed_to_get_breath  
00007add  display_get_ID                
00007b45  display_intro                 
000082b5  display_maintenance_mode      
00007c4d  display_outro                 
0000818b  display_registration          
00008063  display_release_items         
00007d21  display_waiting_time          
00007e21  display_welcome               
0000b121  exit                          
2000061c  g_RedLedOn                    
00007840  g_lTouchParameters            
00000000  g_pfnVectors                  
200007f8  g_plParmSet                   
000078a0  g_psDefaultCodePointMapTable  
00007444  g_sFontCmss22b                
0000750c  g_sFontCmss30b                
000075d4  g_sFontCmss40b                
00007878  g_sKentec320x240x16_SSD2119   
20000590  g_sPushBtn                    
200005e0  g_sRoot                       
2000063c  g_sTouchMin                   
20000800  g_sTouchX                     
20000802  g_sTouchY                     
0000b38d  init_clock                    
000078b1  init_display                  
00009a6d  init_uart                     
0000b40d  main                          
20000638  main_func_sp                  
0000a855  memcpy                        
0000a9ff  memset                        
20000610  notTouched                    
20000780  sContext                      
200007e8  sRect                         
00009ca3  send_id                       
2000060d  state                         
0000b479  strlen                        
00009c79  uart_transceiver              
00009aa7  update_peripheral_controller  
00007ad5  wait_for_touch                


GLOBAL SYMBOLS: SORTED BY Symbol Address 

address   name                          
-------   ----                          
00000000  __TI_static_base__            
00000000  g_pfnVectors                  
0000026c  alcoholPic                    
00000400  __STACK_SIZE                  
00007444  g_sFontCmss22b                
0000750c  g_sFontCmss30b                
000075d4  g_sFontCmss40b                
00007840  g_lTouchParameters            
00007878  g_sKentec320x240x16_SSD2119   
000078a0  g_psDefaultCodePointMapTable  
000078b1  init_display                  
00007ad5  wait_for_touch                
00007add  display_get_ID                
00007b45  display_intro                 
00007c4d  display_outro                 
00007d21  display_waiting_time          
00007e21  display_welcome               
00007f2b  display_database_check        
00008063  display_release_items         
0000818b  display_registration          
000082b5  display_maintenance_mode      
00008395  display_error_state           
0000846b  display_failed_to_get_breath  
00008629  LED_ON                        
00008643  LED_OFF                       
000087dd  Kentec320x240x16_SSD2119Init  
000091a3  TouchScreenIntHandler         
000092d9  TouchScreenInit               
000093a5  TouchScreenCallbackSet        
00009a6d  init_uart                     
00009aa7  update_peripheral_controller  
00009c79  uart_transceiver              
00009ca3  send_id                       
00009d19  GrFontGlyphRender             
0000a0ed  GPIOPadConfigSet              
0000a21d  SysCtlClockGet                
0000a335  SysCtlClockSet                
0000a425  WidgetMessageQueueAdd         
0000a601  RPSS_Handler                  
0000a6db  GrDefaultStringRenderer       
0000a7a5  WidgetMessageSendPostOrder    
0000a855  __aeabi_memcpy                
0000a855  __aeabi_memcpy4               
0000a855  __aeabi_memcpy8               
0000a855  memcpy                        
0000a8f1  GrRectFill                    
0000a977  ADCSequenceStepConfigure      
0000a9f7  __aeabi_memclr                
0000a9f7  __aeabi_memclr4               
0000a9f7  __aeabi_memclr8               
0000a9f9  __aeabi_memset                
0000a9f9  __aeabi_memset4               
0000a9f9  __aeabi_memset8               
0000a9ff  memset                        
0000aa71  __TI_auto_init                
0000aadd  GrStringWidthGet              
0000abb1  GrRectDraw                    
0000ac19  GrContextInit                 
0000ac7d  WidgetMessageQueueProcess     
0000ace1  GrContextClipRegionSet        
0000ad45  IntEnable                     
0000ae01  TimerConfigure                
0000ae5d  TimerControlTrigger           
0000aeb5  WidgetMessageSendPreOrder     
0000af0d  _c_int00                      
0000af5d  WidgetRemove                  
0000afa9  copy_in                       
0000b041  GPIOPinConfigure              
0000b089  GrLineDrawH                   
0000b0cf  GrLineDrawV                   
0000b115  C$$EXIT                       
0000b119  abort                         
0000b121  exit                          
0000b159  UARTConfigSetExpClk           
0000b199  ADCSequenceConfigure          
0000b211  SysCtlPeripheralEnable        
0000b245  GPIODirModeSet                
0000b26f  GrFontBaselineGet             
0000b299  GrStringNextCharGet           
0000b2ed  GrFontInfoGet                 
0000b313  WidgetAdd                     
0000b337  GrFontGlyphDataGet            
0000b359  RectangularButtonMsgProc      
0000b37d  RPSS_System_init              
0000b38d  init_clock                    
0000b39d  GrFontCodepageGet             
0000b3bd  UARTDisable                   
0000b3d9  WidgetPointerMessage          
0000b3f5  GPIOPinTypeGPIOOutput         
0000b40d  main                          
0000b425  _args_main                    
0000b43d  UARTEnable                    
0000b451  WidgetMutexGet                
0000b465  _register_unlock              
0000b46b  _register_lock                
0000b473  _nop                          
0000b479  strlen                        
0000b48d  ADCHardwareOversampleConfigure
0000b49f  GPIOPinTypeUART               
0000b4b1  GrStringDraw                  
0000b4c3  TimerLoadSet                  
0000b4d5  ADCIntEnable                  
0000b4e5  ADCSequenceEnable             
0000b4f3  GrImageDraw                   
0000b501  TimerEnable                   
0000b50f  __TI_decompress_none          
0000b51d  UARTCharsAvail                
0000b529  __TI_zero_init                
0000b535  ResetISR                      
0000b541  UARTCharGet                   
0000b54b  UARTCharPut                   
0000b555  GrMapISO8859_1_Unicode        
0000b55d  GPIOPinWrite                  
0000b563  GrContextFontSet              
0000b569  SysCtlDelay                   
0000b56f  WidgetMutexPut                
0000b575  __TI_decompress_rle24         
0000b57b  WidgetDefaultMsgProc          
0000b57f  _system_pre_init              
0000b714  __TI_Handler_Table_Base       
0000b720  __TI_Handler_Table_Limit      
0000b728  __TI_CINIT_Base               
0000b738  __TI_CINIT_Limit              
20000000  __stack                       
20000400  ID_button_1                   
20000400  __STACK_END                   
20000400  __STACK_TOP                   
20000450  ID_button_2                   
200004a0  ID_button_3                   
200004f0  ID_button_4                   
20000540  ID_enter_button               
20000590  g_sPushBtn                    
200005e0  g_sRoot                       
2000060d  state                         
20000610  notTouched                    
20000614  IDNotSent                     
20000618  ID_place_in_array             
2000061c  g_RedLedOn                    
20000620  WriteData                     
20000624  WriteCommand                  
20000628  _lock                         
2000062c  _unlock                       
20000630  __TI_cleanup_ptr              
20000634  __TI_dtors_ptr                
20000638  main_func_sp                  
2000063c  g_sTouchMin                   
20000780  sContext                      
200007dc  ID                            
200007e8  sRect                         
200007f8  g_plParmSet                   
20000800  g_sTouchX                     
20000802  g_sTouchY                     
ffffffff  __binit__                     
ffffffff  __c_args__                    
ffffffff  binit                         
UNDEFED   SHT$$INIT_ARRAY$$Base         
UNDEFED   SHT$$INIT_ARRAY$$Limit        

[157 symbols]
