******************************************************************************
                  TI ARM Linker PC v5.2.2                      
******************************************************************************
>> Linked Wed May 20 00:01:27 2015

OUTPUT FILE NAME:   <lab10.out>
ENTRY POINT SYMBOL: "_c_int00"  address: 0000acb1


MEMORY CONFIGURATION

         name            origin    length      used     unused   attr    fill
----------------------  --------  ---------  --------  --------  ----  --------
  FLASH                 00000000   00040000  0000b34e  00034cb2  R  X
  SRAM                  20000000   00008000  00000660  000079a0  RW X


SEGMENT ALLOCATION MAP

run origin  load origin   length   init length attrs members
----------  ----------- ---------- ----------- ----- -------
00000000    00000000    0000b350   0000b350    r-x
  00000000    00000000    0000026c   0000026c    r-- .intvecs
  0000026c    0000026c    0000761c   0000761c    r-- .const
  00007888    00007888    00003a3e   00003a3e    r-x .text
  0000b2c8    0000b2c8    00000088   00000088    r-- .cinit
20000000    20000000    00000660   00000000    rw-
  20000000    20000000    00000400   00000000    rw- .stack
  20000400    20000400    000001b8   00000000    rw- .bss
  200005b8    200005b8    000000a8   00000000    rw- .data


SECTION ALLOCATION MAP

 output                                  attributes/
section   page    origin      length       input sections
--------  ----  ----------  ----------   ----------------
.intvecs   0    00000000    0000026c     
                  00000000    0000026c     tm4c123gh6pm_startup_ccs.obj (.intvecs)

.const     0    0000026c    0000761c     
                  0000026c    00004a79     RPSS_display_driver.obj (.const:.string:alcoholPic)
                  00004ce5    00000003     --HOLE-- [fill = 0]
                  00004ce8    00001185     grlib.lib : fontcmss40b.obj (.const:.string:g_pui8Cmss40bData)
                  00005e6d    00000003     --HOLE-- [fill = 0]
                  00005e70    00000cb4               : fontcmss30b.obj (.const:.string:g_pui8Cmss30bData)
                  00006b24    0000091e               : fontcmss22b.obj (.const:.string:g_pui8Cmss22bData)
                  00007442    00000002     --HOLE-- [fill = 0]
                  00007444    000000c8               : fontcmss22b.obj (.const:g_sFontCmss22b)
                  0000750c    000000c8               : fontcmss30b.obj (.const:g_sFontCmss30b)
                  000075d4    000000c8               : fontcmss40b.obj (.const:g_sFontCmss40b)
                  0000769c    00000090     driverlib.lib : gpio.obj (.const:g_pui32GPIOBaseAddrs)
                  0000772c    00000070                   : interrupt.obj (.const)
                  0000779c    0000006c                   : sysctl.obj (.const:g_pui32Xtals)
                  00007808    00000038     touch.obj (.const:g_lTouchParameters)
                  00007840    00000028     Kentec320x240x16_ssd2119_8bit.obj (.const:g_sKentec320x240x16_SSD2119)
                  00007868    00000010     RPSS_display_driver.obj (.const:.string)
                  00007878    00000010     grlib.lib : context.obj (.const)

.text      0    00007888    00003a3e     
                  00007888    00000ba8     RPSS_display_driver.obj (.text)
                  00008430    00000988     Kentec320x240x16_ssd2119_8bit.obj (.text)
                  00008db8    00000460     touch.obj (.text)
                  00009218    0000038c     grlib.lib : image.obj (.text:InternalImageDraw)
                  000095a4    000002ce               : image.obj (.text:PixelTransparentDraw)
                  00009872    00000266               : string.obj (.text:GrFontGlyphRender)
                  00009ad8    00000244     RPSS_uart_driver.obj (.text)
                  00009d1c    0000016e     grlib.lib : pushbutton.obj (.text:RectangularButtonPaint)
                  00009e8a    00000130     driverlib.lib : gpio.obj (.text:GPIOPadConfigSet)
                  00009fba    00000002     --HOLE-- [fill = 0]
                  00009fbc    00000118                   : sysctl.obj (.text:SysCtlClockGet)
                  0000a0d4    000000f0                   : sysctl.obj (.text:SysCtlClockSet)
                  0000a1c4    000000f0     grlib.lib : widget.obj (.text:WidgetMessageQueueAdd)
                  0000a2b4    000000ec               : pushbutton.obj (.text:RectangularButtonClick)
                  0000a3a0    000000de     RPSS_handler.obj (.text)
                  0000a47e    000000ca     grlib.lib : string.obj (.text:GrDefaultStringRenderer)
                  0000a548    000000b0               : widget.obj (.text:WidgetMessageSendPostOrder)
                  0000a5f8    0000009c     rtsv7M4_T_le_v4SPD16_eabi.lib : memcpy_t2.obj (.text)
                  0000a694    00000086     grlib.lib : rectangle.obj (.text:GrRectFill)
                  0000a71a    00000080     driverlib.lib : adc.obj (.text:ADCSequenceStepConfigure)
                  0000a79a    0000007a     rtsv7M4_T_le_v4SPD16_eabi.lib : memset_t2.obj (.text)
                  0000a814    0000006c                                   : autoinit.obj (.text)
                  0000a880    0000006a     grlib.lib : string.obj (.text:GrStringWidthGet)
                  0000a8ea    0000006a     rtsv7M4_T_le_v4SPD16_eabi.lib : copy_decompress_rle.obj (.text)
                  0000a954    00000066     grlib.lib : rectangle.obj (.text:GrRectDraw)
                  0000a9ba    00000002     --HOLE-- [fill = 0]
                  0000a9bc    00000064               : context.obj (.text:GrContextInit)
                  0000aa20    00000064               : widget.obj (.text:WidgetMessageQueueProcess)
                  0000aa84    00000062               : context.obj (.text:GrContextClipRegionSet)
                  0000aae6    00000002     --HOLE-- [fill = 0]
                  0000aae8    00000060     driverlib.lib : interrupt.obj (.text:IntEnable)
                  0000ab48    0000005c     grlib.lib : string.obj (.text:FontWideGlyphDataGet)
                  0000aba4    0000005c     driverlib.lib : timer.obj (.text:TimerConfigure)
                  0000ac00    00000058                   : timer.obj (.text:TimerControlTrigger)
                  0000ac58    00000056     grlib.lib : widget.obj (.text:WidgetMessageSendPreOrder)
                  0000acae    00000002     --HOLE-- [fill = 0]
                  0000acb0    00000050     rtsv7M4_T_le_v4SPD16_eabi.lib : boot.obj (.text)
                  0000ad00    0000004c                                   : cpy_tbl.obj (.text)
                  0000ad4c    0000004a     grlib.lib : string.obj (.text:UpdateContextCharMapping)
                  0000ad96    00000002     --HOLE-- [fill = 0]
                  0000ad98    00000048     driverlib.lib : gpio.obj (.text:GPIOPinConfigure)
                  0000ade0    00000046     grlib.lib : line.obj (.text:GrLineDrawH)
                  0000ae26    00000046               : line.obj (.text:GrLineDrawV)
                  0000ae6c    00000044     rtsv7M4_T_le_v4SPD16_eabi.lib : exit.obj (.text)
                  0000aeb0    00000040     driverlib.lib : uart.obj (.text:UARTConfigSetExpClk)
                  0000aef0    0000003e                   : adc.obj (.text:ADCSequenceConfigure)
                  0000af2e    0000003a     grlib.lib : string.obj (.text:FontGlyphDataGet)
                  0000af68    00000034     driverlib.lib : sysctl.obj (.text:SysCtlPeripheralEnable)
                  0000af9c    0000002a                   : gpio.obj (.text:GPIODirModeSet)
                  0000afc6    0000002a     grlib.lib : string.obj (.text:GrFontBaselineGet)
                  0000aff0    0000002a               : string.obj (.text:GrStringNextCharGet)
                  0000b01a    0000002a               : widget.obj (.text:WidgetIsInTree)
                  0000b044    00000026               : string.obj (.text:GrFontInfoGet)
                  0000b06a    00000024               : widget.obj (.text:WidgetAdd)
                  0000b08e    00000022               : string.obj (.text:GrFontGlyphDataGet)
                  0000b0b0    00000022               : pushbutton.obj (.text:RectangularButtonMsgProc)
                  0000b0d2    00000002     --HOLE-- [fill = 0]
                  0000b0d4    00000020     RPSS_System.obj (.text)
                  0000b0f4    0000001e     grlib.lib : string.obj (.text:GrFontCodepageGet)
                  0000b112    00000002     --HOLE-- [fill = 0]
                  0000b114    0000001c     driverlib.lib : uart.obj (.text:UARTDisable)
                  0000b130    0000001c     grlib.lib : widget.obj (.text:WidgetPointerMessage)
                  0000b14c    00000018     driverlib.lib : gpio.obj (.text:GPIOPinTypeGPIOOutput)
                  0000b164    00000018     RPSS_main.obj (.text)
                  0000b17c    00000018     rtsv7M4_T_le_v4SPD16_eabi.lib : args_main.obj (.text)
                  0000b194    00000014     driverlib.lib : uart.obj (.text:UARTEnable)
                  0000b1a8    00000014     grlib.lib : widget.obj (.text:WidgetMutexGet)
                  0000b1bc    00000014     rtsv7M4_T_le_v4SPD16_eabi.lib : _lock.obj (.text)
                  0000b1d0    00000012     driverlib.lib : adc.obj (.text:ADCHardwareOversampleConfigure)
                  0000b1e2    00000012                   : gpio.obj (.text:GPIOPinTypeUART)
                  0000b1f4    00000012     grlib.lib : string.obj (.text:GrStringDraw)
                  0000b206    00000012     driverlib.lib : timer.obj (.text:TimerLoadSet)
                  0000b218    00000010                   : adc.obj (.text:ADCIntEnable)
                  0000b228    0000000e                   : adc.obj (.text:ADCSequenceEnable)
                  0000b236    0000000e     grlib.lib : image.obj (.text:GrImageDraw)
                  0000b244    0000000e     driverlib.lib : timer.obj (.text:TimerEnable)
                  0000b252    0000000e     rtsv7M4_T_le_v4SPD16_eabi.lib : copy_decompress_none.obj (.text:decompress:none)
                  0000b260    0000000c     driverlib.lib : uart.obj (.text:UARTCharsAvail)
                  0000b26c    0000000c     rtsv7M4_T_le_v4SPD16_eabi.lib : copy_zero_init.obj (.text:decompress:ZI)
                  0000b278    0000000c     tm4c123gh6pm_startup_ccs.obj (.text)
                  0000b284    0000000a     driverlib.lib : uart.obj (.text:UARTCharGet)
                  0000b28e    0000000a                   : uart.obj (.text:UARTCharPut)
                  0000b298    00000008     grlib.lib : charmap.obj (.text:GrMapISO8859_1_Unicode)
                  0000b2a0    00000006     driverlib.lib : gpio.obj (.text:GPIOPinWrite)
                  0000b2a6    00000006     grlib.lib : string.obj (.text:GrContextFontSet)
                  0000b2ac    00000006     driverlib.lib : sysctl.obj (.text:SysCtlDelay)
                  0000b2b2    00000006     grlib.lib : widget.obj (.text:WidgetMutexPut)
                  0000b2b8    00000006     rtsv7M4_T_le_v4SPD16_eabi.lib : copy_decompress_rle.obj (.text:decompress:rle24)
                  0000b2be    00000004     grlib.lib : widget.obj (.text:WidgetDefaultMsgProc)
                  0000b2c2    00000004     rtsv7M4_T_le_v4SPD16_eabi.lib : pre_init.obj (.text)

.cinit     0    0000b2c8    00000088     
                  0000b2c8    00000061     (.cinit..data.load) [load image, compression = rle]
                  0000b329    00000003     --HOLE-- [fill = 0]
                  0000b32c    0000000c     (__TI_handler_table)
                  0000b338    00000008     (.cinit..bss.load) [load image, compression = zero_init]
                  0000b340    00000010     (__TI_cinit_table)

.init_array 
*          0    00000000    00000000     UNINITIALIZED

.stack     0    20000000    00000400     UNINITIALIZED
                  20000000    00000400     --HOLE--

.bss       0    20000400    000001b8     UNINITIALIZED
                  20000400    00000140     grlib.lib : widget.obj (.bss:g_psMQ)
                  20000540    0000002c     RPSS_display_driver.obj (.bss:sContext)
                  2000056c    00000020     grlib.lib : image.obj (.bss)
                  2000058c    00000010     (.common:g_psSamples)
                  2000059c    00000008     (.common:sRect)
                  200005a4    00000004               : context.obj (.bss)
                  200005a8    00000004     (.common:g_pfnTSHandler)
                  200005ac    00000004     (.common:g_plParmSet)
                  200005b0    00000004     (.common:g_ulTSState)
                  200005b4    00000002     (.common:g_sTouchX)
                  200005b6    00000002     (.common:g_sTouchY)

.TI.noinit 
*          0    20000400    00000000     UNINITIALIZED

.data      0    200005b8    000000a8     UNINITIALIZED
                  200005b8    00000050     RPSS_display_driver.obj (.data:g_sPushBtn)
                  20000608    0000002d     grlib.lib : widget.obj (.data)
                  20000635    00000001     RPSS_main.obj (.data)
                  20000636    00000002     --HOLE--
                  20000638    00000008     Kentec320x240x16_ssd2119_8bit.obj (.data)
                  20000640    00000008     rtsv7M4_T_le_v4SPD16_eabi.lib : _lock.obj (.data)
                  20000648    00000008                                   : exit.obj (.data)
                  20000650    00000005     RPSS_display_driver.obj (.data)
                  20000655    00000003     --HOLE--
                  20000658    00000004     rtsv7M4_T_le_v4SPD16_eabi.lib : stkdepth_vars.obj (.data)
                  2000065c    00000004     touch.obj (.data)

.TI.persistent 
*          0    200005b8    00000000     UNINITIALIZED


LINKER GENERATED COPY TABLES

__TI_cinit_table @ 0000b340 records: 2, size/record: 8, table size: 16
	.data: load addr=0000b2c8, load size=00000061 bytes, run addr=200005b8, run size=000000a8 bytes, compression=rle
	.bss: load addr=0000b338, load size=00000008 bytes, run addr=20000400, run size=000001b8 bytes, compression=zero_init


LINKER GENERATED HANDLER TABLE

__TI_handler_table @ 0000b32c records: 3, size/record: 4, table size: 12
	index: 0, handler: __TI_decompress_rle24
	index: 1, handler: __TI_decompress_none
	index: 2, handler: __TI_zero_init


GLOBAL SYMBOLS: SORTED ALPHABETICALLY BY Name 

address   name                          
-------   ----                          
0000b1d1  ADCHardwareOversampleConfigure
0000b219  ADCIntEnable                  
0000aef1  ADCSequenceConfigure          
0000b229  ADCSequenceEnable             
0000a71b  ADCSequenceStepConfigure      
0000ae6d  C$$EXIT                       
0000af9d  GPIODirModeSet                
00009e8b  GPIOPadConfigSet              
0000ad99  GPIOPinConfigure              
0000b14d  GPIOPinTypeGPIOOutput         
0000b1e3  GPIOPinTypeUART               
0000b2a1  GPIOPinWrite                  
0000aa85  GrContextClipRegionSet        
0000b2a7  GrContextFontSet              
0000a9bd  GrContextInit                 
0000a47f  GrDefaultStringRenderer       
0000afc7  GrFontBaselineGet             
0000b0f5  GrFontCodepageGet             
0000b08f  GrFontGlyphDataGet            
00009873  GrFontGlyphRender             
0000b045  GrFontInfoGet                 
0000b237  GrImageDraw                   
0000ade1  GrLineDrawH                   
0000ae27  GrLineDrawV                   
0000b299  GrMapISO8859_1_Unicode        
0000a955  GrRectDraw                    
0000a695  GrRectFill                    
0000b1f5  GrStringDraw                  
0000aff1  GrStringNextCharGet           
0000a881  GrStringWidthGet              
0000aae9  IntEnable                     
000085e5  Kentec320x240x16_SSD2119Init  
0000844b  LED_OFF                       
00008431  LED_ON                        
0000a3a1  RPSS_Handler                  
0000b0d5  RPSS_System_init              
0000b0b1  RectangularButtonMsgProc      
0000b279  ResetISR                      
UNDEFED   SHT$$INIT_ARRAY$$Base         
UNDEFED   SHT$$INIT_ARRAY$$Limit        
00009fbd  SysCtlClockGet                
0000a0d5  SysCtlClockSet                
0000b2ad  SysCtlDelay                   
0000af69  SysCtlPeripheralEnable        
0000aba5  TimerConfigure                
0000ac01  TimerControlTrigger           
0000b245  TimerEnable                   
0000b207  TimerLoadSet                  
000091ad  TouchScreenCallbackSet        
000090e1  TouchScreenInit               
00008fab  TouchScreenIntHandler         
0000b285  UARTCharGet                   
0000b28f  UARTCharPut                   
0000b261  UARTCharsAvail                
0000aeb1  UARTConfigSetExpClk           
0000b115  UARTDisable                   
0000b195  UARTEnable                    
0000b06b  WidgetAdd                     
0000b2bf  WidgetDefaultMsgProc          
0000a1c5  WidgetMessageQueueAdd         
0000aa21  WidgetMessageQueueProcess     
0000a549  WidgetMessageSendPostOrder    
0000ac59  WidgetMessageSendPreOrder     
0000b1a9  WidgetMutexGet                
0000b2b3  WidgetMutexPut                
0000b131  WidgetPointerMessage          
2000063c  WriteCommand                  
20000638  WriteData                     
20000400  __STACK_END                   
00000400  __STACK_SIZE                  
20000400  __STACK_TOP                   
0000b340  __TI_CINIT_Base               
0000b350  __TI_CINIT_Limit              
0000b32c  __TI_Handler_Table_Base       
0000b338  __TI_Handler_Table_Limit      
0000a815  __TI_auto_init                
20000648  __TI_cleanup_ptr              
0000b253  __TI_decompress_none          
0000b2b9  __TI_decompress_rle24         
2000064c  __TI_dtors_ptr                
00000000  __TI_static_base__            
0000b26d  __TI_zero_init                
0000a79b  __aeabi_memclr                
0000a79b  __aeabi_memclr4               
0000a79b  __aeabi_memclr8               
0000a5f9  __aeabi_memcpy                
0000a5f9  __aeabi_memcpy4               
0000a5f9  __aeabi_memcpy8               
0000a79d  __aeabi_memset                
0000a79d  __aeabi_memset4               
0000a79d  __aeabi_memset8               
ffffffff  __binit__                     
ffffffff  __c_args__                    
20000000  __stack                       
0000b17d  _args_main                    
0000acb1  _c_int00                      
20000640  _lock                         
0000b1cb  _nop                          
0000b1c3  _register_lock                
0000b1bd  _register_unlock              
0000b2c3  _system_pre_init              
20000644  _unlock                       
0000ae71  abort                         
0000026c  alcoholPic                    
ffffffff  binit                         
0000ad01  copy_in                       
00007d33  display_database_check        
000081a1  display_error_state           
0000827f  display_failed_to_get_breath  
00007941  display_intro                 
000080bd  display_maintenance_mode      
00007a3d  display_outro                 
00007f93  display_registration          
00007e73  display_release_items         
00007b35  display_waiting_time          
00007c39  display_welcome               
0000ae79  exit                          
20000654  g_RedLedOn                    
00007808  g_lTouchParameters            
00000000  g_pfnVectors                  
200005ac  g_plParmSet                   
00007878  g_psDefaultCodePointMapTable  
00007444  g_sFontCmss22b                
0000750c  g_sFontCmss30b                
000075d4  g_sFontCmss40b                
00007840  g_sKentec320x240x16_SSD2119   
200005b8  g_sPushBtn                    
20000608  g_sRoot                       
2000065c  g_sTouchMin                   
200005b4  g_sTouchX                     
200005b6  g_sTouchY                     
0000b0e5  init_clock                    
00007889  init_display                  
00009ad9  init_uart                     
0000b165  main                          
20000658  main_func_sp                  
0000a5f9  memcpy                        
0000a7a3  memset                        
20000650  notTouched                    
20000540  sContext                      
2000059c  sRect                         
20000635  state                         
00009ce5  uart_transceiver              
00009b13  update_peripheral_controller  
00007939  wait_for_touch                


GLOBAL SYMBOLS: SORTED BY Symbol Address 

address   name                          
-------   ----                          
00000000  __TI_static_base__            
00000000  g_pfnVectors                  
0000026c  alcoholPic                    
00000400  __STACK_SIZE                  
00007444  g_sFontCmss22b                
0000750c  g_sFontCmss30b                
000075d4  g_sFontCmss40b                
00007808  g_lTouchParameters            
00007840  g_sKentec320x240x16_SSD2119   
00007878  g_psDefaultCodePointMapTable  
00007889  init_display                  
00007939  wait_for_touch                
00007941  display_intro                 
00007a3d  display_outro                 
00007b35  display_waiting_time          
00007c39  display_welcome               
00007d33  display_database_check        
00007e73  display_release_items         
00007f93  display_registration          
000080bd  display_maintenance_mode      
000081a1  display_error_state           
0000827f  display_failed_to_get_breath  
00008431  LED_ON                        
0000844b  LED_OFF                       
000085e5  Kentec320x240x16_SSD2119Init  
00008fab  TouchScreenIntHandler         
000090e1  TouchScreenInit               
000091ad  TouchScreenCallbackSet        
00009873  GrFontGlyphRender             
00009ad9  init_uart                     
00009b13  update_peripheral_controller  
00009ce5  uart_transceiver              
00009e8b  GPIOPadConfigSet              
00009fbd  SysCtlClockGet                
0000a0d5  SysCtlClockSet                
0000a1c5  WidgetMessageQueueAdd         
0000a3a1  RPSS_Handler                  
0000a47f  GrDefaultStringRenderer       
0000a549  WidgetMessageSendPostOrder    
0000a5f9  __aeabi_memcpy                
0000a5f9  __aeabi_memcpy4               
0000a5f9  __aeabi_memcpy8               
0000a5f9  memcpy                        
0000a695  GrRectFill                    
0000a71b  ADCSequenceStepConfigure      
0000a79b  __aeabi_memclr                
0000a79b  __aeabi_memclr4               
0000a79b  __aeabi_memclr8               
0000a79d  __aeabi_memset                
0000a79d  __aeabi_memset4               
0000a79d  __aeabi_memset8               
0000a7a3  memset                        
0000a815  __TI_auto_init                
0000a881  GrStringWidthGet              
0000a955  GrRectDraw                    
0000a9bd  GrContextInit                 
0000aa21  WidgetMessageQueueProcess     
0000aa85  GrContextClipRegionSet        
0000aae9  IntEnable                     
0000aba5  TimerConfigure                
0000ac01  TimerControlTrigger           
0000ac59  WidgetMessageSendPreOrder     
0000acb1  _c_int00                      
0000ad01  copy_in                       
0000ad99  GPIOPinConfigure              
0000ade1  GrLineDrawH                   
0000ae27  GrLineDrawV                   
0000ae6d  C$$EXIT                       
0000ae71  abort                         
0000ae79  exit                          
0000aeb1  UARTConfigSetExpClk           
0000aef1  ADCSequenceConfigure          
0000af69  SysCtlPeripheralEnable        
0000af9d  GPIODirModeSet                
0000afc7  GrFontBaselineGet             
0000aff1  GrStringNextCharGet           
0000b045  GrFontInfoGet                 
0000b06b  WidgetAdd                     
0000b08f  GrFontGlyphDataGet            
0000b0b1  RectangularButtonMsgProc      
0000b0d5  RPSS_System_init              
0000b0e5  init_clock                    
0000b0f5  GrFontCodepageGet             
0000b115  UARTDisable                   
0000b131  WidgetPointerMessage          
0000b14d  GPIOPinTypeGPIOOutput         
0000b165  main                          
0000b17d  _args_main                    
0000b195  UARTEnable                    
0000b1a9  WidgetMutexGet                
0000b1bd  _register_unlock              
0000b1c3  _register_lock                
0000b1cb  _nop                          
0000b1d1  ADCHardwareOversampleConfigure
0000b1e3  GPIOPinTypeUART               
0000b1f5  GrStringDraw                  
0000b207  TimerLoadSet                  
0000b219  ADCIntEnable                  
0000b229  ADCSequenceEnable             
0000b237  GrImageDraw                   
0000b245  TimerEnable                   
0000b253  __TI_decompress_none          
0000b261  UARTCharsAvail                
0000b26d  __TI_zero_init                
0000b279  ResetISR                      
0000b285  UARTCharGet                   
0000b28f  UARTCharPut                   
0000b299  GrMapISO8859_1_Unicode        
0000b2a1  GPIOPinWrite                  
0000b2a7  GrContextFontSet              
0000b2ad  SysCtlDelay                   
0000b2b3  WidgetMutexPut                
0000b2b9  __TI_decompress_rle24         
0000b2bf  WidgetDefaultMsgProc          
0000b2c3  _system_pre_init              
0000b32c  __TI_Handler_Table_Base       
0000b338  __TI_Handler_Table_Limit      
0000b340  __TI_CINIT_Base               
0000b350  __TI_CINIT_Limit              
20000000  __stack                       
20000400  __STACK_END                   
20000400  __STACK_TOP                   
20000540  sContext                      
2000059c  sRect                         
200005ac  g_plParmSet                   
200005b4  g_sTouchX                     
200005b6  g_sTouchY                     
200005b8  g_sPushBtn                    
20000608  g_sRoot                       
20000635  state                         
20000638  WriteData                     
2000063c  WriteCommand                  
20000640  _lock                         
20000644  _unlock                       
20000648  __TI_cleanup_ptr              
2000064c  __TI_dtors_ptr                
20000650  notTouched                    
20000654  g_RedLedOn                    
20000658  main_func_sp                  
2000065c  g_sTouchMin                   
ffffffff  __binit__                     
ffffffff  __c_args__                    
ffffffff  binit                         
UNDEFED   SHT$$INIT_ARRAY$$Base         
UNDEFED   SHT$$INIT_ARRAY$$Limit        

[145 symbols]
