<?xml version="1.0"?>
<link_info>
   <banner>TI ARM Linker PC v5.2.2</banner>
   <copyright>Copyright (c) 1996-2015 Texas Instruments Incorporated</copyright>
   <link_time>0x555c0717</link_time>
   <link_errors>0x0</link_errors>
   <output_file>lab10.out</output_file>
   <entry_point>
      <name>_c_int00</name>
      <address>0xacb1</address>
   </entry_point>
   <input_file_list>
      <input_file id="fl-2">
         <path>.\</path>
         <kind>object</kind>
         <file>Kentec320x240x16_ssd2119_8bit.obj</file>
         <name>Kentec320x240x16_ssd2119_8bit.obj</name>
      </input_file>
      <input_file id="fl-3">
         <path>.\</path>
         <kind>object</kind>
         <file>RPSS_System.obj</file>
         <name>RPSS_System.obj</name>
      </input_file>
      <input_file id="fl-4">
         <path>.\</path>
         <kind>object</kind>
         <file>RPSS_display_driver.obj</file>
         <name>RPSS_display_driver.obj</name>
      </input_file>
      <input_file id="fl-5">
         <path>.\</path>
         <kind>object</kind>
         <file>RPSS_handler.obj</file>
         <name>RPSS_handler.obj</name>
      </input_file>
      <input_file id="fl-6">
         <path>.\</path>
         <kind>object</kind>
         <file>RPSS_main.obj</file>
         <name>RPSS_main.obj</name>
      </input_file>
      <input_file id="fl-7">
         <path>.\</path>
         <kind>object</kind>
         <file>RPSS_uart_driver.obj</file>
         <name>RPSS_uart_driver.obj</name>
      </input_file>
      <input_file id="fl-8">
         <path>.\</path>
         <kind>object</kind>
         <file>images.obj</file>
         <name>images.obj</name>
      </input_file>
      <input_file id="fl-9">
         <path>.\</path>
         <kind>object</kind>
         <file>tm4c123gh6pm_startup_ccs.obj</file>
         <name>tm4c123gh6pm_startup_ccs.obj</name>
      </input_file>
      <input_file id="fl-a">
         <path>.\</path>
         <kind>object</kind>
         <file>touch.obj</file>
         <name>touch.obj</name>
      </input_file>
      <input_file id="fl-b">
         <path>.\</path>
         <kind>object</kind>
         <file>ustdlib.obj</file>
         <name>ustdlib.obj</name>
      </input_file>
      <input_file id="fl-12">
         <path>C:\ti\TivaWare_C_Series-2.1.0.12573\driverlib\ccs\Debug\</path>
         <kind>archive</kind>
         <file>driverlib.lib</file>
         <name>uart.obj</name>
      </input_file>
      <input_file id="fl-13">
         <path>C:\ti\TivaWare_C_Series-2.1.0.12573\driverlib\ccs\Debug\</path>
         <kind>archive</kind>
         <file>driverlib.lib</file>
         <name>timer.obj</name>
      </input_file>
      <input_file id="fl-14">
         <path>C:\ti\TivaWare_C_Series-2.1.0.12573\driverlib\ccs\Debug\</path>
         <kind>archive</kind>
         <file>driverlib.lib</file>
         <name>sysctl.obj</name>
      </input_file>
      <input_file id="fl-15">
         <path>C:\ti\TivaWare_C_Series-2.1.0.12573\driverlib\ccs\Debug\</path>
         <kind>archive</kind>
         <file>driverlib.lib</file>
         <name>interrupt.obj</name>
      </input_file>
      <input_file id="fl-16">
         <path>C:\ti\TivaWare_C_Series-2.1.0.12573\driverlib\ccs\Debug\</path>
         <kind>archive</kind>
         <file>driverlib.lib</file>
         <name>gpio.obj</name>
      </input_file>
      <input_file id="fl-17">
         <path>C:\ti\TivaWare_C_Series-2.1.0.12573\driverlib\ccs\Debug\</path>
         <kind>archive</kind>
         <file>driverlib.lib</file>
         <name>cpu.obj</name>
      </input_file>
      <input_file id="fl-18">
         <path>C:\ti\TivaWare_C_Series-2.1.0.12573\driverlib\ccs\Debug\</path>
         <kind>archive</kind>
         <file>driverlib.lib</file>
         <name>adc.obj</name>
      </input_file>
      <input_file id="fl-19">
         <path>C:\ti\TivaWare_C_Series-2.1.0.12573\grlib\ccs\Debug\</path>
         <kind>archive</kind>
         <file>grlib.lib</file>
         <name>fontcmss40b.obj</name>
      </input_file>
      <input_file id="fl-1a">
         <path>C:\ti\TivaWare_C_Series-2.1.0.12573\grlib\ccs\Debug\</path>
         <kind>archive</kind>
         <file>grlib.lib</file>
         <name>fontcmss30b.obj</name>
      </input_file>
      <input_file id="fl-1b">
         <path>C:\ti\TivaWare_C_Series-2.1.0.12573\grlib\ccs\Debug\</path>
         <kind>archive</kind>
         <file>grlib.lib</file>
         <name>fontcmss22b.obj</name>
      </input_file>
      <input_file id="fl-1c">
         <path>C:\ti\TivaWare_C_Series-2.1.0.12573\grlib\ccs\Debug\</path>
         <kind>archive</kind>
         <file>grlib.lib</file>
         <name>widget.obj</name>
      </input_file>
      <input_file id="fl-1d">
         <path>C:\ti\TivaWare_C_Series-2.1.0.12573\grlib\ccs\Debug\</path>
         <kind>archive</kind>
         <file>grlib.lib</file>
         <name>string.obj</name>
      </input_file>
      <input_file id="fl-1e">
         <path>C:\ti\TivaWare_C_Series-2.1.0.12573\grlib\ccs\Debug\</path>
         <kind>archive</kind>
         <file>grlib.lib</file>
         <name>rectangle.obj</name>
      </input_file>
      <input_file id="fl-1f">
         <path>C:\ti\TivaWare_C_Series-2.1.0.12573\grlib\ccs\Debug\</path>
         <kind>archive</kind>
         <file>grlib.lib</file>
         <name>pushbutton.obj</name>
      </input_file>
      <input_file id="fl-20">
         <path>C:\ti\TivaWare_C_Series-2.1.0.12573\grlib\ccs\Debug\</path>
         <kind>archive</kind>
         <file>grlib.lib</file>
         <name>line.obj</name>
      </input_file>
      <input_file id="fl-21">
         <path>C:\ti\TivaWare_C_Series-2.1.0.12573\grlib\ccs\Debug\</path>
         <kind>archive</kind>
         <file>grlib.lib</file>
         <name>image.obj</name>
      </input_file>
      <input_file id="fl-22">
         <path>C:\ti\TivaWare_C_Series-2.1.0.12573\grlib\ccs\Debug\</path>
         <kind>archive</kind>
         <file>grlib.lib</file>
         <name>context.obj</name>
      </input_file>
      <input_file id="fl-23">
         <path>C:\ti\TivaWare_C_Series-2.1.0.12573\grlib\ccs\Debug\</path>
         <kind>archive</kind>
         <file>grlib.lib</file>
         <name>circle.obj</name>
      </input_file>
      <input_file id="fl-24">
         <path>C:\ti\TivaWare_C_Series-2.1.0.12573\grlib\ccs\Debug\</path>
         <kind>archive</kind>
         <file>grlib.lib</file>
         <name>charmap.obj</name>
      </input_file>
      <input_file id="fl-146">
         <path>C:\ti\ccsv6\tools\compiler\ti-cgt-arm_5.2.2\lib\</path>
         <kind>archive</kind>
         <file>rtsv7M4_T_le_v4SPD16_eabi.lib</file>
         <name>boot.obj</name>
      </input_file>
      <input_file id="fl-147">
         <path>C:\ti\ccsv6\tools\compiler\ti-cgt-arm_5.2.2\lib\</path>
         <kind>archive</kind>
         <file>rtsv7M4_T_le_v4SPD16_eabi.lib</file>
         <name>copy_decompress_none.obj</name>
      </input_file>
      <input_file id="fl-148">
         <path>C:\ti\ccsv6\tools\compiler\ti-cgt-arm_5.2.2\lib\</path>
         <kind>archive</kind>
         <file>rtsv7M4_T_le_v4SPD16_eabi.lib</file>
         <name>copy_decompress_rle.obj</name>
      </input_file>
      <input_file id="fl-149">
         <path>C:\ti\ccsv6\tools\compiler\ti-cgt-arm_5.2.2\lib\</path>
         <kind>archive</kind>
         <file>rtsv7M4_T_le_v4SPD16_eabi.lib</file>
         <name>copy_zero_init.obj</name>
      </input_file>
      <input_file id="fl-14a">
         <path>C:\ti\ccsv6\tools\compiler\ti-cgt-arm_5.2.2\lib\</path>
         <kind>archive</kind>
         <file>rtsv7M4_T_le_v4SPD16_eabi.lib</file>
         <name>exit.obj</name>
      </input_file>
      <input_file id="fl-14b">
         <path>C:\ti\ccsv6\tools\compiler\ti-cgt-arm_5.2.2\lib\</path>
         <kind>archive</kind>
         <file>rtsv7M4_T_le_v4SPD16_eabi.lib</file>
         <name>memcpy_t2.obj</name>
      </input_file>
      <input_file id="fl-14c">
         <path>C:\ti\ccsv6\tools\compiler\ti-cgt-arm_5.2.2\lib\</path>
         <kind>archive</kind>
         <file>rtsv7M4_T_le_v4SPD16_eabi.lib</file>
         <name>memset_t2.obj</name>
      </input_file>
      <input_file id="fl-14d">
         <path>C:\ti\ccsv6\tools\compiler\ti-cgt-arm_5.2.2\lib\</path>
         <kind>archive</kind>
         <file>rtsv7M4_T_le_v4SPD16_eabi.lib</file>
         <name>pre_init.obj</name>
      </input_file>
      <input_file id="fl-14e">
         <path>C:\ti\ccsv6\tools\compiler\ti-cgt-arm_5.2.2\lib\</path>
         <kind>archive</kind>
         <file>rtsv7M4_T_le_v4SPD16_eabi.lib</file>
         <name>stkdepth_vars.obj</name>
      </input_file>
      <input_file id="fl-14f">
         <path>C:\ti\ccsv6\tools\compiler\ti-cgt-arm_5.2.2\lib\</path>
         <kind>archive</kind>
         <file>rtsv7M4_T_le_v4SPD16_eabi.lib</file>
         <name>u_divt2.obj</name>
      </input_file>
      <input_file id="fl-150">
         <path>C:\ti\ccsv6\tools\compiler\ti-cgt-arm_5.2.2\lib\</path>
         <kind>archive</kind>
         <file>rtsv7M4_T_le_v4SPD16_eabi.lib</file>
         <name>_lock.obj</name>
      </input_file>
      <input_file id="fl-151">
         <path>C:\ti\ccsv6\tools\compiler\ti-cgt-arm_5.2.2\lib\</path>
         <kind>archive</kind>
         <file>rtsv7M4_T_le_v4SPD16_eabi.lib</file>
         <name>args_main.obj</name>
      </input_file>
      <input_file id="fl-152">
         <path>C:\ti\ccsv6\tools\compiler\ti-cgt-arm_5.2.2\lib\</path>
         <kind>archive</kind>
         <file>rtsv7M4_T_le_v4SPD16_eabi.lib</file>
         <name>autoinit.obj</name>
      </input_file>
      <input_file id="fl-153">
         <path>C:\ti\ccsv6\tools\compiler\ti-cgt-arm_5.2.2\lib\</path>
         <kind>archive</kind>
         <file>rtsv7M4_T_le_v4SPD16_eabi.lib</file>
         <name>cpy_tbl.obj</name>
      </input_file>
   </input_file_list>
   <object_component_list>
      <object_component id="oc-f">
         <name>.intvecs</name>
         <load_address>0x0</load_address>
         <run_address>0x0</run_address>
         <size>0x26c</size>
         <input_file_ref idref="fl-9"/>
      </object_component>
      <object_component id="oc-1af">
         <name>.text</name>
         <load_address>0x7888</load_address>
         <run_address>0x7888</run_address>
         <size>0xba8</size>
         <input_file_ref idref="fl-4"/>
      </object_component>
      <object_component id="oc-1d1">
         <name>.text</name>
         <load_address>0x8430</load_address>
         <run_address>0x8430</run_address>
         <size>0x988</size>
         <input_file_ref idref="fl-2"/>
      </object_component>
      <object_component id="oc-30">
         <name>.text</name>
         <load_address>0x8db8</load_address>
         <run_address>0x8db8</run_address>
         <size>0x460</size>
         <input_file_ref idref="fl-a"/>
      </object_component>
      <object_component id="oc-28a">
         <name>.text:InternalImageDraw</name>
         <load_address>0x9218</load_address>
         <run_address>0x9218</run_address>
         <size>0x38c</size>
         <input_file_ref idref="fl-21"/>
      </object_component>
      <object_component id="oc-33b">
         <name>.text:PixelTransparentDraw</name>
         <load_address>0x95a4</load_address>
         <run_address>0x95a4</run_address>
         <size>0x2ce</size>
         <input_file_ref idref="fl-21"/>
      </object_component>
      <object_component id="oc-311">
         <name>.text:GrFontGlyphRender</name>
         <load_address>0x9872</load_address>
         <run_address>0x9872</run_address>
         <size>0x266</size>
         <input_file_ref idref="fl-1d"/>
      </object_component>
      <object_component id="oc-1b5">
         <name>.text</name>
         <load_address>0x9ad8</load_address>
         <run_address>0x9ad8</run_address>
         <size>0x244</size>
         <input_file_ref idref="fl-7"/>
      </object_component>
      <object_component id="oc-35b">
         <name>.text:RectangularButtonPaint</name>
         <load_address>0x9d1c</load_address>
         <run_address>0x9d1c</run_address>
         <size>0x16e</size>
         <input_file_ref idref="fl-1f"/>
      </object_component>
      <object_component id="oc-13e">
         <name>.text:GPIOPadConfigSet</name>
         <load_address>0x9e8a</load_address>
         <run_address>0x9e8a</run_address>
         <size>0x130</size>
         <input_file_ref idref="fl-16"/>
      </object_component>
      <object_component id="oc-bf">
         <name>.text:SysCtlClockGet</name>
         <load_address>0x9fbc</load_address>
         <run_address>0x9fbc</run_address>
         <size>0x118</size>
         <input_file_ref idref="fl-14"/>
      </object_component>
      <object_component id="oc-1bb">
         <name>.text:SysCtlClockSet</name>
         <load_address>0xa0d4</load_address>
         <run_address>0xa0d4</run_address>
         <size>0xf0</size>
         <input_file_ref idref="fl-14"/>
      </object_component>
      <object_component id="oc-1e3">
         <name>.text:WidgetMessageQueueAdd</name>
         <load_address>0xa1c4</load_address>
         <run_address>0xa1c4</run_address>
         <size>0xf0</size>
         <input_file_ref idref="fl-1c"/>
      </object_component>
      <object_component id="oc-361">
         <name>.text:RectangularButtonClick</name>
         <load_address>0xa2b4</load_address>
         <run_address>0xa2b4</run_address>
         <size>0xec</size>
         <input_file_ref idref="fl-1f"/>
      </object_component>
      <object_component id="oc-171">
         <name>.text</name>
         <load_address>0xa3a0</load_address>
         <run_address>0xa3a0</run_address>
         <size>0xde</size>
         <input_file_ref idref="fl-5"/>
      </object_component>
      <object_component id="oc-258">
         <name>.text:GrDefaultStringRenderer</name>
         <load_address>0xa47e</load_address>
         <run_address>0xa47e</run_address>
         <size>0xca</size>
         <input_file_ref idref="fl-1d"/>
      </object_component>
      <object_component id="oc-283">
         <name>.text:WidgetMessageSendPostOrder</name>
         <load_address>0xa548</load_address>
         <run_address>0xa548</run_address>
         <size>0xb0</size>
         <input_file_ref idref="fl-1c"/>
      </object_component>
      <object_component id="oc-39">
         <name>.text</name>
         <load_address>0xa5f8</load_address>
         <run_address>0xa5f8</run_address>
         <size>0x9c</size>
         <input_file_ref idref="fl-14b"/>
      </object_component>
      <object_component id="oc-227">
         <name>.text:GrRectFill</name>
         <load_address>0xa694</load_address>
         <run_address>0xa694</run_address>
         <size>0x86</size>
         <input_file_ref idref="fl-1e"/>
      </object_component>
      <object_component id="oc-95">
         <name>.text:ADCSequenceStepConfigure</name>
         <load_address>0xa71a</load_address>
         <run_address>0xa71a</run_address>
         <size>0x80</size>
         <input_file_ref idref="fl-18"/>
      </object_component>
      <object_component id="oc-52">
         <name>.text</name>
         <load_address>0xa79a</load_address>
         <run_address>0xa79a</run_address>
         <size>0x7a</size>
         <input_file_ref idref="fl-14c"/>
      </object_component>
      <object_component id="oc-64">
         <name>.text</name>
         <load_address>0xa814</load_address>
         <run_address>0xa814</run_address>
         <size>0x6c</size>
         <input_file_ref idref="fl-152"/>
      </object_component>
      <object_component id="oc-39c">
         <name>.text:GrStringWidthGet</name>
         <load_address>0xa880</load_address>
         <run_address>0xa880</run_address>
         <size>0x6a</size>
         <input_file_ref idref="fl-1d"/>
      </object_component>
      <object_component id="oc-45">
         <name>.text</name>
         <load_address>0xa8ea</load_address>
         <run_address>0xa8ea</run_address>
         <size>0x6a</size>
         <input_file_ref idref="fl-148"/>
      </object_component>
      <object_component id="oc-201">
         <name>.text:GrRectDraw</name>
         <load_address>0xa954</load_address>
         <run_address>0xa954</run_address>
         <size>0x66</size>
         <input_file_ref idref="fl-1e"/>
      </object_component>
      <object_component id="oc-1d7">
         <name>.text:GrContextInit</name>
         <load_address>0xa9bc</load_address>
         <run_address>0xa9bc</run_address>
         <size>0x64</size>
         <input_file_ref idref="fl-22"/>
      </object_component>
      <object_component id="oc-1e9">
         <name>.text:WidgetMessageQueueProcess</name>
         <load_address>0xaa20</load_address>
         <run_address>0xaa20</run_address>
         <size>0x64</size>
         <input_file_ref idref="fl-1c"/>
      </object_component>
      <object_component id="oc-396">
         <name>.text:GrContextClipRegionSet</name>
         <load_address>0xaa84</load_address>
         <run_address>0xaa84</run_address>
         <size>0x62</size>
         <input_file_ref idref="fl-22"/>
      </object_component>
      <object_component id="oc-a7">
         <name>.text:IntEnable</name>
         <load_address>0xaae8</load_address>
         <run_address>0xaae8</run_address>
         <size>0x60</size>
         <input_file_ref idref="fl-15"/>
      </object_component>
      <object_component id="oc-37f">
         <name>.text:FontWideGlyphDataGet</name>
         <load_address>0xab48</load_address>
         <run_address>0xab48</run_address>
         <size>0x5c</size>
         <input_file_ref idref="fl-1d"/>
      </object_component>
      <object_component id="oc-b9">
         <name>.text:TimerConfigure</name>
         <load_address>0xaba4</load_address>
         <run_address>0xaba4</run_address>
         <size>0x5c</size>
         <input_file_ref idref="fl-13"/>
      </object_component>
      <object_component id="oc-cb">
         <name>.text:TimerControlTrigger</name>
         <load_address>0xac00</load_address>
         <run_address>0xac00</run_address>
         <size>0x58</size>
         <input_file_ref idref="fl-13"/>
      </object_component>
      <object_component id="oc-27d">
         <name>.text:WidgetMessageSendPreOrder</name>
         <load_address>0xac58</load_address>
         <run_address>0xac58</run_address>
         <size>0x56</size>
         <input_file_ref idref="fl-1c"/>
      </object_component>
      <object_component id="oc-24">
         <name>.text</name>
         <load_address>0xacb0</load_address>
         <run_address>0xacb0</run_address>
         <size>0x50</size>
         <input_file_ref idref="fl-146"/>
      </object_component>
      <object_component id="oc-fe">
         <name>.text</name>
         <load_address>0xad00</load_address>
         <run_address>0xad00</run_address>
         <size>0x4c</size>
         <input_file_ref idref="fl-153"/>
      </object_component>
      <object_component id="oc-292">
         <name>.text:UpdateContextCharMapping</name>
         <load_address>0xad4c</load_address>
         <run_address>0xad4c</run_address>
         <size>0x4a</size>
         <input_file_ref idref="fl-1d"/>
      </object_component>
      <object_component id="oc-22e">
         <name>.text:GPIOPinConfigure</name>
         <load_address>0xad98</load_address>
         <run_address>0xad98</run_address>
         <size>0x48</size>
         <input_file_ref idref="fl-16"/>
      </object_component>
      <object_component id="oc-29b">
         <name>.text:GrLineDrawH</name>
         <load_address>0xade0</load_address>
         <run_address>0xade0</run_address>
         <size>0x46</size>
         <input_file_ref idref="fl-20"/>
      </object_component>
      <object_component id="oc-2a1">
         <name>.text:GrLineDrawV</name>
         <load_address>0xae26</load_address>
         <run_address>0xae26</run_address>
         <size>0x46</size>
         <input_file_ref idref="fl-20"/>
      </object_component>
      <object_component id="oc-70">
         <name>.text</name>
         <load_address>0xae6c</load_address>
         <run_address>0xae6c</run_address>
         <size>0x44</size>
         <input_file_ref idref="fl-14a"/>
      </object_component>
      <object_component id="oc-23a">
         <name>.text:UARTConfigSetExpClk</name>
         <load_address>0xaeb0</load_address>
         <run_address>0xaeb0</run_address>
         <size>0x40</size>
         <input_file_ref idref="fl-12"/>
      </object_component>
      <object_component id="oc-8f">
         <name>.text:ADCSequenceConfigure</name>
         <load_address>0xaef0</load_address>
         <run_address>0xaef0</run_address>
         <size>0x3e</size>
         <input_file_ref idref="fl-18"/>
      </object_component>
      <object_component id="oc-385">
         <name>.text:FontGlyphDataGet</name>
         <load_address>0xaf2e</load_address>
         <run_address>0xaf2e</run_address>
         <size>0x3a</size>
         <input_file_ref idref="fl-1d"/>
      </object_component>
      <object_component id="oc-83">
         <name>.text:SysCtlPeripheralEnable</name>
         <load_address>0xaf68</load_address>
         <run_address>0xaf68</run_address>
         <size>0x34</size>
         <input_file_ref idref="fl-14"/>
      </object_component>
      <object_component id="oc-144">
         <name>.text:GPIODirModeSet</name>
         <load_address>0xaf9c</load_address>
         <run_address>0xaf9c</run_address>
         <size>0x2a</size>
         <input_file_ref idref="fl-16"/>
      </object_component>
      <object_component id="oc-3a2">
         <name>.text:GrFontBaselineGet</name>
         <load_address>0xafc6</load_address>
         <run_address>0xafc6</run_address>
         <size>0x2a</size>
         <input_file_ref idref="fl-1d"/>
      </object_component>
      <object_component id="oc-305">
         <name>.text:GrStringNextCharGet</name>
         <load_address>0xaff0</load_address>
         <run_address>0xaff0</run_address>
         <size>0x2a</size>
         <input_file_ref idref="fl-1d"/>
      </object_component>
      <object_component id="oc-334">
         <name>.text:WidgetIsInTree</name>
         <load_address>0xb01a</load_address>
         <run_address>0xb01a</run_address>
         <size>0x2a</size>
         <input_file_ref idref="fl-1c"/>
      </object_component>
      <object_component id="oc-2ff">
         <name>.text:GrFontInfoGet</name>
         <load_address>0xb044</load_address>
         <run_address>0xb044</run_address>
         <size>0x26</size>
         <input_file_ref idref="fl-1d"/>
      </object_component>
      <object_component id="oc-1dd">
         <name>.text:WidgetAdd</name>
         <load_address>0xb06a</load_address>
         <run_address>0xb06a</run_address>
         <size>0x24</size>
         <input_file_ref idref="fl-1c"/>
      </object_component>
      <object_component id="oc-30b">
         <name>.text:GrFontGlyphDataGet</name>
         <load_address>0xb08e</load_address>
         <run_address>0xb08e</run_address>
         <size>0x22</size>
         <input_file_ref idref="fl-1d"/>
      </object_component>
      <object_component id="oc-2b9">
         <name>.text:RectangularButtonMsgProc</name>
         <load_address>0xb0b0</load_address>
         <run_address>0xb0b0</run_address>
         <size>0x22</size>
         <input_file_ref idref="fl-1f"/>
      </object_component>
      <object_component id="oc-16b">
         <name>.text</name>
         <load_address>0xb0d4</load_address>
         <run_address>0xb0d4</run_address>
         <size>0x20</size>
         <input_file_ref idref="fl-3"/>
      </object_component>
      <object_component id="oc-347">
         <name>.text:GrFontCodepageGet</name>
         <load_address>0xb0f4</load_address>
         <run_address>0xb0f4</run_address>
         <size>0x1e</size>
         <input_file_ref idref="fl-1d"/>
      </object_component>
      <object_component id="oc-2e7">
         <name>.text:UARTDisable</name>
         <load_address>0xb114</load_address>
         <run_address>0xb114</run_address>
         <size>0x1c</size>
         <input_file_ref idref="fl-12"/>
      </object_component>
      <object_component id="oc-20c">
         <name>.text:WidgetPointerMessage</name>
         <load_address>0xb130</load_address>
         <run_address>0xb130</run_address>
         <size>0x1c</size>
         <input_file_ref idref="fl-1c"/>
      </object_component>
      <object_component id="oc-ad">
         <name>.text:GPIOPinTypeGPIOOutput</name>
         <load_address>0xb14c</load_address>
         <run_address>0xb14c</run_address>
         <size>0x18</size>
         <input_file_ref idref="fl-16"/>
      </object_component>
      <object_component id="oc-106">
         <name>.text</name>
         <load_address>0xb164</load_address>
         <run_address>0xb164</run_address>
         <size>0x18</size>
         <input_file_ref idref="fl-6"/>
      </object_component>
      <object_component id="oc-6a">
         <name>.text</name>
         <load_address>0xb17c</load_address>
         <run_address>0xb17c</run_address>
         <size>0x18</size>
         <input_file_ref idref="fl-151"/>
      </object_component>
      <object_component id="oc-2ed">
         <name>.text:UARTEnable</name>
         <load_address>0xb194</load_address>
         <run_address>0xb194</run_address>
         <size>0x14</size>
         <input_file_ref idref="fl-12"/>
      </object_component>
      <object_component id="oc-268">
         <name>.text:WidgetMutexGet</name>
         <load_address>0xb1a8</load_address>
         <run_address>0xb1a8</run_address>
         <size>0x14</size>
         <input_file_ref idref="fl-1c"/>
      </object_component>
      <object_component id="oc-182">
         <name>.text</name>
         <load_address>0xb1bc</load_address>
         <run_address>0xb1bc</run_address>
         <size>0x14</size>
         <input_file_ref idref="fl-150"/>
      </object_component>
      <object_component id="oc-89">
         <name>.text:ADCHardwareOversampleConfigure</name>
         <load_address>0xb1d0</load_address>
         <run_address>0xb1d0</run_address>
         <size>0x12</size>
         <input_file_ref idref="fl-18"/>
      </object_component>
      <object_component id="oc-234">
         <name>.text:GPIOPinTypeUART</name>
         <load_address>0xb1e2</load_address>
         <run_address>0xb1e2</run_address>
         <size>0x12</size>
         <input_file_ref idref="fl-16"/>
      </object_component>
      <object_component id="oc-1fb">
         <name>.text:GrStringDraw</name>
         <load_address>0xb1f4</load_address>
         <run_address>0xb1f4</run_address>
         <size>0x12</size>
         <input_file_ref idref="fl-1d"/>
      </object_component>
      <object_component id="oc-c5">
         <name>.text:TimerLoadSet</name>
         <load_address>0xb206</load_address>
         <run_address>0xb206</run_address>
         <size>0x12</size>
         <input_file_ref idref="fl-13"/>
      </object_component>
      <object_component id="oc-a1">
         <name>.text:ADCIntEnable</name>
         <load_address>0xb218</load_address>
         <run_address>0xb218</run_address>
         <size>0x10</size>
         <input_file_ref idref="fl-18"/>
      </object_component>
      <object_component id="oc-9b">
         <name>.text:ADCSequenceEnable</name>
         <load_address>0xb228</load_address>
         <run_address>0xb228</run_address>
         <size>0xe</size>
         <input_file_ref idref="fl-18"/>
      </object_component>
      <object_component id="oc-1ef">
         <name>.text:GrImageDraw</name>
         <load_address>0xb236</load_address>
         <run_address>0xb236</run_address>
         <size>0xe</size>
         <input_file_ref idref="fl-21"/>
      </object_component>
      <object_component id="oc-d1">
         <name>.text:TimerEnable</name>
         <load_address>0xb244</load_address>
         <run_address>0xb244</run_address>
         <size>0xe</size>
         <input_file_ref idref="fl-13"/>
      </object_component>
      <object_component id="oc-12">
         <name>.text:decompress:none</name>
         <load_address>0xb252</load_address>
         <run_address>0xb252</run_address>
         <size>0xe</size>
         <input_file_ref idref="fl-147"/>
      </object_component>
      <object_component id="oc-246">
         <name>.text:UARTCharsAvail</name>
         <load_address>0xb260</load_address>
         <run_address>0xb260</run_address>
         <size>0xc</size>
         <input_file_ref idref="fl-12"/>
      </object_component>
      <object_component id="oc-1e">
         <name>.text:decompress:ZI</name>
         <load_address>0xb26c</load_address>
         <run_address>0xb26c</run_address>
         <size>0xc</size>
         <input_file_ref idref="fl-149"/>
      </object_component>
      <object_component id="oc-2a">
         <name>.text</name>
         <load_address>0xb278</load_address>
         <run_address>0xb278</run_address>
         <size>0xc</size>
         <input_file_ref idref="fl-9"/>
      </object_component>
      <object_component id="oc-24c">
         <name>.text:UARTCharGet</name>
         <load_address>0xb284</load_address>
         <run_address>0xb284</run_address>
         <size>0xa</size>
         <input_file_ref idref="fl-12"/>
      </object_component>
      <object_component id="oc-240">
         <name>.text:UARTCharPut</name>
         <load_address>0xb28e</load_address>
         <run_address>0xb28e</run_address>
         <size>0xa</size>
         <input_file_ref idref="fl-12"/>
      </object_component>
      <object_component id="oc-318">
         <name>.text:GrMapISO8859_1_Unicode</name>
         <load_address>0xb298</load_address>
         <run_address>0xb298</run_address>
         <size>0x8</size>
         <input_file_ref idref="fl-24"/>
      </object_component>
      <object_component id="oc-b3">
         <name>.text:GPIOPinWrite</name>
         <load_address>0xb2a0</load_address>
         <run_address>0xb2a0</run_address>
         <size>0x6</size>
         <input_file_ref idref="fl-16"/>
      </object_component>
      <object_component id="oc-1f5">
         <name>.text:GrContextFontSet</name>
         <load_address>0xb2a6</load_address>
         <run_address>0xb2a6</run_address>
         <size>0x6</size>
         <input_file_ref idref="fl-1d"/>
      </object_component>
      <object_component id="oc-207">
         <name>.text:SysCtlDelay</name>
         <load_address>0xb2ac</load_address>
         <run_address>0xb2ac</run_address>
         <size>0x6</size>
         <input_file_ref idref="fl-14"/>
      </object_component>
      <object_component id="oc-269">
         <name>.text:WidgetMutexPut</name>
         <load_address>0xb2b2</load_address>
         <run_address>0xb2b2</run_address>
         <size>0x6</size>
         <input_file_ref idref="fl-1c"/>
      </object_component>
      <object_component id="oc-18">
         <name>.text:decompress:rle24</name>
         <load_address>0xb2b8</load_address>
         <run_address>0xb2b8</run_address>
         <size>0x6</size>
         <input_file_ref idref="fl-148"/>
      </object_component>
      <object_component id="oc-2ac">
         <name>.text:WidgetDefaultMsgProc</name>
         <load_address>0xb2be</load_address>
         <run_address>0xb2be</run_address>
         <size>0x4</size>
         <input_file_ref idref="fl-1c"/>
      </object_component>
      <object_component id="oc-5e">
         <name>.text</name>
         <load_address>0xb2c2</load_address>
         <run_address>0xb2c2</run_address>
         <size>0x4</size>
         <input_file_ref idref="fl-14d"/>
      </object_component>
      <object_component id="oc-21e">
         <name>.const:.string:alcoholPic</name>
         <load_address>0x26c</load_address>
         <run_address>0x26c</run_address>
         <size>0x4a79</size>
         <input_file_ref idref="fl-4"/>
      </object_component>
      <object_component id="oc-2d0">
         <name>.const:.string:g_pui8Cmss40bData</name>
         <load_address>0x4ce8</load_address>
         <run_address>0x4ce8</run_address>
         <size>0x1185</size>
         <input_file_ref idref="fl-19"/>
      </object_component>
      <object_component id="oc-2d6">
         <name>.const:.string:g_pui8Cmss30bData</name>
         <load_address>0x5e70</load_address>
         <run_address>0x5e70</run_address>
         <size>0xcb4</size>
         <input_file_ref idref="fl-1a"/>
      </object_component>
      <object_component id="oc-369">
         <name>.const:.string:g_pui8Cmss22bData</name>
         <load_address>0x6b24</load_address>
         <run_address>0x6b24</run_address>
         <size>0x91e</size>
         <input_file_ref idref="fl-1b"/>
      </object_component>
      <object_component id="oc-2bf">
         <name>.const:g_sFontCmss22b</name>
         <load_address>0x7444</load_address>
         <run_address>0x7444</run_address>
         <size>0xc8</size>
         <input_file_ref idref="fl-1b"/>
      </object_component>
      <object_component id="oc-224">
         <name>.const:g_sFontCmss30b</name>
         <load_address>0x750c</load_address>
         <run_address>0x750c</run_address>
         <size>0xc8</size>
         <input_file_ref idref="fl-1a"/>
      </object_component>
      <object_component id="oc-221">
         <name>.const:g_sFontCmss40b</name>
         <load_address>0x75d4</load_address>
         <run_address>0x75d4</run_address>
         <size>0xc8</size>
         <input_file_ref idref="fl-19"/>
      </object_component>
      <object_component id="oc-2e2">
         <name>.const:g_pui32GPIOBaseAddrs</name>
         <load_address>0x769c</load_address>
         <run_address>0x769c</run_address>
         <size>0x90</size>
         <input_file_ref idref="fl-16"/>
      </object_component>
      <object_component id="oc-139">
         <name>.const</name>
         <load_address>0x772c</load_address>
         <run_address>0x772c</run_address>
         <size>0x70</size>
         <input_file_ref idref="fl-15"/>
      </object_component>
      <object_component id="oc-14f">
         <name>.const:g_pui32Xtals</name>
         <load_address>0x779c</load_address>
         <run_address>0x779c</run_address>
         <size>0x6c</size>
         <input_file_ref idref="fl-14"/>
      </object_component>
      <object_component id="oc-da">
         <name>.const:g_lTouchParameters</name>
         <load_address>0x7808</load_address>
         <run_address>0x7808</run_address>
         <size>0x38</size>
         <input_file_ref idref="fl-a"/>
      </object_component>
      <object_component id="oc-209">
         <name>.const:g_sKentec320x240x16_SSD2119</name>
         <load_address>0x7840</load_address>
         <run_address>0x7840</run_address>
         <size>0x28</size>
         <input_file_ref idref="fl-2"/>
      </object_component>
      <object_component id="oc-2c2">
         <name>.const:.string</name>
         <load_address>0x7868</load_address>
         <run_address>0x7868</run_address>
         <size>0x10</size>
         <input_file_ref idref="fl-4"/>
      </object_component>
      <object_component id="oc-25e">
         <name>.const</name>
         <load_address>0x7878</load_address>
         <run_address>0x7878</run_address>
         <size>0x10</size>
         <input_file_ref idref="fl-22"/>
      </object_component>
      <object_component id="oc-3df">
         <name>.cinit..data.load</name>
         <load_address>0xb2c8</load_address>
         <run_address>0xb2c8</run_address>
         <size>0x61</size>
      </object_component>
      <object_component id="oc-3dd">
         <name>__TI_handler_table</name>
         <load_address>0xb32c</load_address>
         <run_address>0xb32c</run_address>
         <size>0xc</size>
      </object_component>
      <object_component id="oc-3e0">
         <name>.cinit..bss.load</name>
         <load_address>0xb338</load_address>
         <run_address>0xb338</run_address>
         <size>0x8</size>
      </object_component>
      <object_component id="oc-3de">
         <name>__TI_cinit_table</name>
         <load_address>0xb340</load_address>
         <run_address>0xb340</run_address>
         <size>0x10</size>
      </object_component>
      <object_component id="oc-29">
         <name>.stack</name>
         <uninitialized>true</uninitialized>
         <run_address>0x20000000</run_address>
         <size>0x0</size>
         <input_file_ref idref="fl-146"/>
      </object_component>
      <object_component id="oc-3e1">
         <name>.stack</name>
         <uninitialized>true</uninitialized>
         <run_address>0x20000000</run_address>
         <size>0x0</size>
      </object_component>
      <object_component id="oc-21b">
         <name>.bss:sContext</name>
         <uninitialized>true</uninitialized>
         <run_address>0x20000540</run_address>
         <size>0x2c</size>
         <input_file_ref idref="fl-4"/>
      </object_component>
      <object_component id="oc-26f">
         <name>.bss:g_psMQ</name>
         <uninitialized>true</uninitialized>
         <run_address>0x20000400</run_address>
         <size>0x140</size>
         <input_file_ref idref="fl-1c"/>
      </object_component>
      <object_component id="oc-341">
         <name>.bss</name>
         <uninitialized>true</uninitialized>
         <run_address>0x2000056c</run_address>
         <size>0x20</size>
         <input_file_ref idref="fl-21"/>
      </object_component>
      <object_component id="oc-261">
         <name>.bss</name>
         <uninitialized>true</uninitialized>
         <run_address>0x200005a4</run_address>
         <size>0x4</size>
         <input_file_ref idref="fl-22"/>
      </object_component>
      <object_component id="oc-208">
         <name>.common:sRect</name>
         <uninitialized>true</uninitialized>
         <run_address>0x2000059c</run_address>
         <size>0x8</size>
      </object_component>
      <object_component id="oc-d9">
         <name>.common:g_ulTSState</name>
         <uninitialized>true</uninitialized>
         <run_address>0x200005b0</run_address>
         <size>0x4</size>
      </object_component>
      <object_component id="oc-d7">
         <name>.common:g_pfnTSHandler</name>
         <uninitialized>true</uninitialized>
         <run_address>0x200005a8</run_address>
         <size>0x4</size>
      </object_component>
      <object_component id="oc-d8">
         <name>.common:g_psSamples</name>
         <uninitialized>true</uninitialized>
         <run_address>0x2000058c</run_address>
         <size>0x10</size>
      </object_component>
      <object_component id="oc-7f">
         <name>.common:g_plParmSet</name>
         <uninitialized>true</uninitialized>
         <run_address>0x200005ac</run_address>
         <size>0x4</size>
      </object_component>
      <object_component id="oc-7b">
         <name>.common:g_sTouchX</name>
         <uninitialized>true</uninitialized>
         <run_address>0x200005b4</run_address>
         <size>0x2</size>
      </object_component>
      <object_component id="oc-7e">
         <name>.common:g_sTouchY</name>
         <uninitialized>true</uninitialized>
         <run_address>0x200005b6</run_address>
         <size>0x2</size>
      </object_component>
      <object_component id="oc-254">
         <name>.data</name>
         <load_address>0x20000638</load_address>
         <run_address>0x20000638</run_address>
         <size>0x8</size>
         <input_file_ref idref="fl-2"/>
      </object_component>
      <object_component id="oc-218">
         <name>.data</name>
         <load_address>0x20000650</load_address>
         <run_address>0x20000650</run_address>
         <size>0x5</size>
         <input_file_ref idref="fl-4"/>
      </object_component>
      <object_component id="oc-215">
         <name>.data:g_sPushBtn</name>
         <load_address>0x200005b8</load_address>
         <run_address>0x200005b8</run_address>
         <size>0x50</size>
         <input_file_ref idref="fl-4"/>
      </object_component>
      <object_component id="oc-177">
         <name>.data</name>
         <load_address>0x20000635</load_address>
         <run_address>0x20000635</run_address>
         <size>0x1</size>
         <input_file_ref idref="fl-6"/>
      </object_component>
      <object_component id="oc-80">
         <name>.data</name>
         <load_address>0x2000065c</load_address>
         <run_address>0x2000065c</run_address>
         <size>0x4</size>
         <input_file_ref idref="fl-a"/>
      </object_component>
      <object_component id="oc-212">
         <name>.data</name>
         <load_address>0x20000608</load_address>
         <run_address>0x20000608</run_address>
         <size>0x2d</size>
         <input_file_ref idref="fl-1c"/>
      </object_component>
      <object_component id="oc-111">
         <name>.data</name>
         <load_address>0x20000648</load_address>
         <run_address>0x20000648</run_address>
         <size>0x8</size>
         <input_file_ref idref="fl-14a"/>
      </object_component>
      <object_component id="oc-76">
         <name>.data</name>
         <load_address>0x20000658</load_address>
         <run_address>0x20000658</run_address>
         <size>0x4</size>
         <input_file_ref idref="fl-14e"/>
      </object_component>
      <object_component id="oc-10e">
         <name>.data</name>
         <load_address>0x20000640</load_address>
         <run_address>0x20000640</run_address>
         <size>0x8</size>
         <input_file_ref idref="fl-150"/>
      </object_component>
      <object_component id="oc-190">
         <name>.debug_info</name>
         <load_address>0x0</load_address>
         <run_address>0x0</run_address>
         <size>0x437</size>
         <input_file_ref idref="fl-2"/>
      </object_component>
      <object_component id="oc-255">
         <name>.debug_info</name>
         <load_address>0x437</load_address>
         <run_address>0x437</run_address>
         <size>0x132</size>
         <input_file_ref idref="fl-2"/>
      </object_component>
      <object_component id="oc-20a">
         <name>.debug_info</name>
         <load_address>0x569</load_address>
         <run_address>0x569</run_address>
         <size>0x12c</size>
         <input_file_ref idref="fl-2"/>
      </object_component>
      <object_component id="oc-1d2">
         <name>.debug_info</name>
         <load_address>0x695</load_address>
         <run_address>0x695</run_address>
         <size>0x1371</size>
         <input_file_ref idref="fl-2"/>
      </object_component>
      <object_component id="oc-11b">
         <name>.debug_info</name>
         <load_address>0x1a06</load_address>
         <run_address>0x1a06</run_address>
         <size>0x6bd</size>
         <input_file_ref idref="fl-2"/>
      </object_component>
      <object_component id="oc-125">
         <name>.debug_info</name>
         <load_address>0x20c3</load_address>
         <run_address>0x20c3</run_address>
         <size>0x8b</size>
         <input_file_ref idref="fl-2"/>
      </object_component>
      <object_component id="oc-2fa">
         <name>.debug_info</name>
         <load_address>0x214e</load_address>
         <run_address>0x214e</run_address>
         <size>0x47</size>
         <input_file_ref idref="fl-2"/>
      </object_component>
      <object_component id="oc-de">
         <name>.debug_info</name>
         <load_address>0x2195</load_address>
         <run_address>0x2195</run_address>
         <size>0x18b</size>
         <input_file_ref idref="fl-2"/>
      </object_component>
      <object_component id="oc-16f">
         <name>.debug_info</name>
         <load_address>0x2320</load_address>
         <run_address>0x2320</run_address>
         <size>0x1d9</size>
         <input_file_ref idref="fl-3"/>
      </object_component>
      <object_component id="oc-1c3">
         <name>.debug_info</name>
         <load_address>0x24f9</load_address>
         <run_address>0x24f9</run_address>
         <size>0x99</size>
         <input_file_ref idref="fl-3"/>
      </object_component>
      <object_component id="oc-e5">
         <name>.debug_info</name>
         <load_address>0x2592</load_address>
         <run_address>0x2592</run_address>
         <size>0x84</size>
         <input_file_ref idref="fl-3"/>
      </object_component>
      <object_component id="oc-191">
         <name>.debug_info</name>
         <load_address>0x2616</load_address>
         <run_address>0x2616</run_address>
         <size>0x8d2</size>
         <input_file_ref idref="fl-4"/>
      </object_component>
      <object_component id="oc-21f">
         <name>.debug_info</name>
         <load_address>0x2ee8</load_address>
         <run_address>0x2ee8</run_address>
         <size>0xff</size>
         <input_file_ref idref="fl-4"/>
      </object_component>
      <object_component id="oc-21c">
         <name>.debug_info</name>
         <load_address>0x2fe7</load_address>
         <run_address>0x2fe7</run_address>
         <size>0xfb</size>
         <input_file_ref idref="fl-4"/>
      </object_component>
      <object_component id="oc-219">
         <name>.debug_info</name>
         <load_address>0x30e2</load_address>
         <run_address>0x30e2</run_address>
         <size>0x124</size>
         <input_file_ref idref="fl-4"/>
      </object_component>
      <object_component id="oc-216">
         <name>.debug_info</name>
         <load_address>0x3206</load_address>
         <run_address>0x3206</run_address>
         <size>0xff</size>
         <input_file_ref idref="fl-4"/>
      </object_component>
      <object_component id="oc-1b0">
         <name>.debug_info</name>
         <load_address>0x3305</load_address>
         <run_address>0x3305</run_address>
         <size>0x162f</size>
         <input_file_ref idref="fl-4"/>
      </object_component>
      <object_component id="oc-2c5">
         <name>.debug_info</name>
         <load_address>0x4934</load_address>
         <run_address>0x4934</run_address>
         <size>0x14e</size>
         <input_file_ref idref="fl-4"/>
      </object_component>
      <object_component id="oc-120">
         <name>.debug_info</name>
         <load_address>0x4a82</load_address>
         <run_address>0x4a82</run_address>
         <size>0xc6</size>
         <input_file_ref idref="fl-4"/>
      </object_component>
      <object_component id="oc-173">
         <name>.debug_info</name>
         <load_address>0x4b48</load_address>
         <run_address>0x4b48</run_address>
         <size>0x382</size>
         <input_file_ref idref="fl-5"/>
      </object_component>
      <object_component id="oc-178">
         <name>.debug_info</name>
         <load_address>0x4eca</load_address>
         <run_address>0x4eca</run_address>
         <size>0xeb</size>
         <input_file_ref idref="fl-6"/>
      </object_component>
      <object_component id="oc-107">
         <name>.debug_info</name>
         <load_address>0x4fb5</load_address>
         <run_address>0x4fb5</run_address>
         <size>0x145</size>
         <input_file_ref idref="fl-6"/>
      </object_component>
      <object_component id="oc-1b6">
         <name>.debug_info</name>
         <load_address>0x50fa</load_address>
         <run_address>0x50fa</run_address>
         <size>0x424</size>
         <input_file_ref idref="fl-7"/>
      </object_component>
      <object_component id="oc-38">
         <name>.debug_info</name>
         <load_address>0x551e</load_address>
         <run_address>0x551e</run_address>
         <size>0x155</size>
         <input_file_ref idref="fl-9"/>
      </object_component>
      <object_component id="oc-10">
         <name>.debug_info</name>
         <load_address>0x5673</load_address>
         <run_address>0x5673</run_address>
         <size>0x108</size>
         <input_file_ref idref="fl-9"/>
      </object_component>
      <object_component id="oc-2b">
         <name>.debug_info</name>
         <load_address>0x577b</load_address>
         <run_address>0x577b</run_address>
         <size>0x284</size>
         <input_file_ref idref="fl-9"/>
      </object_component>
      <object_component id="oc-7c">
         <name>.debug_info</name>
         <load_address>0x59ff</load_address>
         <run_address>0x59ff</run_address>
         <size>0x793</size>
         <input_file_ref idref="fl-a"/>
      </object_component>
      <object_component id="oc-db">
         <name>.debug_info</name>
         <load_address>0x6192</load_address>
         <run_address>0x6192</run_address>
         <size>0x101</size>
         <input_file_ref idref="fl-a"/>
      </object_component>
      <object_component id="oc-81">
         <name>.debug_info</name>
         <load_address>0x6293</load_address>
         <run_address>0x6293</run_address>
         <size>0x134</size>
         <input_file_ref idref="fl-a"/>
      </object_component>
      <object_component id="oc-31">
         <name>.debug_info</name>
         <load_address>0x63c7</load_address>
         <run_address>0x63c7</run_address>
         <size>0x4c3</size>
         <input_file_ref idref="fl-a"/>
      </object_component>
      <object_component id="oc-2f4">
         <name>.debug_info</name>
         <load_address>0x688a</load_address>
         <run_address>0x688a</run_address>
         <size>0x1ce</size>
         <input_file_ref idref="fl-12"/>
      </object_component>
      <object_component id="oc-2f1">
         <name>.debug_info</name>
         <load_address>0x6a58</load_address>
         <run_address>0x6a58</run_address>
         <size>0x1ab</size>
         <input_file_ref idref="fl-12"/>
      </object_component>
      <object_component id="oc-2eb">
         <name>.debug_info</name>
         <load_address>0x6c03</load_address>
         <run_address>0x6c03</run_address>
         <size>0x233</size>
         <input_file_ref idref="fl-12"/>
      </object_component>
      <object_component id="oc-23e">
         <name>.debug_info</name>
         <load_address>0x6e36</load_address>
         <run_address>0x6e36</run_address>
         <size>0x28a</size>
         <input_file_ref idref="fl-12"/>
      </object_component>
      <object_component id="oc-24a">
         <name>.debug_info</name>
         <load_address>0x70c0</load_address>
         <run_address>0x70c0</run_address>
         <size>0x1b7</size>
         <input_file_ref idref="fl-12"/>
      </object_component>
      <object_component id="oc-244">
         <name>.debug_info</name>
         <load_address>0x7277</load_address>
         <run_address>0x7277</run_address>
         <size>0x25d</size>
         <input_file_ref idref="fl-12"/>
      </object_component>
      <object_component id="oc-250">
         <name>.debug_info</name>
         <load_address>0x74d4</load_address>
         <run_address>0x74d4</run_address>
         <size>0x237</size>
         <input_file_ref idref="fl-12"/>
      </object_component>
      <object_component id="oc-155">
         <name>.debug_info</name>
         <load_address>0x770b</load_address>
         <run_address>0x770b</run_address>
         <size>0x90</size>
         <input_file_ref idref="fl-12"/>
      </object_component>
      <object_component id="oc-12d">
         <name>.debug_info</name>
         <load_address>0x779b</load_address>
         <run_address>0x779b</run_address>
         <size>0x18b</size>
         <input_file_ref idref="fl-12"/>
      </object_component>
      <object_component id="oc-14e">
         <name>.debug_info</name>
         <load_address>0x7926</load_address>
         <run_address>0x7926</run_address>
         <size>0x1cf</size>
         <input_file_ref idref="fl-13"/>
      </object_component>
      <object_component id="oc-c8">
         <name>.debug_info</name>
         <load_address>0x7af5</load_address>
         <run_address>0x7af5</run_address>
         <size>0x21e</size>
         <input_file_ref idref="fl-13"/>
      </object_component>
      <object_component id="oc-d4">
         <name>.debug_info</name>
         <load_address>0x7d13</load_address>
         <run_address>0x7d13</run_address>
         <size>0x1e3</size>
         <input_file_ref idref="fl-13"/>
      </object_component>
      <object_component id="oc-ce">
         <name>.debug_info</name>
         <load_address>0x7ef6</load_address>
         <run_address>0x7ef6</run_address>
         <size>0x23b</size>
         <input_file_ref idref="fl-13"/>
      </object_component>
      <object_component id="oc-bb">
         <name>.debug_info</name>
         <load_address>0x8131</load_address>
         <run_address>0x8131</run_address>
         <size>0x1f0</size>
         <input_file_ref idref="fl-13"/>
      </object_component>
      <object_component id="oc-132">
         <name>.debug_info</name>
         <load_address>0x8321</load_address>
         <run_address>0x8321</run_address>
         <size>0x226</size>
         <input_file_ref idref="fl-14"/>
      </object_component>
      <object_component id="oc-150">
         <name>.debug_info</name>
         <load_address>0x8547</load_address>
         <run_address>0x8547</run_address>
         <size>0xff</size>
         <input_file_ref idref="fl-14"/>
      </object_component>
      <object_component id="oc-84">
         <name>.debug_info</name>
         <load_address>0x8646</load_address>
         <run_address>0x8646</run_address>
         <size>0x1e1</size>
         <input_file_ref idref="fl-14"/>
      </object_component>
      <object_component id="oc-1bc">
         <name>.debug_info</name>
         <load_address>0x8827</load_address>
         <run_address>0x8827</run_address>
         <size>0x363</size>
         <input_file_ref idref="fl-14"/>
      </object_component>
      <object_component id="oc-c0">
         <name>.debug_info</name>
         <load_address>0x8b8a</load_address>
         <run_address>0x8b8a</run_address>
         <size>0x219</size>
         <input_file_ref idref="fl-14"/>
      </object_component>
      <object_component id="oc-195">
         <name>.debug_info</name>
         <load_address>0x8da3</load_address>
         <run_address>0x8da3</run_address>
         <size>0x5f</size>
         <input_file_ref idref="fl-14"/>
      </object_component>
      <object_component id="oc-13d">
         <name>.debug_info</name>
         <load_address>0x8e02</load_address>
         <run_address>0x8e02</run_address>
         <size>0x1ba</size>
         <input_file_ref idref="fl-15"/>
      </object_component>
      <object_component id="oc-13a">
         <name>.debug_info</name>
         <load_address>0x8fbc</load_address>
         <run_address>0x8fbc</run_address>
         <size>0x1c2</size>
         <input_file_ref idref="fl-15"/>
      </object_component>
      <object_component id="oc-a9">
         <name>.debug_info</name>
         <load_address>0x917e</load_address>
         <run_address>0x917e</run_address>
         <size>0x1cc</size>
         <input_file_ref idref="fl-15"/>
      </object_component>
      <object_component id="oc-14c">
         <name>.debug_info</name>
         <load_address>0x934a</load_address>
         <run_address>0x934a</run_address>
         <size>0x1d7</size>
         <input_file_ref idref="fl-16"/>
      </object_component>
      <object_component id="oc-2e3">
         <name>.debug_info</name>
         <load_address>0x9521</load_address>
         <run_address>0x9521</run_address>
         <size>0x10d</size>
         <input_file_ref idref="fl-16"/>
      </object_component>
      <object_component id="oc-b4">
         <name>.debug_info</name>
         <load_address>0x962e</load_address>
         <run_address>0x962e</run_address>
         <size>0x207</size>
         <input_file_ref idref="fl-16"/>
      </object_component>
      <object_component id="oc-145">
         <name>.debug_info</name>
         <load_address>0x9835</load_address>
         <run_address>0x9835</run_address>
         <size>0x217</size>
         <input_file_ref idref="fl-16"/>
      </object_component>
      <object_component id="oc-13f">
         <name>.debug_info</name>
         <load_address>0x9a4c</load_address>
         <run_address>0x9a4c</run_address>
         <size>0x312</size>
         <input_file_ref idref="fl-16"/>
      </object_component>
      <object_component id="oc-235">
         <name>.debug_info</name>
         <load_address>0x9d5e</load_address>
         <run_address>0x9d5e</run_address>
         <size>0x1df</size>
         <input_file_ref idref="fl-16"/>
      </object_component>
      <object_component id="oc-af">
         <name>.debug_info</name>
         <load_address>0x9f3d</load_address>
         <run_address>0x9f3d</run_address>
         <size>0x1eb</size>
         <input_file_ref idref="fl-16"/>
      </object_component>
      <object_component id="oc-230">
         <name>.debug_info</name>
         <load_address>0xa128</load_address>
         <run_address>0xa128</run_address>
         <size>0x1e4</size>
         <input_file_ref idref="fl-16"/>
      </object_component>
      <object_component id="oc-134">
         <name>.debug_info</name>
         <load_address>0xa30c</load_address>
         <run_address>0xa30c</run_address>
         <size>0x1a8</size>
         <input_file_ref idref="fl-18"/>
      </object_component>
      <object_component id="oc-96">
         <name>.debug_info</name>
         <load_address>0xa4b4</load_address>
         <run_address>0xa4b4</run_address>
         <size>0x297</size>
         <input_file_ref idref="fl-18"/>
      </object_component>
      <object_component id="oc-9c">
         <name>.debug_info</name>
         <load_address>0xa74b</load_address>
         <run_address>0xa74b</run_address>
         <size>0x204</size>
         <input_file_ref idref="fl-18"/>
      </object_component>
      <object_component id="oc-91">
         <name>.debug_info</name>
         <load_address>0xa94f</load_address>
         <run_address>0xa94f</run_address>
         <size>0x28a</size>
         <input_file_ref idref="fl-18"/>
      </object_component>
      <object_component id="oc-a3">
         <name>.debug_info</name>
         <load_address>0xabd9</load_address>
         <run_address>0xabd9</run_address>
         <size>0x1fa</size>
         <input_file_ref idref="fl-18"/>
      </object_component>
      <object_component id="oc-8b">
         <name>.debug_info</name>
         <load_address>0xadd3</load_address>
         <run_address>0xadd3</run_address>
         <size>0x2b4</size>
         <input_file_ref idref="fl-18"/>
      </object_component>
      <object_component id="oc-2d5">
         <name>.debug_info</name>
         <load_address>0xb087</load_address>
         <run_address>0xb087</run_address>
         <size>0x30d</size>
         <input_file_ref idref="fl-19"/>
      </object_component>
      <object_component id="oc-2d1">
         <name>.debug_info</name>
         <load_address>0xb394</load_address>
         <run_address>0xb394</run_address>
         <size>0x10c</size>
         <input_file_ref idref="fl-19"/>
      </object_component>
      <object_component id="oc-222">
         <name>.debug_info</name>
         <load_address>0xb4a0</load_address>
         <run_address>0xb4a0</run_address>
         <size>0x108</size>
         <input_file_ref idref="fl-19"/>
      </object_component>
      <object_component id="oc-326">
         <name>.debug_info</name>
         <load_address>0xb5a8</load_address>
         <run_address>0xb5a8</run_address>
         <size>0x6bd</size>
         <input_file_ref idref="fl-19"/>
      </object_component>
      <object_component id="oc-278">
         <name>.debug_info</name>
         <load_address>0xbc65</load_address>
         <run_address>0xbc65</run_address>
         <size>0x90</size>
         <input_file_ref idref="fl-19"/>
      </object_component>
      <object_component id="oc-273">
         <name>.debug_info</name>
         <load_address>0xbcf5</load_address>
         <run_address>0xbcf5</run_address>
         <size>0x18b</size>
         <input_file_ref idref="fl-19"/>
      </object_component>
      <object_component id="oc-2db">
         <name>.debug_info</name>
         <load_address>0xbe80</load_address>
         <run_address>0xbe80</run_address>
         <size>0x30d</size>
         <input_file_ref idref="fl-1a"/>
      </object_component>
      <object_component id="oc-2d7">
         <name>.debug_info</name>
         <load_address>0xc18d</load_address>
         <run_address>0xc18d</run_address>
         <size>0x10c</size>
         <input_file_ref idref="fl-1a"/>
      </object_component>
      <object_component id="oc-225">
         <name>.debug_info</name>
         <load_address>0xc299</load_address>
         <run_address>0xc299</run_address>
         <size>0x108</size>
         <input_file_ref idref="fl-1a"/>
      </object_component>
      <object_component id="oc-36e">
         <name>.debug_info</name>
         <load_address>0xc3a1</load_address>
         <run_address>0xc3a1</run_address>
         <size>0x30d</size>
         <input_file_ref idref="fl-1b"/>
      </object_component>
      <object_component id="oc-36a">
         <name>.debug_info</name>
         <load_address>0xc6ae</load_address>
         <run_address>0xc6ae</run_address>
         <size>0x10c</size>
         <input_file_ref idref="fl-1b"/>
      </object_component>
      <object_component id="oc-2c0">
         <name>.debug_info</name>
         <load_address>0xc7ba</load_address>
         <run_address>0xc7ba</run_address>
         <size>0x108</size>
         <input_file_ref idref="fl-1b"/>
      </object_component>
      <object_component id="oc-267">
         <name>.debug_info</name>
         <load_address>0xc8c2</load_address>
         <run_address>0xc8c2</run_address>
         <size>0x37d</size>
         <input_file_ref idref="fl-1c"/>
      </object_component>
      <object_component id="oc-213">
         <name>.debug_info</name>
         <load_address>0xcc3f</load_address>
         <run_address>0xcc3f</run_address>
         <size>0x19a</size>
         <input_file_ref idref="fl-1c"/>
      </object_component>
      <object_component id="oc-270">
         <name>.debug_info</name>
         <load_address>0xcdd9</load_address>
         <run_address>0xcdd9</run_address>
         <size>0xeb</size>
         <input_file_ref idref="fl-1c"/>
      </object_component>
      <object_component id="oc-335">
         <name>.debug_info</name>
         <load_address>0xcec4</load_address>
         <run_address>0xcec4</run_address>
         <size>0x304</size>
         <input_file_ref idref="fl-1c"/>
      </object_component>
      <object_component id="oc-26a">
         <name>.debug_info</name>
         <load_address>0xd1c8</load_address>
         <run_address>0xd1c8</run_address>
         <size>0x1a9</size>
         <input_file_ref idref="fl-1c"/>
      </object_component>
      <object_component id="oc-1e4">
         <name>.debug_info</name>
         <load_address>0xd371</load_address>
         <run_address>0xd371</run_address>
         <size>0x32a</size>
         <input_file_ref idref="fl-1c"/>
      </object_component>
      <object_component id="oc-20d">
         <name>.debug_info</name>
         <load_address>0xd69b</load_address>
         <run_address>0xd69b</run_address>
         <size>0x1e4</size>
         <input_file_ref idref="fl-1c"/>
      </object_component>
      <object_component id="oc-2ad">
         <name>.debug_info</name>
         <load_address>0xd87f</load_address>
         <run_address>0xd87f</run_address>
         <size>0x1f9</size>
         <input_file_ref idref="fl-1c"/>
      </object_component>
      <object_component id="oc-27e">
         <name>.debug_info</name>
         <load_address>0xda78</load_address>
         <run_address>0xda78</run_address>
         <size>0x3e6</size>
         <input_file_ref idref="fl-1c"/>
      </object_component>
      <object_component id="oc-284">
         <name>.debug_info</name>
         <load_address>0xde5e</load_address>
         <run_address>0xde5e</run_address>
         <size>0x47d</size>
         <input_file_ref idref="fl-1c"/>
      </object_component>
      <object_component id="oc-1ea">
         <name>.debug_info</name>
         <load_address>0xe2db</load_address>
         <run_address>0xe2db</run_address>
         <size>0x2fb</size>
         <input_file_ref idref="fl-1c"/>
      </object_component>
      <object_component id="oc-1de">
         <name>.debug_info</name>
         <load_address>0xe5d6</load_address>
         <run_address>0xe5d6</run_address>
         <size>0x287</size>
         <input_file_ref idref="fl-1c"/>
      </object_component>
      <object_component id="oc-32b">
         <name>.debug_info</name>
         <load_address>0xe85d</load_address>
         <run_address>0xe85d</run_address>
         <size>0xa8</size>
         <input_file_ref idref="fl-1c"/>
      </object_component>
      <object_component id="oc-2b4">
         <name>.debug_info</name>
         <load_address>0xe905</load_address>
         <run_address>0xe905</run_address>
         <size>0xc6</size>
         <input_file_ref idref="fl-1c"/>
      </object_component>
      <object_component id="oc-299">
         <name>.debug_info</name>
         <load_address>0xe9cb</load_address>
         <run_address>0xe9cb</run_address>
         <size>0x397</size>
         <input_file_ref idref="fl-1d"/>
      </object_component>
      <object_component id="oc-306">
         <name>.debug_info</name>
         <load_address>0xed62</load_address>
         <run_address>0xed62</run_address>
         <size>0x262</size>
         <input_file_ref idref="fl-1d"/>
      </object_component>
      <object_component id="oc-380">
         <name>.debug_info</name>
         <load_address>0xefc4</load_address>
         <run_address>0xefc4</run_address>
         <size>0x30f</size>
         <input_file_ref idref="fl-1d"/>
      </object_component>
      <object_component id="oc-386">
         <name>.debug_info</name>
         <load_address>0xf2d3</load_address>
         <run_address>0xf2d3</run_address>
         <size>0x2af</size>
         <input_file_ref idref="fl-1d"/>
      </object_component>
      <object_component id="oc-30c">
         <name>.debug_info</name>
         <load_address>0xf582</load_address>
         <run_address>0xf582</run_address>
         <size>0x230</size>
         <input_file_ref idref="fl-1d"/>
      </object_component>
      <object_component id="oc-300">
         <name>.debug_info</name>
         <load_address>0xf7b2</load_address>
         <run_address>0xf7b2</run_address>
         <size>0x2a5</size>
         <input_file_ref idref="fl-1d"/>
      </object_component>
      <object_component id="oc-39d">
         <name>.debug_info</name>
         <load_address>0xfa57</load_address>
         <run_address>0xfa57</run_address>
         <size>0x465</size>
         <input_file_ref idref="fl-1d"/>
      </object_component>
      <object_component id="oc-1fc">
         <name>.debug_info</name>
         <load_address>0xfebc</load_address>
         <run_address>0xfebc</run_address>
         <size>0x21b</size>
         <input_file_ref idref="fl-1d"/>
      </object_component>
      <object_component id="oc-348">
         <name>.debug_info</name>
         <load_address>0x100d7</load_address>
         <run_address>0x100d7</run_address>
         <size>0x1b8</size>
         <input_file_ref idref="fl-1d"/>
      </object_component>
      <object_component id="oc-293">
         <name>.debug_info</name>
         <load_address>0x1028f</load_address>
         <run_address>0x1028f</run_address>
         <size>0x2b1</size>
         <input_file_ref idref="fl-1d"/>
      </object_component>
      <object_component id="oc-312">
         <name>.debug_info</name>
         <load_address>0x10540</load_address>
         <run_address>0x10540</run_address>
         <size>0x7a6</size>
         <input_file_ref idref="fl-1d"/>
      </object_component>
      <object_component id="oc-3a3">
         <name>.debug_info</name>
         <load_address>0x10ce6</load_address>
         <run_address>0x10ce6</run_address>
         <size>0x224</size>
         <input_file_ref idref="fl-1d"/>
      </object_component>
      <object_component id="oc-259">
         <name>.debug_info</name>
         <load_address>0x10f0a</load_address>
         <run_address>0x10f0a</run_address>
         <size>0x4dc</size>
         <input_file_ref idref="fl-1d"/>
      </object_component>
      <object_component id="oc-1f6">
         <name>.debug_info</name>
         <load_address>0x113e6</load_address>
         <run_address>0x113e6</run_address>
         <size>0x1f1</size>
         <input_file_ref idref="fl-1d"/>
      </object_component>
      <object_component id="oc-350">
         <name>.debug_info</name>
         <load_address>0x115d7</load_address>
         <run_address>0x115d7</run_address>
         <size>0x6bd</size>
         <input_file_ref idref="fl-1d"/>
      </object_component>
      <object_component id="oc-2a8">
         <name>.debug_info</name>
         <load_address>0x11c94</load_address>
         <run_address>0x11c94</run_address>
         <size>0x385</size>
         <input_file_ref idref="fl-1e"/>
      </object_component>
      <object_component id="oc-228">
         <name>.debug_info</name>
         <load_address>0x12019</load_address>
         <run_address>0x12019</run_address>
         <size>0x1e8</size>
         <input_file_ref idref="fl-1e"/>
      </object_component>
      <object_component id="oc-202">
         <name>.debug_info</name>
         <load_address>0x12201</load_address>
         <run_address>0x12201</run_address>
         <size>0x1fc</size>
         <input_file_ref idref="fl-1e"/>
      </object_component>
      <object_component id="oc-2dd">
         <name>.debug_info</name>
         <load_address>0x123fd</load_address>
         <run_address>0x123fd</run_address>
         <size>0x6bd</size>
         <input_file_ref idref="fl-1e"/>
      </object_component>
      <object_component id="oc-368">
         <name>.debug_info</name>
         <load_address>0x12aba</load_address>
         <run_address>0x12aba</run_address>
         <size>0x62c</size>
         <input_file_ref idref="fl-1f"/>
      </object_component>
      <object_component id="oc-35c">
         <name>.debug_info</name>
         <load_address>0x130e6</load_address>
         <run_address>0x130e6</run_address>
         <size>0x31e</size>
         <input_file_ref idref="fl-1f"/>
      </object_component>
      <object_component id="oc-362">
         <name>.debug_info</name>
         <load_address>0x13404</load_address>
         <run_address>0x13404</run_address>
         <size>0x2a0</size>
         <input_file_ref idref="fl-1f"/>
      </object_component>
      <object_component id="oc-2ba">
         <name>.debug_info</name>
         <load_address>0x136a4</load_address>
         <run_address>0x136a4</run_address>
         <size>0x266</size>
         <input_file_ref idref="fl-1f"/>
      </object_component>
      <object_component id="oc-3ac">
         <name>.debug_info</name>
         <load_address>0x1390a</load_address>
         <run_address>0x1390a</run_address>
         <size>0x14e</size>
         <input_file_ref idref="fl-1f"/>
      </object_component>
      <object_component id="oc-356">
         <name>.debug_info</name>
         <load_address>0x13a58</load_address>
         <run_address>0x13a58</run_address>
         <size>0x310</size>
         <input_file_ref idref="fl-20"/>
      </object_component>
      <object_component id="oc-2a2">
         <name>.debug_info</name>
         <load_address>0x13d68</load_address>
         <run_address>0x13d68</run_address>
         <size>0x20f</size>
         <input_file_ref idref="fl-20"/>
      </object_component>
      <object_component id="oc-29c">
         <name>.debug_info</name>
         <load_address>0x13f77</load_address>
         <run_address>0x13f77</run_address>
         <size>0x20f</size>
         <input_file_ref idref="fl-20"/>
      </object_component>
      <object_component id="oc-291">
         <name>.debug_info</name>
         <load_address>0x14186</load_address>
         <run_address>0x14186</run_address>
         <size>0x349</size>
         <input_file_ref idref="fl-21"/>
      </object_component>
      <object_component id="oc-342">
         <name>.debug_info</name>
         <load_address>0x144cf</load_address>
         <run_address>0x144cf</run_address>
         <size>0xfe</size>
         <input_file_ref idref="fl-21"/>
      </object_component>
      <object_component id="oc-33f">
         <name>.debug_info</name>
         <load_address>0x145cd</load_address>
         <run_address>0x145cd</run_address>
         <size>0x8a7</size>
         <input_file_ref idref="fl-21"/>
      </object_component>
      <object_component id="oc-28e">
         <name>.debug_info</name>
         <load_address>0x14e74</load_address>
         <run_address>0x14e74</run_address>
         <size>0x960</size>
         <input_file_ref idref="fl-21"/>
      </object_component>
      <object_component id="oc-1f3">
         <name>.debug_info</name>
         <load_address>0x157d4</load_address>
         <run_address>0x157d4</run_address>
         <size>0x1dc</size>
         <input_file_ref idref="fl-21"/>
      </object_component>
      <object_component id="oc-265">
         <name>.debug_info</name>
         <load_address>0x159b0</load_address>
         <run_address>0x159b0</run_address>
         <size>0x3de</size>
         <input_file_ref idref="fl-22"/>
      </object_component>
      <object_component id="oc-262">
         <name>.debug_info</name>
         <load_address>0x15d8e</load_address>
         <run_address>0x15d8e</run_address>
         <size>0x102</size>
         <input_file_ref idref="fl-22"/>
      </object_component>
      <object_component id="oc-25f">
         <name>.debug_info</name>
         <load_address>0x15e90</load_address>
         <run_address>0x15e90</run_address>
         <size>0x119</size>
         <input_file_ref idref="fl-22"/>
      </object_component>
      <object_component id="oc-1d8">
         <name>.debug_info</name>
         <load_address>0x15fa9</load_address>
         <run_address>0x15fa9</run_address>
         <size>0x1e1</size>
         <input_file_ref idref="fl-22"/>
      </object_component>
      <object_component id="oc-397">
         <name>.debug_info</name>
         <load_address>0x1618a</load_address>
         <run_address>0x1618a</run_address>
         <size>0x209</size>
         <input_file_ref idref="fl-22"/>
      </object_component>
      <object_component id="oc-38e">
         <name>.debug_info</name>
         <load_address>0x16393</load_address>
         <run_address>0x16393</run_address>
         <size>0x374</size>
         <input_file_ref idref="fl-24"/>
      </object_component>
      <object_component id="oc-319">
         <name>.debug_info</name>
         <load_address>0x16707</load_address>
         <run_address>0x16707</run_address>
         <size>0x215</size>
         <input_file_ref idref="fl-24"/>
      </object_component>
      <object_component id="oc-25">
         <name>.debug_info</name>
         <load_address>0x1691c</load_address>
         <run_address>0x1691c</run_address>
         <size>0x138</size>
         <input_file_ref idref="fl-146"/>
      </object_component>
      <object_component id="oc-44">
         <name>.debug_info</name>
         <load_address>0x16a54</load_address>
         <run_address>0x16a54</run_address>
         <size>0x123</size>
         <input_file_ref idref="fl-147"/>
      </object_component>
      <object_component id="oc-15">
         <name>.debug_info</name>
         <load_address>0x16b77</load_address>
         <run_address>0x16b77</run_address>
         <size>0x1c2</size>
         <input_file_ref idref="fl-147"/>
      </object_component>
      <object_component id="oc-3f">
         <name>.debug_info</name>
         <load_address>0x16d39</load_address>
         <run_address>0x16d39</run_address>
         <size>0x46</size>
         <input_file_ref idref="fl-147"/>
      </object_component>
      <object_component id="oc-eb">
         <name>.debug_info</name>
         <load_address>0x16d7f</load_address>
         <run_address>0x16d7f</run_address>
         <size>0x2c</size>
         <input_file_ref idref="fl-147"/>
      </object_component>
      <object_component id="oc-4c">
         <name>.debug_info</name>
         <load_address>0x16dab</load_address>
         <run_address>0x16dab</run_address>
         <size>0x117</size>
         <input_file_ref idref="fl-148"/>
      </object_component>
      <object_component id="oc-47">
         <name>.debug_info</name>
         <load_address>0x16ec2</load_address>
         <run_address>0x16ec2</run_address>
         <size>0x22a</size>
         <input_file_ref idref="fl-148"/>
      </object_component>
      <object_component id="oc-1b">
         <name>.debug_info</name>
         <load_address>0x170ec</load_address>
         <run_address>0x170ec</run_address>
         <size>0x1bc</size>
         <input_file_ref idref="fl-148"/>
      </object_component>
      <object_component id="oc-4d">
         <name>.debug_info</name>
         <load_address>0x172a8</load_address>
         <run_address>0x172a8</run_address>
         <size>0x39</size>
         <input_file_ref idref="fl-148"/>
      </object_component>
      <object_component id="oc-f5">
         <name>.debug_info</name>
         <load_address>0x172e1</load_address>
         <run_address>0x172e1</run_address>
         <size>0x2c</size>
         <input_file_ref idref="fl-148"/>
      </object_component>
      <object_component id="oc-5d">
         <name>.debug_info</name>
         <load_address>0x1730d</load_address>
         <run_address>0x1730d</run_address>
[...]
         <name>wait_for_touch</name>
         <value>0x7939</value>
         <object_component_ref idref="oc-1af"/>
      </symbol>
      <symbol id="sm-156">
         <name>display_welcome</name>
         <value>0x7c39</value>
         <object_component_ref idref="oc-1af"/>
      </symbol>
      <symbol id="sm-157">
         <name>g_RedLedOn</name>
         <value>0x20000654</value>
         <object_component_ref idref="oc-218"/>
      </symbol>
      <symbol id="sm-158">
         <name>sContext</name>
         <value>0x20000540</value>
         <object_component_ref idref="oc-21b"/>
      </symbol>
      <symbol id="sm-159">
         <name>g_sPushBtn</name>
         <value>0x200005b8</value>
         <object_component_ref idref="oc-215"/>
      </symbol>
      <symbol id="sm-15a">
         <name>alcoholPic</name>
         <value>0x26c</value>
         <object_component_ref idref="oc-21e"/>
      </symbol>
      <symbol id="sm-15b">
         <name>init_display</name>
         <value>0x7889</value>
         <object_component_ref idref="oc-1af"/>
      </symbol>
      <symbol id="sm-15c">
         <name>display_database_check</name>
         <value>0x7d33</value>
         <object_component_ref idref="oc-1af"/>
      </symbol>
      <symbol id="sm-15d">
         <name>notTouched</name>
         <value>0x20000650</value>
         <object_component_ref idref="oc-218"/>
      </symbol>
      <symbol id="sm-15e">
         <name>display_error_state</name>
         <value>0x81a1</value>
         <object_component_ref idref="oc-1af"/>
      </symbol>
      <symbol id="sm-15f">
         <name>display_outro</name>
         <value>0x7a3d</value>
         <object_component_ref idref="oc-1af"/>
      </symbol>
      <symbol id="sm-160">
         <name>display_waiting_time</name>
         <value>0x7b35</value>
         <object_component_ref idref="oc-1af"/>
      </symbol>
      <symbol id="sm-161">
         <name>display_failed_to_get_breath</name>
         <value>0x827f</value>
         <object_component_ref idref="oc-1af"/>
      </symbol>
      <symbol id="sm-162">
         <name>display_intro</name>
         <value>0x7941</value>
         <object_component_ref idref="oc-1af"/>
      </symbol>
      <symbol id="sm-17b">
         <name>RPSS_Handler</name>
         <value>0xa3a1</value>
         <object_component_ref idref="oc-171"/>
      </symbol>
      <symbol id="sm-18e">
         <name>state</name>
         <value>0x20000635</value>
         <object_component_ref idref="oc-177"/>
      </symbol>
      <symbol id="sm-18f">
         <name>main</name>
         <value>0xb165</value>
         <object_component_ref idref="oc-106"/>
      </symbol>
      <symbol id="sm-1cb">
         <name>uart_transceiver</name>
         <value>0x9ce5</value>
         <object_component_ref idref="oc-1b5"/>
      </symbol>
      <symbol id="sm-1cc">
         <name>update_peripheral_controller</name>
         <value>0x9b13</value>
         <object_component_ref idref="oc-1b5"/>
      </symbol>
      <symbol id="sm-1cd">
         <name>init_uart</name>
         <value>0x9ad9</value>
         <object_component_ref idref="oc-1b5"/>
      </symbol>
      <symbol id="sm-1ea">
         <name>ResetISR</name>
         <value>0xb279</value>
         <object_component_ref idref="oc-2a"/>
      </symbol>
      <symbol id="sm-1eb">
         <name>g_pfnVectors</name>
         <value>0x0</value>
         <object_component_ref idref="oc-f"/>
      </symbol>
      <symbol id="sm-242">
         <name>g_plParmSet</name>
         <value>0x200005ac</value>
      </symbol>
      <symbol id="sm-243">
         <name>g_sTouchX</name>
         <value>0x200005b4</value>
      </symbol>
      <symbol id="sm-244">
         <name>g_sTouchY</name>
         <value>0x200005b6</value>
      </symbol>
      <symbol id="sm-245">
         <name>g_sTouchMin</name>
         <value>0x2000065c</value>
         <object_component_ref idref="oc-80"/>
      </symbol>
      <symbol id="sm-246">
         <name>TouchScreenInit</name>
         <value>0x90e1</value>
         <object_component_ref idref="oc-30"/>
      </symbol>
      <symbol id="sm-247">
         <name>TouchScreenCallbackSet</name>
         <value>0x91ad</value>
         <object_component_ref idref="oc-30"/>
      </symbol>
      <symbol id="sm-248">
         <name>g_lTouchParameters</name>
         <value>0x7808</value>
         <object_component_ref idref="oc-da"/>
      </symbol>
      <symbol id="sm-249">
         <name>TouchScreenIntHandler</name>
         <value>0x8fab</value>
         <object_component_ref idref="oc-30"/>
      </symbol>
      <symbol id="sm-295">
         <name>UARTConfigSetExpClk</name>
         <value>0xaeb1</value>
         <object_component_ref idref="oc-23a"/>
      </symbol>
      <symbol id="sm-296">
         <name>UARTDisable</name>
         <value>0xb115</value>
         <object_component_ref idref="oc-2e7"/>
      </symbol>
      <symbol id="sm-297">
         <name>UARTCharsAvail</name>
         <value>0xb261</value>
         <object_component_ref idref="oc-246"/>
      </symbol>
      <symbol id="sm-298">
         <name>UARTCharPut</name>
         <value>0xb28f</value>
         <object_component_ref idref="oc-240"/>
      </symbol>
      <symbol id="sm-299">
         <name>UARTEnable</name>
         <value>0xb195</value>
         <object_component_ref idref="oc-2ed"/>
      </symbol>
      <symbol id="sm-29a">
         <name>UARTCharGet</name>
         <value>0xb285</value>
         <object_component_ref idref="oc-24c"/>
      </symbol>
      <symbol id="sm-2cc">
         <name>TimerLoadSet</name>
         <value>0xb207</value>
         <object_component_ref idref="oc-c5"/>
      </symbol>
      <symbol id="sm-2cd">
         <name>TimerEnable</name>
         <value>0xb245</value>
         <object_component_ref idref="oc-d1"/>
      </symbol>
      <symbol id="sm-2ce">
         <name>TimerControlTrigger</name>
         <value>0xac01</value>
         <object_component_ref idref="oc-cb"/>
      </symbol>
      <symbol id="sm-2cf">
         <name>TimerConfigure</name>
         <value>0xaba5</value>
         <object_component_ref idref="oc-b9"/>
      </symbol>
      <symbol id="sm-32a">
         <name>SysCtlClockSet</name>
         <value>0xa0d5</value>
         <object_component_ref idref="oc-1bb"/>
      </symbol>
      <symbol id="sm-32b">
         <name>SysCtlDelay</name>
         <value>0xb2ad</value>
         <object_component_ref idref="oc-207"/>
      </symbol>
      <symbol id="sm-32c">
         <name>SysCtlPeripheralEnable</name>
         <value>0xaf69</value>
         <object_component_ref idref="oc-83"/>
      </symbol>
      <symbol id="sm-32d">
         <name>SysCtlClockGet</name>
         <value>0x9fbd</value>
         <object_component_ref idref="oc-bf"/>
      </symbol>
      <symbol id="sm-353">
         <name>IntEnable</name>
         <value>0xaae9</value>
         <object_component_ref idref="oc-a7"/>
      </symbol>
      <symbol id="sm-39b">
         <name>GPIOPinConfigure</name>
         <value>0xad99</value>
         <object_component_ref idref="oc-22e"/>
      </symbol>
      <symbol id="sm-39c">
         <name>GPIOPinTypeUART</name>
         <value>0xb1e3</value>
         <object_component_ref idref="oc-234"/>
      </symbol>
      <symbol id="sm-39d">
         <name>GPIOPinTypeGPIOOutput</name>
         <value>0xb14d</value>
         <object_component_ref idref="oc-ad"/>
      </symbol>
      <symbol id="sm-39e">
         <name>GPIODirModeSet</name>
         <value>0xaf9d</value>
         <object_component_ref idref="oc-144"/>
      </symbol>
      <symbol id="sm-39f">
         <name>GPIOPinWrite</name>
         <value>0xb2a1</value>
         <object_component_ref idref="oc-b3"/>
      </symbol>
      <symbol id="sm-3a0">
         <name>GPIOPadConfigSet</name>
         <value>0x9e8b</value>
         <object_component_ref idref="oc-13e"/>
      </symbol>
      <symbol id="sm-3d6">
         <name>ADCSequenceEnable</name>
         <value>0xb229</value>
         <object_component_ref idref="oc-9b"/>
      </symbol>
      <symbol id="sm-3d7">
         <name>ADCSequenceConfigure</name>
         <value>0xaef1</value>
         <object_component_ref idref="oc-8f"/>
      </symbol>
      <symbol id="sm-3d8">
         <name>ADCIntEnable</name>
         <value>0xb219</value>
         <object_component_ref idref="oc-a1"/>
      </symbol>
      <symbol id="sm-3d9">
         <name>ADCSequenceStepConfigure</name>
         <value>0xa71b</value>
         <object_component_ref idref="oc-95"/>
      </symbol>
      <symbol id="sm-3da">
         <name>ADCHardwareOversampleConfigure</name>
         <value>0xb1d1</value>
         <object_component_ref idref="oc-89"/>
      </symbol>
      <symbol id="sm-3fb">
         <name>g_sFontCmss40b</name>
         <value>0x75d4</value>
         <object_component_ref idref="oc-221"/>
      </symbol>
      <symbol id="sm-40d">
         <name>g_sFontCmss30b</name>
         <value>0x750c</value>
         <object_component_ref idref="oc-224"/>
      </symbol>
      <symbol id="sm-41f">
         <name>g_sFontCmss22b</name>
         <value>0x7444</value>
         <object_component_ref idref="oc-2bf"/>
      </symbol>
      <symbol id="sm-4fc">
         <name>g_sRoot</name>
         <value>0x20000608</value>
         <object_component_ref idref="oc-212"/>
      </symbol>
      <symbol id="sm-4fd">
         <name>WidgetMessageQueueAdd</name>
         <value>0xa1c5</value>
         <object_component_ref idref="oc-1e3"/>
      </symbol>
      <symbol id="sm-4fe">
         <name>WidgetMessageSendPostOrder</name>
         <value>0xa549</value>
         <object_component_ref idref="oc-283"/>
      </symbol>
      <symbol id="sm-4ff">
         <name>WidgetAdd</name>
         <value>0xb06b</value>
         <object_component_ref idref="oc-1dd"/>
      </symbol>
      <symbol id="sm-500">
         <name>WidgetDefaultMsgProc</name>
         <value>0xb2bf</value>
         <object_component_ref idref="oc-2ac"/>
      </symbol>
      <symbol id="sm-501">
         <name>WidgetMutexPut</name>
         <value>0xb2b3</value>
         <object_component_ref idref="oc-269"/>
      </symbol>
      <symbol id="sm-502">
         <name>WidgetMessageQueueProcess</name>
         <value>0xaa21</value>
         <object_component_ref idref="oc-1e9"/>
      </symbol>
      <symbol id="sm-503">
         <name>WidgetMutexGet</name>
         <value>0xb1a9</value>
         <object_component_ref idref="oc-268"/>
      </symbol>
      <symbol id="sm-504">
         <name>WidgetPointerMessage</name>
         <value>0xb131</value>
         <object_component_ref idref="oc-20c"/>
      </symbol>
      <symbol id="sm-505">
         <name>WidgetMessageSendPreOrder</name>
         <value>0xac59</value>
         <object_component_ref idref="oc-27d"/>
      </symbol>
      <symbol id="sm-62f">
         <name>GrFontInfoGet</name>
         <value>0xb045</value>
         <object_component_ref idref="oc-2ff"/>
      </symbol>
      <symbol id="sm-630">
         <name>GrDefaultStringRenderer</name>
         <value>0xa47f</value>
         <object_component_ref idref="oc-258"/>
      </symbol>
      <symbol id="sm-631">
         <name>GrFontGlyphRender</name>
         <value>0x9873</value>
         <object_component_ref idref="oc-311"/>
      </symbol>
      <symbol id="sm-632">
         <name>GrContextFontSet</name>
         <value>0xb2a7</value>
         <object_component_ref idref="oc-1f5"/>
      </symbol>
      <symbol id="sm-633">
         <name>GrFontGlyphDataGet</name>
         <value>0xb08f</value>
         <object_component_ref idref="oc-30b"/>
      </symbol>
      <symbol id="sm-634">
         <name>GrStringDraw</name>
         <value>0xb1f5</value>
         <object_component_ref idref="oc-1fb"/>
      </symbol>
      <symbol id="sm-635">
         <name>GrFontCodepageGet</name>
         <value>0xb0f5</value>
         <object_component_ref idref="oc-347"/>
      </symbol>
      <symbol id="sm-636">
         <name>GrStringNextCharGet</name>
         <value>0xaff1</value>
         <object_component_ref idref="oc-305"/>
      </symbol>
      <symbol id="sm-637">
         <name>GrStringWidthGet</name>
         <value>0xa881</value>
         <object_component_ref idref="oc-39c"/>
      </symbol>
      <symbol id="sm-638">
         <name>GrFontBaselineGet</name>
         <value>0xafc7</value>
         <object_component_ref idref="oc-3a2"/>
      </symbol>
      <symbol id="sm-654">
         <name>GrRectFill</name>
         <value>0xa695</value>
         <object_component_ref idref="oc-227"/>
      </symbol>
      <symbol id="sm-655">
         <name>GrRectDraw</name>
         <value>0xa955</value>
         <object_component_ref idref="oc-201"/>
      </symbol>
      <symbol id="sm-68d">
         <name>RectangularButtonMsgProc</name>
         <value>0xb0b1</value>
         <object_component_ref idref="oc-2b9"/>
      </symbol>
      <symbol id="sm-6a6">
         <name>GrLineDrawH</name>
         <value>0xade1</value>
         <object_component_ref idref="oc-29b"/>
      </symbol>
      <symbol id="sm-6a7">
         <name>GrLineDrawV</name>
         <value>0xae27</value>
         <object_component_ref idref="oc-2a1"/>
      </symbol>
      <symbol id="sm-795">
         <name>GrImageDraw</name>
         <value>0xb237</value>
         <object_component_ref idref="oc-1ef"/>
      </symbol>
      <symbol id="sm-7c4">
         <name>GrContextInit</name>
         <value>0xa9bd</value>
         <object_component_ref idref="oc-1d7"/>
      </symbol>
      <symbol id="sm-7c5">
         <name>GrContextClipRegionSet</name>
         <value>0xaa85</value>
         <object_component_ref idref="oc-396"/>
      </symbol>
      <symbol id="sm-7c6">
         <name>g_psDefaultCodePointMapTable</name>
         <value>0x7878</value>
         <object_component_ref idref="oc-25e"/>
      </symbol>
      <symbol id="sm-7d4">
         <name>GrMapISO8859_1_Unicode</name>
         <value>0xb299</value>
         <object_component_ref idref="oc-318"/>
      </symbol>
      <symbol id="sm-7e6">
         <name>_c_int00</name>
         <value>0xacb1</value>
         <object_component_ref idref="oc-24"/>
      </symbol>
      <symbol id="sm-7e7">
         <name>__stack</name>
         <value>0x20000000</value>
         <object_component_ref idref="oc-29"/>
      </symbol>
      <symbol id="sm-7fe">
         <name>__TI_decompress_none</name>
         <value>0xb253</value>
         <object_component_ref idref="oc-12"/>
      </symbol>
      <symbol id="sm-826">
         <name>__TI_decompress_rle24</name>
         <value>0xb2b9</value>
         <object_component_ref idref="oc-18"/>
      </symbol>
      <symbol id="sm-838">
         <name>__TI_zero_init</name>
         <value>0xb26d</value>
         <object_component_ref idref="oc-1e"/>
      </symbol>
      <symbol id="sm-857">
         <name>C$$EXIT</name>
         <value>0xae6d</value>
         <object_component_ref idref="oc-70"/>
      </symbol>
      <symbol id="sm-858">
         <name>abort</name>
         <value>0xae71</value>
         <object_component_ref idref="oc-70"/>
      </symbol>
      <symbol id="sm-859">
         <name>exit</name>
         <value>0xae79</value>
         <object_component_ref idref="oc-70"/>
      </symbol>
      <symbol id="sm-85a">
         <name>__TI_dtors_ptr</name>
         <value>0x2000064c</value>
         <object_component_ref idref="oc-111"/>
      </symbol>
      <symbol id="sm-85b">
         <name>__TI_cleanup_ptr</name>
         <value>0x20000648</value>
         <object_component_ref idref="oc-111"/>
      </symbol>
      <symbol id="sm-876">
         <name>memcpy</name>
         <value>0xa5f9</value>
         <object_component_ref idref="oc-39"/>
      </symbol>
      <symbol id="sm-877">
         <name>__aeabi_memcpy</name>
         <value>0xa5f9</value>
         <object_component_ref idref="oc-39"/>
      </symbol>
      <symbol id="sm-878">
         <name>__aeabi_memcpy8</name>
         <value>0xa5f9</value>
         <object_component_ref idref="oc-39"/>
      </symbol>
      <symbol id="sm-879">
         <name>__aeabi_memcpy4</name>
         <value>0xa5f9</value>
         <object_component_ref idref="oc-39"/>
      </symbol>
      <symbol id="sm-888">
         <name>__aeabi_memset</name>
         <value>0xa79d</value>
         <object_component_ref idref="oc-52"/>
      </symbol>
      <symbol id="sm-889">
         <name>memset</name>
         <value>0xa7a3</value>
         <object_component_ref idref="oc-52"/>
      </symbol>
      <symbol id="sm-88a">
         <name>__aeabi_memset8</name>
         <value>0xa79d</value>
         <object_component_ref idref="oc-52"/>
      </symbol>
      <symbol id="sm-88b">
         <name>__aeabi_memset4</name>
         <value>0xa79d</value>
         <object_component_ref idref="oc-52"/>
      </symbol>
      <symbol id="sm-88c">
         <name>__aeabi_memclr8</name>
         <value>0xa79b</value>
         <object_component_ref idref="oc-52"/>
      </symbol>
      <symbol id="sm-88d">
         <name>__aeabi_memclr4</name>
         <value>0xa79b</value>
         <object_component_ref idref="oc-52"/>
      </symbol>
      <symbol id="sm-88e">
         <name>__aeabi_memclr</name>
         <value>0xa79b</value>
         <object_component_ref idref="oc-52"/>
      </symbol>
      <symbol id="sm-898">
         <name>_system_pre_init</name>
         <value>0xb2c3</value>
         <object_component_ref idref="oc-5e"/>
      </symbol>
      <symbol id="sm-8a0">
         <name>main_func_sp</name>
         <value>0x20000658</value>
         <object_component_ref idref="oc-76"/>
      </symbol>
      <symbol id="sm-8bd">
         <name>_nop</name>
         <value>0xb1cb</value>
         <object_component_ref idref="oc-182"/>
      </symbol>
      <symbol id="sm-8be">
         <name>_lock</name>
         <value>0x20000640</value>
         <object_component_ref idref="oc-10e"/>
      </symbol>
      <symbol id="sm-8bf">
         <name>_unlock</name>
         <value>0x20000644</value>
         <object_component_ref idref="oc-10e"/>
      </symbol>
      <symbol id="sm-8c0">
         <name>_register_lock</name>
         <value>0xb1c3</value>
         <object_component_ref idref="oc-182"/>
      </symbol>
      <symbol id="sm-8c1">
         <name>_register_unlock</name>
         <value>0xb1bd</value>
         <object_component_ref idref="oc-182"/>
      </symbol>
      <symbol id="sm-8d6">
         <name>_args_main</name>
         <value>0xb17d</value>
         <object_component_ref idref="oc-6a"/>
      </symbol>
      <symbol id="sm-8fc">
         <name>__TI_auto_init</name>
         <value>0xa815</value>
         <object_component_ref idref="oc-64"/>
      </symbol>
      <symbol id="sm-916">
         <name>copy_in</name>
         <value>0xad01</value>
         <object_component_ref idref="oc-fe"/>
      </symbol>
      <symbol id="sm-917">
         <name>__TI_static_base__</name>
         <value>0x0</value>
      </symbol>
      <symbol id="sm-91a">
         <name>SHT$$INIT_ARRAY$$Limit</name>
         <value>0x0</value>
      </symbol>
      <symbol id="sm-91b">
         <name>SHT$$INIT_ARRAY$$Base</name>
         <value>0x0</value>
      </symbol>
   </symbol_table>
   <title>Link successful</title>
</link_info>
