******************************************************************************
                  TI ARM Linker PC v5.2.2                      
******************************************************************************
>> Linked Wed Apr 29 23:07:25 2015

OUTPUT FILE NAME:   <lab10.out>
ENTRY POINT SYMBOL: "_c_int00"  address: 0000ab75


MEMORY CONFIGURATION

         name            origin    length      used     unused   attr    fill
----------------------  --------  ---------  --------  --------  ----  --------
  FLASH                 00000000   00040000  0000b212  00034dee  R  X
  SRAM                  20000000   00008000  00000660  000079a0  RW X


SEGMENT ALLOCATION MAP

run origin  load origin   length   init length attrs members
----------  ----------- ---------- ----------- ----- -------
00000000    00000000    0000b218   0000b218    r-x
  00000000    00000000    0000026c   0000026c    r-- .intvecs
  0000026c    0000026c    0000761c   0000761c    r-- .const
  00007888    00007888    00003902   00003902    r-x .text
  0000b190    0000b190    00000088   00000088    r-- .cinit
20000000    20000000    00000660   00000000    rw-
  20000000    20000000    00000400   00000000    rw- .stack
  20000400    20000400    000001b8   00000000    rw- .bss
  200005b8    200005b8    000000a8   00000000    rw- .data


SECTION ALLOCATION MAP

 output                                  attributes/
section   page    origin      length       input sections
--------  ----  ----------  ----------   ----------------
.intvecs   0    00000000    0000026c     
                  00000000    0000026c     tm4c123gh6pm_startup_ccs.obj (.intvecs)

.const     0    0000026c    0000761c     
                  0000026c    00004a79     RPSS_display_driver.obj (.const:.string:alcoholPic)
                  00004ce5    00000003     --HOLE-- [fill = 0]
                  00004ce8    00001185     grlib.lib : fontcmss40b.obj (.const:.string:g_pui8Cmss40bData)
                  00005e6d    00000003     --HOLE-- [fill = 0]
                  00005e70    00000cb4               : fontcmss30b.obj (.const:.string:g_pui8Cmss30bData)
                  00006b24    0000091e               : fontcmss22b.obj (.const:.string:g_pui8Cmss22bData)
                  00007442    00000002     --HOLE-- [fill = 0]
                  00007444    000000c8               : fontcmss22b.obj (.const:g_sFontCmss22b)
                  0000750c    000000c8               : fontcmss30b.obj (.const:g_sFontCmss30b)
                  000075d4    000000c8               : fontcmss40b.obj (.const:g_sFontCmss40b)
                  0000769c    00000090     driverlib.lib : gpio.obj (.const:g_pui32GPIOBaseAddrs)
                  0000772c    00000070                   : interrupt.obj (.const)
                  0000779c    0000006c                   : sysctl.obj (.const:g_pui32Xtals)
                  00007808    00000038     touch.obj (.const:g_lTouchParameters)
                  00007840    00000028     Kentec320x240x16_ssd2119_8bit.obj (.const:g_sKentec320x240x16_SSD2119)
                  00007868    00000010     RPSS_display_driver.obj (.const:.string)
                  00007878    00000010     grlib.lib : context.obj (.const)

.text      0    00007888    00003902     
                  00007888    00000a88     RPSS_display_driver.obj (.text)
                  00008310    00000988     Kentec320x240x16_ssd2119_8bit.obj (.text)
                  00008c98    00000460     touch.obj (.text)
                  000090f8    0000038c     grlib.lib : image.obj (.text:InternalImageDraw)
                  00009484    000002ce               : image.obj (.text:PixelTransparentDraw)
                  00009752    00000266               : string.obj (.text:GrFontGlyphRender)
                  000099b8    00000238     RPSS_uart_driver.obj (.text)
                  00009bf0    0000016e     grlib.lib : pushbutton.obj (.text:RectangularButtonPaint)
                  00009d5e    00000130     driverlib.lib : gpio.obj (.text:GPIOPadConfigSet)
                  00009e8e    00000002     --HOLE-- [fill = 0]
                  00009e90    00000118                   : sysctl.obj (.text:SysCtlClockGet)
                  00009fa8    000000f0                   : sysctl.obj (.text:SysCtlClockSet)
                  0000a098    000000f0     grlib.lib : widget.obj (.text:WidgetMessageQueueAdd)
                  0000a188    000000ec               : pushbutton.obj (.text:RectangularButtonClick)
                  0000a274    000000ce     RPSS_handler.obj (.text)
                  0000a342    000000ca     grlib.lib : string.obj (.text:GrDefaultStringRenderer)
                  0000a40c    000000b0               : widget.obj (.text:WidgetMessageSendPostOrder)
                  0000a4bc    0000009c     rtsv7M4_T_le_v4SPD16_eabi.lib : memcpy_t2.obj (.text)
                  0000a558    00000086     grlib.lib : rectangle.obj (.text:GrRectFill)
                  0000a5de    00000080     driverlib.lib : adc.obj (.text:ADCSequenceStepConfigure)
                  0000a65e    0000007a     rtsv7M4_T_le_v4SPD16_eabi.lib : memset_t2.obj (.text)
                  0000a6d8    0000006c                                   : autoinit.obj (.text)
                  0000a744    0000006a     grlib.lib : string.obj (.text:GrStringWidthGet)
                  0000a7ae    0000006a     rtsv7M4_T_le_v4SPD16_eabi.lib : copy_decompress_rle.obj (.text)
                  0000a818    00000066     grlib.lib : rectangle.obj (.text:GrRectDraw)
                  0000a87e    00000002     --HOLE-- [fill = 0]
                  0000a880    00000064               : context.obj (.text:GrContextInit)
                  0000a8e4    00000064               : widget.obj (.text:WidgetMessageQueueProcess)
                  0000a948    00000062               : context.obj (.text:GrContextClipRegionSet)
                  0000a9aa    00000002     --HOLE-- [fill = 0]
                  0000a9ac    00000060     driverlib.lib : interrupt.obj (.text:IntEnable)
                  0000aa0c    0000005c     grlib.lib : string.obj (.text:FontWideGlyphDataGet)
                  0000aa68    0000005c     driverlib.lib : timer.obj (.text:TimerConfigure)
                  0000aac4    00000058                   : timer.obj (.text:TimerControlTrigger)
                  0000ab1c    00000056     grlib.lib : widget.obj (.text:WidgetMessageSendPreOrder)
                  0000ab72    00000002     --HOLE-- [fill = 0]
                  0000ab74    00000050     rtsv7M4_T_le_v4SPD16_eabi.lib : boot.obj (.text)
                  0000abc4    0000004c                                   : cpy_tbl.obj (.text)
                  0000ac10    0000004a     grlib.lib : string.obj (.text:UpdateContextCharMapping)
                  0000ac5a    00000002     --HOLE-- [fill = 0]
                  0000ac5c    00000048     driverlib.lib : gpio.obj (.text:GPIOPinConfigure)
                  0000aca4    00000046     grlib.lib : line.obj (.text:GrLineDrawH)
                  0000acea    00000046               : line.obj (.text:GrLineDrawV)
                  0000ad30    00000044     rtsv7M4_T_le_v4SPD16_eabi.lib : exit.obj (.text)
                  0000ad74    00000040     driverlib.lib : uart.obj (.text:UARTConfigSetExpClk)
                  0000adb4    0000003e                   : adc.obj (.text:ADCSequenceConfigure)
                  0000adf2    0000003a     grlib.lib : string.obj (.text:FontGlyphDataGet)
                  0000ae2c    00000034     driverlib.lib : sysctl.obj (.text:SysCtlPeripheralEnable)
                  0000ae60    0000002a                   : gpio.obj (.text:GPIODirModeSet)
                  0000ae8a    0000002a     grlib.lib : string.obj (.text:GrFontBaselineGet)
                  0000aeb4    0000002a               : string.obj (.text:GrStringNextCharGet)
                  0000aede    0000002a               : widget.obj (.text:WidgetIsInTree)
                  0000af08    00000026               : string.obj (.text:GrFontInfoGet)
                  0000af2e    00000024               : widget.obj (.text:WidgetAdd)
                  0000af52    00000022               : string.obj (.text:GrFontGlyphDataGet)
                  0000af74    00000022               : pushbutton.obj (.text:RectangularButtonMsgProc)
                  0000af96    00000002     --HOLE-- [fill = 0]
                  0000af98    00000020     RPSS_System.obj (.text)
                  0000afb8    0000001e     grlib.lib : string.obj (.text:GrFontCodepageGet)
                  0000afd6    00000002     --HOLE-- [fill = 0]
                  0000afd8    0000001c     driverlib.lib : uart.obj (.text:UARTDisable)
                  0000aff4    0000001c     grlib.lib : widget.obj (.text:WidgetPointerMessage)
                  0000b010    00000018     driverlib.lib : gpio.obj (.text:GPIOPinTypeGPIOOutput)
                  0000b028    00000018     RPSS_main.obj (.text)
                  0000b040    00000018     rtsv7M4_T_le_v4SPD16_eabi.lib : args_main.obj (.text)
                  0000b058    00000014     driverlib.lib : uart.obj (.text:UARTEnable)
                  0000b06c    00000014     grlib.lib : widget.obj (.text:WidgetMutexGet)
                  0000b080    00000014     rtsv7M4_T_le_v4SPD16_eabi.lib : _lock.obj (.text)
                  0000b094    00000012     driverlib.lib : adc.obj (.text:ADCHardwareOversampleConfigure)
                  0000b0a6    00000012                   : gpio.obj (.text:GPIOPinTypeUART)
                  0000b0b8    00000012     grlib.lib : string.obj (.text:GrStringDraw)
                  0000b0ca    00000012     driverlib.lib : timer.obj (.text:TimerLoadSet)
                  0000b0dc    00000010                   : adc.obj (.text:ADCIntEnable)
                  0000b0ec    0000000e                   : adc.obj (.text:ADCSequenceEnable)
                  0000b0fa    0000000e     grlib.lib : image.obj (.text:GrImageDraw)
                  0000b108    0000000e     driverlib.lib : timer.obj (.text:TimerEnable)
                  0000b116    0000000e     rtsv7M4_T_le_v4SPD16_eabi.lib : copy_decompress_none.obj (.text:decompress:none)
                  0000b124    0000000c     driverlib.lib : uart.obj (.text:UARTCharsAvail)
                  0000b130    0000000c     rtsv7M4_T_le_v4SPD16_eabi.lib : copy_zero_init.obj (.text:decompress:ZI)
                  0000b13c    0000000c     tm4c123gh6pm_startup_ccs.obj (.text)
                  0000b148    0000000a     driverlib.lib : uart.obj (.text:UARTCharGet)
                  0000b152    0000000a                   : uart.obj (.text:UARTCharPut)
                  0000b15c    00000008     grlib.lib : charmap.obj (.text:GrMapISO8859_1_Unicode)
                  0000b164    00000006     driverlib.lib : gpio.obj (.text:GPIOPinWrite)
                  0000b16a    00000006     grlib.lib : string.obj (.text:GrContextFontSet)
                  0000b170    00000006     driverlib.lib : sysctl.obj (.text:SysCtlDelay)
                  0000b176    00000006     grlib.lib : widget.obj (.text:WidgetMutexPut)
                  0000b17c    00000006     rtsv7M4_T_le_v4SPD16_eabi.lib : copy_decompress_rle.obj (.text:decompress:rle24)
                  0000b182    00000004     grlib.lib : widget.obj (.text:WidgetDefaultMsgProc)
                  0000b186    00000004     rtsv7M4_T_le_v4SPD16_eabi.lib : pre_init.obj (.text)

.cinit     0    0000b190    00000088     
                  0000b190    00000061     (.cinit..data.load) [load image, compression = rle]
                  0000b1f1    00000003     --HOLE-- [fill = 0]
                  0000b1f4    0000000c     (__TI_handler_table)
                  0000b200    00000008     (.cinit..bss.load) [load image, compression = zero_init]
                  0000b208    00000010     (__TI_cinit_table)

.init_array 
*          0    00000000    00000000     UNINITIALIZED

.stack     0    20000000    00000400     UNINITIALIZED
                  20000000    00000400     --HOLE--

.bss       0    20000400    000001b8     UNINITIALIZED
                  20000400    00000140     grlib.lib : widget.obj (.bss:g_psMQ)
                  20000540    0000002c     RPSS_display_driver.obj (.bss:sContext)
                  2000056c    00000020     grlib.lib : image.obj (.bss)
                  2000058c    00000010     (.common:g_psSamples)
                  2000059c    00000008     (.common:sRect)
                  200005a4    00000004               : context.obj (.bss)
                  200005a8    00000004     (.common:g_pfnTSHandler)
                  200005ac    00000004     (.common:g_plParmSet)
                  200005b0    00000004     (.common:g_ulTSState)
                  200005b4    00000002     (.common:g_sTouchX)
                  200005b6    00000002     (.common:g_sTouchY)

.TI.noinit 
*          0    20000400    00000000     UNINITIALIZED

.data      0    200005b8    000000a8     UNINITIALIZED
                  200005b8    00000050     RPSS_display_driver.obj (.data:g_sPushBtn)
                  20000608    0000002d     grlib.lib : widget.obj (.data)
                  20000635    00000001     RPSS_main.obj (.data)
                  20000636    00000002     --HOLE--
                  20000638    00000008     Kentec320x240x16_ssd2119_8bit.obj (.data)
                  20000640    00000008     rtsv7M4_T_le_v4SPD16_eabi.lib : _lock.obj (.data)
                  20000648    00000008                                   : exit.obj (.data)
                  20000650    00000005     RPSS_display_driver.obj (.data)
                  20000655    00000003     --HOLE--
                  20000658    00000004     rtsv7M4_T_le_v4SPD16_eabi.lib : stkdepth_vars.obj (.data)
                  2000065c    00000004     touch.obj (.data)

.TI.persistent 
*          0    200005b8    00000000     UNINITIALIZED


LINKER GENERATED COPY TABLES

__TI_cinit_table @ 0000b208 records: 2, size/record: 8, table size: 16
	.data: load addr=0000b190, load size=00000061 bytes, run addr=200005b8, run size=000000a8 bytes, compression=rle
	.bss: load addr=0000b200, load size=00000008 bytes, run addr=20000400, run size=000001b8 bytes, compression=zero_init


LINKER GENERATED HANDLER TABLE

__TI_handler_table @ 0000b1f4 records: 3, size/record: 4, table size: 12
	index: 0, handler: __TI_decompress_rle24
	index: 1, handler: __TI_decompress_none
	index: 2, handler: __TI_zero_init


GLOBAL SYMBOLS: SORTED ALPHABETICALLY BY Name 

address   name                          
-------   ----                          
0000b095  ADCHardwareOversampleConfigure
0000b0dd  ADCIntEnable                  
0000adb5  ADCSequenceConfigure          
0000b0ed  ADCSequenceEnable             
0000a5df  ADCSequenceStepConfigure      
0000ad31  C$$EXIT                       
0000ae61  GPIODirModeSet                
00009d5f  GPIOPadConfigSet              
0000ac5d  GPIOPinConfigure              
0000b011  GPIOPinTypeGPIOOutput         
0000b0a7  GPIOPinTypeUART               
0000b165  GPIOPinWrite                  
0000a949  GrContextClipRegionSet        
0000b16b  GrContextFontSet              
0000a881  GrContextInit                 
0000a343  GrDefaultStringRenderer       
0000ae8b  GrFontBaselineGet             
0000afb9  GrFontCodepageGet             
0000af53  GrFontGlyphDataGet            
00009753  GrFontGlyphRender             
0000af09  GrFontInfoGet                 
0000b0fb  GrImageDraw                   
0000aca5  GrLineDrawH                   
0000aceb  GrLineDrawV                   
0000b15d  GrMapISO8859_1_Unicode        
0000a819  GrRectDraw                    
0000a559  GrRectFill                    
0000b0b9  GrStringDraw                  
0000aeb5  GrStringNextCharGet           
0000a745  GrStringWidthGet              
0000a9ad  IntEnable                     
000084c5  Kentec320x240x16_SSD2119Init  
0000832b  LED_OFF                       
00008311  LED_ON                        
0000a275  RPSS_Handler                  
0000af99  RPSS_System_init              
0000af75  RectangularButtonMsgProc      
0000b13d  ResetISR                      
UNDEFED   SHT$$INIT_ARRAY$$Base         
UNDEFED   SHT$$INIT_ARRAY$$Limit        
00009e91  SysCtlClockGet                
00009fa9  SysCtlClockSet                
0000b171  SysCtlDelay                   
0000ae2d  SysCtlPeripheralEnable        
0000aa69  TimerConfigure                
0000aac5  TimerControlTrigger           
0000b109  TimerEnable                   
0000b0cb  TimerLoadSet                  
0000908d  TouchScreenCallbackSet        
00008fc1  TouchScreenInit               
00008e8b  TouchScreenIntHandler         
0000b149  UARTCharGet                   
0000b153  UARTCharPut                   
0000b125  UARTCharsAvail                
0000ad75  UARTConfigSetExpClk           
0000afd9  UARTDisable                   
0000b059  UARTEnable                    
0000af2f  WidgetAdd                     
0000b183  WidgetDefaultMsgProc          
0000a099  WidgetMessageQueueAdd         
0000a8e5  WidgetMessageQueueProcess     
0000a40d  WidgetMessageSendPostOrder    
0000ab1d  WidgetMessageSendPreOrder     
0000b06d  WidgetMutexGet                
0000b177  WidgetMutexPut                
0000aff5  WidgetPointerMessage          
2000063c  WriteCommand                  
20000638  WriteData                     
20000400  __STACK_END                   
00000400  __STACK_SIZE                  
20000400  __STACK_TOP                   
0000b208  __TI_CINIT_Base               
0000b218  __TI_CINIT_Limit              
0000b1f4  __TI_Handler_Table_Base       
0000b200  __TI_Handler_Table_Limit      
0000a6d9  __TI_auto_init                
20000648  __TI_cleanup_ptr              
0000b117  __TI_decompress_none          
0000b17d  __TI_decompress_rle24         
2000064c  __TI_dtors_ptr                
00000000  __TI_static_base__            
0000b131  __TI_zero_init                
0000a65f  __aeabi_memclr                
0000a65f  __aeabi_memclr4               
0000a65f  __aeabi_memclr8               
0000a4bd  __aeabi_memcpy                
0000a4bd  __aeabi_memcpy4               
0000a4bd  __aeabi_memcpy8               
0000a661  __aeabi_memset                
0000a661  __aeabi_memset4               
0000a661  __aeabi_memset8               
ffffffff  __binit__                     
ffffffff  __c_args__                    
20000000  __stack                       
0000b041  _args_main                    
0000ab75  _c_int00                      
20000640  _lock                         
0000b08f  _nop                          
0000b087  _register_lock                
0000b081  _register_unlock              
0000b187  _system_pre_init              
20000644  _unlock                       
0000ad35  abort                         
0000026c  alcoholPic                    
ffffffff  binit                         
0000abc5  copy_in                       
00007d2f  display_database_check        
0000819d  display_error_state           
00007941  display_intro                 
000080b9  display_maintenance_mode      
00007a3d  display_outro                 
00007f8f  display_registration          
00007e6f  display_release_items         
00007b31  display_waiting_time          
00007c35  display_welcome               
0000ad3d  exit                          
20000654  g_RedLedOn                    
00007808  g_lTouchParameters            
00000000  g_pfnVectors                  
200005ac  g_plParmSet                   
00007878  g_psDefaultCodePointMapTable  
00007444  g_sFontCmss22b                
0000750c  g_sFontCmss30b                
000075d4  g_sFontCmss40b                
00007840  g_sKentec320x240x16_SSD2119   
200005b8  g_sPushBtn                    
20000608  g_sRoot                       
2000065c  g_sTouchMin                   
200005b4  g_sTouchX                     
200005b6  g_sTouchY                     
0000afa9  init_clock                    
00007889  init_display                  
000099b9  init_uart                     
0000b029  main                          
20000658  main_func_sp                  
0000a4bd  memcpy                        
0000a667  memset                        
20000650  notTouched                    
20000540  sContext                      
2000059c  sRect                         
20000635  state                         
00009bb9  uart_transceiver              
000099f3  update_peripheral_controller  
00007939  wait_for_touch                


GLOBAL SYMBOLS: SORTED BY Symbol Address 

address   name                          
-------   ----                          
00000000  __TI_static_base__            
00000000  g_pfnVectors                  
0000026c  alcoholPic                    
00000400  __STACK_SIZE                  
00007444  g_sFontCmss22b                
0000750c  g_sFontCmss30b                
000075d4  g_sFontCmss40b                
00007808  g_lTouchParameters            
00007840  g_sKentec320x240x16_SSD2119   
00007878  g_psDefaultCodePointMapTable  
00007889  init_display                  
00007939  wait_for_touch                
00007941  display_intro                 
00007a3d  display_outro                 
00007b31  display_waiting_time          
00007c35  display_welcome               
00007d2f  display_database_check        
00007e6f  display_release_items         
00007f8f  display_registration          
000080b9  display_maintenance_mode      
0000819d  display_error_state           
00008311  LED_ON                        
0000832b  LED_OFF                       
000084c5  Kentec320x240x16_SSD2119Init  
00008e8b  TouchScreenIntHandler         
00008fc1  TouchScreenInit               
0000908d  TouchScreenCallbackSet        
00009753  GrFontGlyphRender             
000099b9  init_uart                     
000099f3  update_peripheral_controller  
00009bb9  uart_transceiver              
00009d5f  GPIOPadConfigSet              
00009e91  SysCtlClockGet                
00009fa9  SysCtlClockSet                
0000a099  WidgetMessageQueueAdd         
0000a275  RPSS_Handler                  
0000a343  GrDefaultStringRenderer       
0000a40d  WidgetMessageSendPostOrder    
0000a4bd  __aeabi_memcpy                
0000a4bd  __aeabi_memcpy4               
0000a4bd  __aeabi_memcpy8               
0000a4bd  memcpy                        
0000a559  GrRectFill                    
0000a5df  ADCSequenceStepConfigure      
0000a65f  __aeabi_memclr                
0000a65f  __aeabi_memclr4               
0000a65f  __aeabi_memclr8               
0000a661  __aeabi_memset                
0000a661  __aeabi_memset4               
0000a661  __aeabi_memset8               
0000a667  memset                        
0000a6d9  __TI_auto_init                
0000a745  GrStringWidthGet              
0000a819  GrRectDraw                    
0000a881  GrContextInit                 
0000a8e5  WidgetMessageQueueProcess     
0000a949  GrContextClipRegionSet        
0000a9ad  IntEnable                     
0000aa69  TimerConfigure                
0000aac5  TimerControlTrigger           
0000ab1d  WidgetMessageSendPreOrder     
0000ab75  _c_int00                      
0000abc5  copy_in                       
0000ac5d  GPIOPinConfigure              
0000aca5  GrLineDrawH                   
0000aceb  GrLineDrawV                   
0000ad31  C$$EXIT                       
0000ad35  abort                         
0000ad3d  exit                          
0000ad75  UARTConfigSetExpClk           
0000adb5  ADCSequenceConfigure          
0000ae2d  SysCtlPeripheralEnable        
0000ae61  GPIODirModeSet                
0000ae8b  GrFontBaselineGet             
0000aeb5  GrStringNextCharGet           
0000af09  GrFontInfoGet                 
0000af2f  WidgetAdd                     
0000af53  GrFontGlyphDataGet            
0000af75  RectangularButtonMsgProc      
0000af99  RPSS_System_init              
0000afa9  init_clock                    
0000afb9  GrFontCodepageGet             
0000afd9  UARTDisable                   
0000aff5  WidgetPointerMessage          
0000b011  GPIOPinTypeGPIOOutput         
0000b029  main                          
0000b041  _args_main                    
0000b059  UARTEnable                    
0000b06d  WidgetMutexGet                
0000b081  _register_unlock              
0000b087  _register_lock                
0000b08f  _nop                          
0000b095  ADCHardwareOversampleConfigure
0000b0a7  GPIOPinTypeUART               
0000b0b9  GrStringDraw                  
0000b0cb  TimerLoadSet                  
0000b0dd  ADCIntEnable                  
0000b0ed  ADCSequenceEnable             
0000b0fb  GrImageDraw                   
0000b109  TimerEnable                   
0000b117  __TI_decompress_none          
0000b125  UARTCharsAvail                
0000b131  __TI_zero_init                
0000b13d  ResetISR                      
0000b149  UARTCharGet                   
0000b153  UARTCharPut                   
0000b15d  GrMapISO8859_1_Unicode        
0000b165  GPIOPinWrite                  
0000b16b  GrContextFontSet              
0000b171  SysCtlDelay                   
0000b177  WidgetMutexPut                
0000b17d  __TI_decompress_rle24         
0000b183  WidgetDefaultMsgProc          
0000b187  _system_pre_init              
0000b1f4  __TI_Handler_Table_Base       
0000b200  __TI_Handler_Table_Limit      
0000b208  __TI_CINIT_Base               
0000b218  __TI_CINIT_Limit              
20000000  __stack                       
20000400  __STACK_END                   
20000400  __STACK_TOP                   
20000540  sContext                      
2000059c  sRect                         
200005ac  g_plParmSet                   
200005b4  g_sTouchX                     
200005b6  g_sTouchY                     
200005b8  g_sPushBtn                    
20000608  g_sRoot                       
20000635  state                         
20000638  WriteData                     
2000063c  WriteCommand                  
20000640  _lock                         
20000644  _unlock                       
20000648  __TI_cleanup_ptr              
2000064c  __TI_dtors_ptr                
20000650  notTouched                    
20000654  g_RedLedOn                    
20000658  main_func_sp                  
2000065c  g_sTouchMin                   
ffffffff  __binit__                     
ffffffff  __c_args__                    
ffffffff  binit                         
UNDEFED   SHT$$INIT_ARRAY$$Base         
UNDEFED   SHT$$INIT_ARRAY$$Limit        

[144 symbols]
