******************************************************************************
                  TI ARM Linker PC v5.2.2                      
******************************************************************************
>> Linked Tue Apr 28 21:27:25 2015

OUTPUT FILE NAME:   <lab10.out>
ENTRY POINT SYMBOL: "_c_int00"  address: 0000af0d


MEMORY CONFIGURATION

         name            origin    length      used     unused   attr    fill
----------------------  --------  ---------  --------  --------  ----  --------
  FLASH                 00000000   00040000  0000b63e  000349c2  R  X
  SRAM                  20000000   00008000  000006e0  00007920  RW X


SEGMENT ALLOCATION MAP

run origin  load origin   length   init length attrs members
----------  ----------- ---------- ----------- ----- -------
00000000    00000000    0000b640   0000b640    r-x
  00000000    00000000    0000026c   0000026c    r-- .intvecs
  0000026c    0000026c    00008108   00008108    r-- .const
  00008374    00008374    000031ea   000031ea    r-x .text
  0000b560    0000b560    000000e0   000000e0    r-- .cinit
20000000    20000000    000006e0   00000000    rw-
  20000000    20000000    00000400   00000000    rw- .stack
  20000400    20000400    000001b8   00000000    rw- .bss
  200005b8    200005b8    00000128   00000000    rw- .data


SECTION ALLOCATION MAP

 output                                  attributes/
section   page    origin      length       input sections
--------  ----  ----------  ----------   ----------------
.intvecs   0    00000000    0000026c     
                  00000000    0000026c     tm4c123gh6pm_startup_ccs.obj (.intvecs)

.const     0    0000026c    00008108     
                  0000026c    00005d82     RPSS_display_driver.obj (.const:.string:prettyImage)
                  00005fee    00000002     --HOLE-- [fill = 0]
                  00005ff0    00000cb4     grlib.lib : fontcmss30b.obj (.const:.string:g_pui8Cmss30bData)
                  00006ca4    0000095e               : fontcm20.obj (.const:.string:g_pui8Cm20Data)
                  00007602    00000002     --HOLE-- [fill = 0]
                  00007604    0000091e               : fontcmss22b.obj (.const:.string:g_pui8Cmss22bData)
                  00007f22    00000002     --HOLE-- [fill = 0]
                  00007f24    000000c8               : fontcm20.obj (.const:g_sFontCm20)
                  00007fec    000000c8               : fontcmss22b.obj (.const:g_sFontCmss22b)
                  000080b4    000000c8               : fontcmss30b.obj (.const:g_sFontCmss30b)
                  0000817c    00000090     driverlib.lib : gpio.obj (.const:g_pui32GPIOBaseAddrs)
                  0000820c    00000070                   : interrupt.obj (.const)
                  0000827c    0000006c                   : sysctl.obj (.const:g_pui32Xtals)
                  000082e8    00000038     touch.obj (.const:g_lTouchParameters)
                  00008320    00000028     Kentec320x240x16_ssd2119_8bit.obj (.const:g_sKentec320x240x16_SSD2119)
                  00008348    0000001c     RPSS_display_driver.obj (.const:.string)
                  00008364    00000010     grlib.lib : context.obj (.const)

.text      0    00008374    000031ea     
                  00008374    00000988     Kentec320x240x16_ssd2119_8bit.obj (.text)
                  00008cfc    00000460     touch.obj (.text)
                  0000915c    0000038c     grlib.lib : image.obj (.text:InternalImageDraw)
                  000094e8    000002ce               : image.obj (.text:PixelTransparentDraw)
                  000097b6    00000002     --HOLE-- [fill = 0]
                  000097b8    00000270     RPSS_display_driver.obj (.text)
                  00009a28    00000266     grlib.lib : string.obj (.text:GrFontGlyphRender)
                  00009c8e    00000002     --HOLE-- [fill = 0]
                  00009c90    00000198     RPSS_uart_driver.obj (.text)
                  00009e28    00000188     grlib.lib : canvas.obj (.text:CanvasPaint)
                  00009fb0    0000016e               : pushbutton.obj (.text:RectangularButtonPaint)
                  0000a11e    00000130     driverlib.lib : gpio.obj (.text:GPIOPadConfigSet)
                  0000a24e    00000002     --HOLE-- [fill = 0]
                  0000a250    00000118                   : sysctl.obj (.text:SysCtlClockGet)
                  0000a368    000000f0                   : sysctl.obj (.text:SysCtlClockSet)
                  0000a458    000000f0     grlib.lib : widget.obj (.text:WidgetMessageQueueAdd)
                  0000a548    000000ec               : pushbutton.obj (.text:RectangularButtonClick)
                  0000a634    000000ca               : string.obj (.text:GrDefaultStringRenderer)
                  0000a6fe    00000002     --HOLE-- [fill = 0]
                  0000a700    000000b0               : widget.obj (.text:WidgetMessageSendPostOrder)
                  0000a7b0    000000a2     RPSS_handler.obj (.text)
                  0000a852    0000009c     rtsv7M4_T_le_v4SPD16_eabi.lib : memcpy_t2.obj (.text)
                  0000a8ee    00000086     grlib.lib : rectangle.obj (.text:GrRectFill)
                  0000a974    00000080     driverlib.lib : adc.obj (.text:ADCSequenceStepConfigure)
                  0000a9f4    0000007a     rtsv7M4_T_le_v4SPD16_eabi.lib : memset_t2.obj (.text)
                  0000aa6e    00000002     --HOLE-- [fill = 0]
                  0000aa70    0000006c                                   : autoinit.obj (.text)
                  0000aadc    0000006a     grlib.lib : string.obj (.text:GrStringWidthGet)
                  0000ab46    0000006a     rtsv7M4_T_le_v4SPD16_eabi.lib : copy_decompress_rle.obj (.text)
                  0000abb0    00000066     grlib.lib : rectangle.obj (.text:GrRectDraw)
                  0000ac16    00000002     --HOLE-- [fill = 0]
                  0000ac18    00000064               : context.obj (.text:GrContextInit)
                  0000ac7c    00000064               : widget.obj (.text:WidgetMessageQueueProcess)
                  0000ace0    00000062               : context.obj (.text:GrContextClipRegionSet)
                  0000ad42    00000002     --HOLE-- [fill = 0]
                  0000ad44    00000060     driverlib.lib : interrupt.obj (.text:IntEnable)
                  0000ada4    0000005c     grlib.lib : string.obj (.text:FontWideGlyphDataGet)
                  0000ae00    0000005c     driverlib.lib : timer.obj (.text:TimerConfigure)
                  0000ae5c    00000058                   : timer.obj (.text:TimerControlTrigger)
                  0000aeb4    00000056     grlib.lib : widget.obj (.text:WidgetMessageSendPreOrder)
                  0000af0a    00000002     --HOLE-- [fill = 0]
                  0000af0c    00000050     rtsv7M4_T_le_v4SPD16_eabi.lib : boot.obj (.text)
                  0000af5c    0000004c                                   : cpy_tbl.obj (.text)
                  0000afa8    0000004a     grlib.lib : string.obj (.text:UpdateContextCharMapping)
                  0000aff2    00000002     --HOLE-- [fill = 0]
                  0000aff4    00000048     driverlib.lib : gpio.obj (.text:GPIOPinConfigure)
                  0000b03c    00000046     grlib.lib : line.obj (.text:GrLineDrawH)
                  0000b082    00000046               : line.obj (.text:GrLineDrawV)
                  0000b0c8    00000044     rtsv7M4_T_le_v4SPD16_eabi.lib : exit.obj (.text)
                  0000b10c    00000040     driverlib.lib : uart.obj (.text:UARTConfigSetExpClk)
                  0000b14c    0000003e                   : adc.obj (.text:ADCSequenceConfigure)
                  0000b18a    0000003a     grlib.lib : string.obj (.text:FontGlyphDataGet)
                  0000b1c4    00000034     driverlib.lib : sysctl.obj (.text:SysCtlPeripheralEnable)
                  0000b1f8    0000002a                   : gpio.obj (.text:GPIODirModeSet)
                  0000b222    0000002a     grlib.lib : string.obj (.text:GrFontBaselineGet)
                  0000b24c    0000002a               : string.obj (.text:GrFontHeightGet)
                  0000b276    0000002a               : string.obj (.text:GrStringNextCharGet)
                  0000b2a0    0000002a               : widget.obj (.text:WidgetIsInTree)
                  0000b2ca    00000026               : string.obj (.text:GrFontInfoGet)
                  0000b2f0    00000024               : widget.obj (.text:WidgetAdd)
                  0000b314    00000022               : string.obj (.text:GrFontGlyphDataGet)
                  0000b336    00000022               : pushbutton.obj (.text:RectangularButtonMsgProc)
                  0000b358    00000020     RPSS_System.obj (.text)
                  0000b378    0000001e     grlib.lib : string.obj (.text:GrFontCodepageGet)
                  0000b396    00000002     --HOLE-- [fill = 0]
                  0000b398    0000001c     driverlib.lib : uart.obj (.text:UARTDisable)
                  0000b3b4    0000001c     grlib.lib : widget.obj (.text:WidgetPointerMessage)
                  0000b3d0    00000018     driverlib.lib : gpio.obj (.text:GPIOPinTypeGPIOOutput)
                  0000b3e8    00000018     RPSS_main.obj (.text)
                  0000b400    00000018     rtsv7M4_T_le_v4SPD16_eabi.lib : args_main.obj (.text)
                  0000b418    00000014     grlib.lib : canvas.obj (.text:CanvasMsgProc)
                  0000b42c    00000014     driverlib.lib : uart.obj (.text:UARTEnable)
                  0000b440    00000014     grlib.lib : widget.obj (.text:WidgetMutexGet)
                  0000b454    00000014     rtsv7M4_T_le_v4SPD16_eabi.lib : _lock.obj (.text)
                  0000b468    00000012     driverlib.lib : adc.obj (.text:ADCHardwareOversampleConfigure)
                  0000b47a    00000012                   : gpio.obj (.text:GPIOPinTypeUART)
                  0000b48c    00000012     grlib.lib : string.obj (.text:GrStringDraw)
                  0000b49e    00000012     driverlib.lib : timer.obj (.text:TimerLoadSet)
                  0000b4b0    00000010                   : adc.obj (.text:ADCIntEnable)
                  0000b4c0    0000000e                   : adc.obj (.text:ADCSequenceEnable)
                  0000b4ce    0000000e     grlib.lib : image.obj (.text:GrImageDraw)
                  0000b4dc    0000000e     driverlib.lib : timer.obj (.text:TimerEnable)
                  0000b4ea    0000000e     rtsv7M4_T_le_v4SPD16_eabi.lib : copy_decompress_none.obj (.text:decompress:none)
                  0000b4f8    0000000c     driverlib.lib : uart.obj (.text:UARTCharsAvail)
                  0000b504    0000000c     rtsv7M4_T_le_v4SPD16_eabi.lib : copy_zero_init.obj (.text:decompress:ZI)
                  0000b510    0000000c     tm4c123gh6pm_startup_ccs.obj (.text)
                  0000b51c    0000000a     driverlib.lib : uart.obj (.text:UARTCharGet)
                  0000b526    0000000a                   : uart.obj (.text:UARTCharPut)
                  0000b530    00000008     grlib.lib : charmap.obj (.text:GrMapISO8859_1_Unicode)
                  0000b538    00000006     driverlib.lib : gpio.obj (.text:GPIOPinWrite)
                  0000b53e    00000006     grlib.lib : string.obj (.text:GrContextFontSet)
                  0000b544    00000006     driverlib.lib : sysctl.obj (.text:SysCtlDelay)
                  0000b54a    00000006     grlib.lib : widget.obj (.text:WidgetMutexPut)
                  0000b550    00000006     rtsv7M4_T_le_v4SPD16_eabi.lib : copy_decompress_rle.obj (.text:decompress:rle24)
                  0000b556    00000004     grlib.lib : widget.obj (.text:WidgetDefaultMsgProc)
                  0000b55a    00000004     rtsv7M4_T_le_v4SPD16_eabi.lib : pre_init.obj (.text)

.cinit     0    0000b560    000000e0     
                  0000b560    000000ba     (.cinit..data.load) [load image, compression = rle]
                  0000b61a    00000002     --HOLE-- [fill = 0]
                  0000b61c    0000000c     (__TI_handler_table)
                  0000b628    00000008     (.cinit..bss.load) [load image, compression = zero_init]
                  0000b630    00000010     (__TI_cinit_table)

.init_array 
*          0    00000000    00000000     UNINITIALIZED

.stack     0    20000000    00000400     UNINITIALIZED
                  20000000    00000400     --HOLE--

.bss       0    20000400    000001b8     UNINITIALIZED
                  20000400    00000140     grlib.lib : widget.obj (.bss:g_psMQ)
                  20000540    0000002c     RPSS_display_driver.obj (.bss:sContext)
                  2000056c    00000020     grlib.lib : image.obj (.bss)
                  2000058c    00000010     (.common:g_psSamples)
                  2000059c    00000008     (.common:sRect)
                  200005a4    00000004               : context.obj (.bss)
                  200005a8    00000004     (.common:g_pfnTSHandler)
                  200005ac    00000004     (.common:g_plParmSet)
                  200005b0    00000004     (.common:g_ulTSState)
                  200005b4    00000002     (.common:g_sTouchX)
                  200005b6    00000002     (.common:g_sTouchY)

.TI.noinit 
*          0    20000400    00000000     UNINITIALIZED

.data      0    200005b8    00000128     UNINITIALIZED
                  200005b8    00000050     RPSS_display_driver.obj (.data:g_sPushBtn)
                  20000608    00000040     RPSS_display_driver.obj (.data:g_sBackground)
                  20000648    00000040     RPSS_display_driver.obj (.data:g_sHeading)
                  20000688    0000002d     grlib.lib : widget.obj (.data)
                  200006b5    00000001     RPSS_main.obj (.data)
                  200006b6    00000002     --HOLE--
                  200006b8    00000008     Kentec320x240x16_ssd2119_8bit.obj (.data)
                  200006c0    00000008     rtsv7M4_T_le_v4SPD16_eabi.lib : _lock.obj (.data)
                  200006c8    00000008                                   : exit.obj (.data)
                  200006d0    00000005     RPSS_display_driver.obj (.data)
                  200006d5    00000003     --HOLE--
                  200006d8    00000004     rtsv7M4_T_le_v4SPD16_eabi.lib : stkdepth_vars.obj (.data)
                  200006dc    00000004     touch.obj (.data)

.TI.persistent 
*          0    200005b8    00000000     UNINITIALIZED


LINKER GENERATED COPY TABLES

__TI_cinit_table @ 0000b630 records: 2, size/record: 8, table size: 16
	.data: load addr=0000b560, load size=000000ba bytes, run addr=200005b8, run size=00000128 bytes, compression=rle
	.bss: load addr=0000b628, load size=00000008 bytes, run addr=20000400, run size=000001b8 bytes, compression=zero_init


LINKER GENERATED HANDLER TABLE

__TI_handler_table @ 0000b61c records: 3, size/record: 4, table size: 12
	index: 0, handler: __TI_decompress_rle24
	index: 1, handler: __TI_decompress_none
	index: 2, handler: __TI_zero_init


GLOBAL SYMBOLS: SORTED ALPHABETICALLY BY Name 

address   name                          
-------   ----                          
0000b469  ADCHardwareOversampleConfigure
0000b4b1  ADCIntEnable                  
0000b14d  ADCSequenceConfigure          
0000b4c1  ADCSequenceEnable             
0000a975  ADCSequenceStepConfigure      
0000b0c9  C$$EXIT                       
0000b419  CanvasMsgProc                 
0000b1f9  GPIODirModeSet                
0000a11f  GPIOPadConfigSet              
0000aff5  GPIOPinConfigure              
0000b3d1  GPIOPinTypeGPIOOutput         
0000b47b  GPIOPinTypeUART               
0000b539  GPIOPinWrite                  
0000ace1  GrContextClipRegionSet        
0000b53f  GrContextFontSet              
0000ac19  GrContextInit                 
0000a635  GrDefaultStringRenderer       
0000b223  GrFontBaselineGet             
0000b379  GrFontCodepageGet             
0000b315  GrFontGlyphDataGet            
00009a29  GrFontGlyphRender             
0000b24d  GrFontHeightGet               
0000b2cb  GrFontInfoGet                 
0000b4cf  GrImageDraw                   
0000b03d  GrLineDrawH                   
0000b083  GrLineDrawV                   
0000b531  GrMapISO8859_1_Unicode        
0000abb1  GrRectDraw                    
0000a8ef  GrRectFill                    
0000b48d  GrStringDraw                  
0000b277  GrStringNextCharGet           
0000aadd  GrStringWidthGet              
0000ad45  IntEnable                     
00008529  Kentec320x240x16_SSD2119Init  
0000838f  LED_OFF                       
00008375  LED_ON                        
0000a7b1  RPSS_Handler                  
0000b359  RPSS_System_init              
0000b337  RectangularButtonMsgProc      
0000b511  ResetISR                      
UNDEFED   SHT$$INIT_ARRAY$$Base         
UNDEFED   SHT$$INIT_ARRAY$$Limit        
0000a251  SysCtlClockGet                
0000a369  SysCtlClockSet                
0000b545  SysCtlDelay                   
0000b1c5  SysCtlPeripheralEnable        
0000ae01  TimerConfigure                
0000ae5d  TimerControlTrigger           
0000b4dd  TimerEnable                   
0000b49f  TimerLoadSet                  
000090f1  TouchScreenCallbackSet        
00009025  TouchScreenInit               
00008eef  TouchScreenIntHandler         
0000b51d  UARTCharGet                   
0000b527  UARTCharPut                   
0000b4f9  UARTCharsAvail                
0000b10d  UARTConfigSetExpClk           
0000b399  UARTDisable                   
0000b42d  UARTEnable                    
0000b2f1  WidgetAdd                     
0000b557  WidgetDefaultMsgProc          
0000a459  WidgetMessageQueueAdd         
0000ac7d  WidgetMessageQueueProcess     
0000a701  WidgetMessageSendPostOrder    
0000aeb5  WidgetMessageSendPreOrder     
0000b441  WidgetMutexGet                
0000b54b  WidgetMutexPut                
0000b3b5  WidgetPointerMessage          
200006bc  WriteCommand                  
200006b8  WriteData                     
20000400  __STACK_END                   
00000400  __STACK_SIZE                  
20000400  __STACK_TOP                   
0000b630  __TI_CINIT_Base               
0000b640  __TI_CINIT_Limit              
0000b61c  __TI_Handler_Table_Base       
0000b628  __TI_Handler_Table_Limit      
0000aa71  __TI_auto_init                
200006c8  __TI_cleanup_ptr              
0000b4eb  __TI_decompress_none          
0000b551  __TI_decompress_rle24         
200006cc  __TI_dtors_ptr                
00000000  __TI_static_base__            
0000b505  __TI_zero_init                
0000a9f5  __aeabi_memclr                
0000a9f5  __aeabi_memclr4               
0000a9f5  __aeabi_memclr8               
0000a853  __aeabi_memcpy                
0000a853  __aeabi_memcpy4               
0000a853  __aeabi_memcpy8               
0000a9f7  __aeabi_memset                
0000a9f7  __aeabi_memset4               
0000a9f7  __aeabi_memset8               
ffffffff  __binit__                     
ffffffff  __c_args__                    
20000000  __stack                       
0000b401  _args_main                    
0000af0d  _c_int00                      
200006c0  _lock                         
0000b463  _nop                          
0000b45b  _register_lock                
0000b455  _register_unlock              
0000b55b  _system_pre_init              
200006c4  _unlock                       
0000b0cd  abort                         
ffffffff  binit                         
0000af5d  copy_in                       
00009871  display_intro                 
0000996d  display_outro                 
0000996f  display_waiting_time          
0000b0d5  exit                          
200006d4  g_RedLedOn                    
000082e8  g_lTouchParameters            
00000000  g_pfnVectors                  
200005ac  g_plParmSet                   
00008364  g_psDefaultCodePointMapTable  
20000608  g_sBackground                 
00007f24  g_sFontCm20                   
00007fec  g_sFontCmss22b                
000080b4  g_sFontCmss30b                
20000648  g_sHeading                    
00008320  g_sKentec320x240x16_SSD2119   
200005b8  g_sPushBtn                    
20000688  g_sRoot                       
200006dc  g_sTouchMin                   
200005b4  g_sTouchX                     
200005b6  g_sTouchY                     
0000b369  init_clock                    
000097b9  init_display                  
00009c91  init_uart                     
0000b3e9  main                          
200006d8  main_func_sp                  
0000a853  memcpy                        
0000a9fd  memset                        
200006d0  notTouched                    
0000026c  prettyImage                   
20000540  sContext                      
2000059c  sRect                         
200006b5  state                         
00009df3  uart_transceiver              
00009ccb  update_peripheral_controller  
00009869  wait_for_touch                


GLOBAL SYMBOLS: SORTED BY Symbol Address 

address   name                          
-------   ----                          
00000000  __TI_static_base__            
00000000  g_pfnVectors                  
0000026c  prettyImage                   
00000400  __STACK_SIZE                  
00007f24  g_sFontCm20                   
00007fec  g_sFontCmss22b                
000080b4  g_sFontCmss30b                
000082e8  g_lTouchParameters            
00008320  g_sKentec320x240x16_SSD2119   
00008364  g_psDefaultCodePointMapTable  
00008375  LED_ON                        
0000838f  LED_OFF                       
00008529  Kentec320x240x16_SSD2119Init  
00008eef  TouchScreenIntHandler         
00009025  TouchScreenInit               
000090f1  TouchScreenCallbackSet        
000097b9  init_display                  
00009869  wait_for_touch                
00009871  display_intro                 
0000996d  display_outro                 
0000996f  display_waiting_time          
00009a29  GrFontGlyphRender             
00009c91  init_uart                     
00009ccb  update_peripheral_controller  
00009df3  uart_transceiver              
0000a11f  GPIOPadConfigSet              
0000a251  SysCtlClockGet                
0000a369  SysCtlClockSet                
0000a459  WidgetMessageQueueAdd         
0000a635  GrDefaultStringRenderer       
0000a701  WidgetMessageSendPostOrder    
0000a7b1  RPSS_Handler                  
0000a853  __aeabi_memcpy                
0000a853  __aeabi_memcpy4               
0000a853  __aeabi_memcpy8               
0000a853  memcpy                        
0000a8ef  GrRectFill                    
0000a975  ADCSequenceStepConfigure      
0000a9f5  __aeabi_memclr                
0000a9f5  __aeabi_memclr4               
0000a9f5  __aeabi_memclr8               
0000a9f7  __aeabi_memset                
0000a9f7  __aeabi_memset4               
0000a9f7  __aeabi_memset8               
0000a9fd  memset                        
0000aa71  __TI_auto_init                
0000aadd  GrStringWidthGet              
0000abb1  GrRectDraw                    
0000ac19  GrContextInit                 
0000ac7d  WidgetMessageQueueProcess     
0000ace1  GrContextClipRegionSet        
0000ad45  IntEnable                     
0000ae01  TimerConfigure                
0000ae5d  TimerControlTrigger           
0000aeb5  WidgetMessageSendPreOrder     
0000af0d  _c_int00                      
0000af5d  copy_in                       
0000aff5  GPIOPinConfigure              
0000b03d  GrLineDrawH                   
0000b083  GrLineDrawV                   
0000b0c9  C$$EXIT                       
0000b0cd  abort                         
0000b0d5  exit                          
0000b10d  UARTConfigSetExpClk           
0000b14d  ADCSequenceConfigure          
0000b1c5  SysCtlPeripheralEnable        
0000b1f9  GPIODirModeSet                
0000b223  GrFontBaselineGet             
0000b24d  GrFontHeightGet               
0000b277  GrStringNextCharGet           
0000b2cb  GrFontInfoGet                 
0000b2f1  WidgetAdd                     
0000b315  GrFontGlyphDataGet            
0000b337  RectangularButtonMsgProc      
0000b359  RPSS_System_init              
0000b369  init_clock                    
0000b379  GrFontCodepageGet             
0000b399  UARTDisable                   
0000b3b5  WidgetPointerMessage          
0000b3d1  GPIOPinTypeGPIOOutput         
0000b3e9  main                          
0000b401  _args_main                    
0000b419  CanvasMsgProc                 
0000b42d  UARTEnable                    
0000b441  WidgetMutexGet                
0000b455  _register_unlock              
0000b45b  _register_lock                
0000b463  _nop                          
0000b469  ADCHardwareOversampleConfigure
0000b47b  GPIOPinTypeUART               
0000b48d  GrStringDraw                  
0000b49f  TimerLoadSet                  
0000b4b1  ADCIntEnable                  
0000b4c1  ADCSequenceEnable             
0000b4cf  GrImageDraw                   
0000b4dd  TimerEnable                   
0000b4eb  __TI_decompress_none          
0000b4f9  UARTCharsAvail                
0000b505  __TI_zero_init                
0000b511  ResetISR                      
0000b51d  UARTCharGet                   
0000b527  UARTCharPut                   
0000b531  GrMapISO8859_1_Unicode        
0000b539  GPIOPinWrite                  
0000b53f  GrContextFontSet              
0000b545  SysCtlDelay                   
0000b54b  WidgetMutexPut                
0000b551  __TI_decompress_rle24         
0000b557  WidgetDefaultMsgProc          
0000b55b  _system_pre_init              
0000b61c  __TI_Handler_Table_Base       
0000b628  __TI_Handler_Table_Limit      
0000b630  __TI_CINIT_Base               
0000b640  __TI_CINIT_Limit              
20000000  __stack                       
20000400  __STACK_END                   
20000400  __STACK_TOP                   
20000540  sContext                      
2000059c  sRect                         
200005ac  g_plParmSet                   
200005b4  g_sTouchX                     
200005b6  g_sTouchY                     
200005b8  g_sPushBtn                    
20000608  g_sBackground                 
20000648  g_sHeading                    
20000688  g_sRoot                       
200006b5  state                         
200006b8  WriteData                     
200006bc  WriteCommand                  
200006c0  _lock                         
200006c4  _unlock                       
200006c8  __TI_cleanup_ptr              
200006cc  __TI_dtors_ptr                
200006d0  notTouched                    
200006d4  g_RedLedOn                    
200006d8  main_func_sp                  
200006dc  g_sTouchMin                   
ffffffff  __binit__                     
ffffffff  __c_args__                    
ffffffff  binit                         
UNDEFED   SHT$$INIT_ARRAY$$Base         
UNDEFED   SHT$$INIT_ARRAY$$Limit        

[142 symbols]
