<?xml version="1.0"?>
<link_info>
   <banner>TI ARM Linker PC v5.2.2</banner>
   <copyright>Copyright (c) 1996-2015 Texas Instruments Incorporated</copyright>
   <link_time>0x5540337d</link_time>
   <link_errors>0x0</link_errors>
   <output_file>lab10.out</output_file>
   <entry_point>
      <name>_c_int00</name>
      <address>0xaf0d</address>
   </entry_point>
   <input_file_list>
      <input_file id="fl-2">
         <path>.\</path>
         <kind>object</kind>
         <file>Kentec320x240x16_ssd2119_8bit.obj</file>
         <name>Kentec320x240x16_ssd2119_8bit.obj</name>
      </input_file>
      <input_file id="fl-3">
         <path>.\</path>
         <kind>object</kind>
         <file>RPSS_System.obj</file>
         <name>RPSS_System.obj</name>
      </input_file>
      <input_file id="fl-4">
         <path>.\</path>
         <kind>object</kind>
         <file>RPSS_display_driver.obj</file>
         <name>RPSS_display_driver.obj</name>
      </input_file>
      <input_file id="fl-5">
         <path>.\</path>
         <kind>object</kind>
         <file>RPSS_handler.obj</file>
         <name>RPSS_handler.obj</name>
      </input_file>
      <input_file id="fl-6">
         <path>.\</path>
         <kind>object</kind>
         <file>RPSS_main.obj</file>
         <name>RPSS_main.obj</name>
      </input_file>
      <input_file id="fl-7">
         <path>.\</path>
         <kind>object</kind>
         <file>RPSS_uart_driver.obj</file>
         <name>RPSS_uart_driver.obj</name>
      </input_file>
      <input_file id="fl-8">
         <path>.\</path>
         <kind>object</kind>
         <file>images.obj</file>
         <name>images.obj</name>
      </input_file>
      <input_file id="fl-9">
         <path>.\</path>
         <kind>object</kind>
         <file>tm4c123gh6pm_startup_ccs.obj</file>
         <name>tm4c123gh6pm_startup_ccs.obj</name>
      </input_file>
      <input_file id="fl-a">
         <path>.\</path>
         <kind>object</kind>
         <file>touch.obj</file>
         <name>touch.obj</name>
      </input_file>
      <input_file id="fl-b">
         <path>.\</path>
         <kind>object</kind>
         <file>ustdlib.obj</file>
         <name>ustdlib.obj</name>
      </input_file>
      <input_file id="fl-12">
         <path>C:\ti\TivaWare_C_Series-2.1.0.12573\driverlib\ccs\Debug\</path>
         <kind>archive</kind>
         <file>driverlib.lib</file>
         <name>uart.obj</name>
      </input_file>
      <input_file id="fl-13">
         <path>C:\ti\TivaWare_C_Series-2.1.0.12573\driverlib\ccs\Debug\</path>
         <kind>archive</kind>
         <file>driverlib.lib</file>
         <name>timer.obj</name>
      </input_file>
      <input_file id="fl-14">
         <path>C:\ti\TivaWare_C_Series-2.1.0.12573\driverlib\ccs\Debug\</path>
         <kind>archive</kind>
         <file>driverlib.lib</file>
         <name>sysctl.obj</name>
      </input_file>
      <input_file id="fl-15">
         <path>C:\ti\TivaWare_C_Series-2.1.0.12573\driverlib\ccs\Debug\</path>
         <kind>archive</kind>
         <file>driverlib.lib</file>
         <name>interrupt.obj</name>
      </input_file>
      <input_file id="fl-16">
         <path>C:\ti\TivaWare_C_Series-2.1.0.12573\driverlib\ccs\Debug\</path>
         <kind>archive</kind>
         <file>driverlib.lib</file>
         <name>gpio.obj</name>
      </input_file>
      <input_file id="fl-17">
         <path>C:\ti\TivaWare_C_Series-2.1.0.12573\driverlib\ccs\Debug\</path>
         <kind>archive</kind>
         <file>driverlib.lib</file>
         <name>cpu.obj</name>
      </input_file>
      <input_file id="fl-18">
         <path>C:\ti\TivaWare_C_Series-2.1.0.12573\driverlib\ccs\Debug\</path>
         <kind>archive</kind>
         <file>driverlib.lib</file>
         <name>adc.obj</name>
      </input_file>
      <input_file id="fl-19">
         <path>C:\ti\TivaWare_C_Series-2.1.0.12573\grlib\ccs\Debug\</path>
         <kind>archive</kind>
         <file>grlib.lib</file>
         <name>fontcmss30b.obj</name>
      </input_file>
      <input_file id="fl-1a">
         <path>C:\ti\TivaWare_C_Series-2.1.0.12573\grlib\ccs\Debug\</path>
         <kind>archive</kind>
         <file>grlib.lib</file>
         <name>fontcmss22b.obj</name>
      </input_file>
      <input_file id="fl-1b">
         <path>C:\ti\TivaWare_C_Series-2.1.0.12573\grlib\ccs\Debug\</path>
         <kind>archive</kind>
         <file>grlib.lib</file>
         <name>fontcm20.obj</name>
      </input_file>
      <input_file id="fl-1c">
         <path>C:\ti\TivaWare_C_Series-2.1.0.12573\grlib\ccs\Debug\</path>
         <kind>archive</kind>
         <file>grlib.lib</file>
         <name>widget.obj</name>
      </input_file>
      <input_file id="fl-1d">
         <path>C:\ti\TivaWare_C_Series-2.1.0.12573\grlib\ccs\Debug\</path>
         <kind>archive</kind>
         <file>grlib.lib</file>
         <name>string.obj</name>
      </input_file>
      <input_file id="fl-1e">
         <path>C:\ti\TivaWare_C_Series-2.1.0.12573\grlib\ccs\Debug\</path>
         <kind>archive</kind>
         <file>grlib.lib</file>
         <name>rectangle.obj</name>
      </input_file>
      <input_file id="fl-1f">
         <path>C:\ti\TivaWare_C_Series-2.1.0.12573\grlib\ccs\Debug\</path>
         <kind>archive</kind>
         <file>grlib.lib</file>
         <name>pushbutton.obj</name>
      </input_file>
      <input_file id="fl-20">
         <path>C:\ti\TivaWare_C_Series-2.1.0.12573\grlib\ccs\Debug\</path>
         <kind>archive</kind>
         <file>grlib.lib</file>
         <name>line.obj</name>
      </input_file>
      <input_file id="fl-21">
         <path>C:\ti\TivaWare_C_Series-2.1.0.12573\grlib\ccs\Debug\</path>
         <kind>archive</kind>
         <file>grlib.lib</file>
         <name>image.obj</name>
      </input_file>
      <input_file id="fl-22">
         <path>C:\ti\TivaWare_C_Series-2.1.0.12573\grlib\ccs\Debug\</path>
         <kind>archive</kind>
         <file>grlib.lib</file>
         <name>context.obj</name>
      </input_file>
      <input_file id="fl-23">
         <path>C:\ti\TivaWare_C_Series-2.1.0.12573\grlib\ccs\Debug\</path>
         <kind>archive</kind>
         <file>grlib.lib</file>
         <name>circle.obj</name>
      </input_file>
      <input_file id="fl-24">
         <path>C:\ti\TivaWare_C_Series-2.1.0.12573\grlib\ccs\Debug\</path>
         <kind>archive</kind>
         <file>grlib.lib</file>
         <name>charmap.obj</name>
      </input_file>
      <input_file id="fl-25">
         <path>C:\ti\TivaWare_C_Series-2.1.0.12573\grlib\ccs\Debug\</path>
         <kind>archive</kind>
         <file>grlib.lib</file>
         <name>canvas.obj</name>
      </input_file>
      <input_file id="fl-147">
         <path>C:\ti\ccsv6\tools\compiler\ti-cgt-arm_5.2.2\lib\</path>
         <kind>archive</kind>
         <file>rtsv7M4_T_le_v4SPD16_eabi.lib</file>
         <name>boot.obj</name>
      </input_file>
      <input_file id="fl-148">
         <path>C:\ti\ccsv6\tools\compiler\ti-cgt-arm_5.2.2\lib\</path>
         <kind>archive</kind>
         <file>rtsv7M4_T_le_v4SPD16_eabi.lib</file>
         <name>copy_decompress_none.obj</name>
      </input_file>
      <input_file id="fl-149">
         <path>C:\ti\ccsv6\tools\compiler\ti-cgt-arm_5.2.2\lib\</path>
         <kind>archive</kind>
         <file>rtsv7M4_T_le_v4SPD16_eabi.lib</file>
         <name>copy_decompress_rle.obj</name>
      </input_file>
      <input_file id="fl-14a">
         <path>C:\ti\ccsv6\tools\compiler\ti-cgt-arm_5.2.2\lib\</path>
         <kind>archive</kind>
         <file>rtsv7M4_T_le_v4SPD16_eabi.lib</file>
         <name>copy_zero_init.obj</name>
      </input_file>
      <input_file id="fl-14b">
         <path>C:\ti\ccsv6\tools\compiler\ti-cgt-arm_5.2.2\lib\</path>
         <kind>archive</kind>
         <file>rtsv7M4_T_le_v4SPD16_eabi.lib</file>
         <name>exit.obj</name>
      </input_file>
      <input_file id="fl-14c">
         <path>C:\ti\ccsv6\tools\compiler\ti-cgt-arm_5.2.2\lib\</path>
         <kind>archive</kind>
         <file>rtsv7M4_T_le_v4SPD16_eabi.lib</file>
         <name>memcpy_t2.obj</name>
      </input_file>
      <input_file id="fl-14d">
         <path>C:\ti\ccsv6\tools\compiler\ti-cgt-arm_5.2.2\lib\</path>
         <kind>archive</kind>
         <file>rtsv7M4_T_le_v4SPD16_eabi.lib</file>
         <name>memset_t2.obj</name>
      </input_file>
      <input_file id="fl-14e">
         <path>C:\ti\ccsv6\tools\compiler\ti-cgt-arm_5.2.2\lib\</path>
         <kind>archive</kind>
         <file>rtsv7M4_T_le_v4SPD16_eabi.lib</file>
         <name>pre_init.obj</name>
      </input_file>
      <input_file id="fl-14f">
         <path>C:\ti\ccsv6\tools\compiler\ti-cgt-arm_5.2.2\lib\</path>
         <kind>archive</kind>
         <file>rtsv7M4_T_le_v4SPD16_eabi.lib</file>
         <name>stkdepth_vars.obj</name>
      </input_file>
      <input_file id="fl-150">
         <path>C:\ti\ccsv6\tools\compiler\ti-cgt-arm_5.2.2\lib\</path>
         <kind>archive</kind>
         <file>rtsv7M4_T_le_v4SPD16_eabi.lib</file>
         <name>u_divt2.obj</name>
      </input_file>
      <input_file id="fl-151">
         <path>C:\ti\ccsv6\tools\compiler\ti-cgt-arm_5.2.2\lib\</path>
         <kind>archive</kind>
         <file>rtsv7M4_T_le_v4SPD16_eabi.lib</file>
         <name>_lock.obj</name>
      </input_file>
      <input_file id="fl-152">
         <path>C:\ti\ccsv6\tools\compiler\ti-cgt-arm_5.2.2\lib\</path>
         <kind>archive</kind>
         <file>rtsv7M4_T_le_v4SPD16_eabi.lib</file>
         <name>args_main.obj</name>
      </input_file>
      <input_file id="fl-153">
         <path>C:\ti\ccsv6\tools\compiler\ti-cgt-arm_5.2.2\lib\</path>
         <kind>archive</kind>
         <file>rtsv7M4_T_le_v4SPD16_eabi.lib</file>
         <name>autoinit.obj</name>
      </input_file>
      <input_file id="fl-154">
         <path>C:\ti\ccsv6\tools\compiler\ti-cgt-arm_5.2.2\lib\</path>
         <kind>archive</kind>
         <file>rtsv7M4_T_le_v4SPD16_eabi.lib</file>
         <name>cpy_tbl.obj</name>
      </input_file>
   </input_file_list>
   <object_component_list>
      <object_component id="oc-f">
         <name>.intvecs</name>
         <load_address>0x0</load_address>
         <run_address>0x0</run_address>
         <size>0x26c</size>
         <input_file_ref idref="fl-9"/>
      </object_component>
      <object_component id="oc-1d1">
         <name>.text</name>
         <load_address>0x8374</load_address>
         <run_address>0x8374</run_address>
         <size>0x988</size>
         <input_file_ref idref="fl-2"/>
      </object_component>
      <object_component id="oc-30">
         <name>.text</name>
         <load_address>0x8cfc</load_address>
         <run_address>0x8cfc</run_address>
         <size>0x460</size>
         <input_file_ref idref="fl-a"/>
      </object_component>
      <object_component id="oc-287">
         <name>.text:InternalImageDraw</name>
         <load_address>0x915c</load_address>
         <run_address>0x915c</run_address>
         <size>0x38c</size>
         <input_file_ref idref="fl-21"/>
      </object_component>
      <object_component id="oc-331">
         <name>.text:PixelTransparentDraw</name>
         <load_address>0x94e8</load_address>
         <run_address>0x94e8</run_address>
         <size>0x2ce</size>
         <input_file_ref idref="fl-21"/>
      </object_component>
      <object_component id="oc-1af">
         <name>.text</name>
         <load_address>0x97b8</load_address>
         <run_address>0x97b8</run_address>
         <size>0x270</size>
         <input_file_ref idref="fl-4"/>
      </object_component>
      <object_component id="oc-307">
         <name>.text:GrFontGlyphRender</name>
         <load_address>0x9a28</load_address>
         <run_address>0x9a28</run_address>
         <size>0x266</size>
         <input_file_ref idref="fl-1d"/>
      </object_component>
      <object_component id="oc-1b5">
         <name>.text</name>
         <load_address>0x9c90</load_address>
         <run_address>0x9c90</run_address>
         <size>0x198</size>
         <input_file_ref idref="fl-7"/>
      </object_component>
      <object_component id="oc-35a">
         <name>.text:CanvasPaint</name>
         <load_address>0x9e28</load_address>
         <run_address>0x9e28</run_address>
         <size>0x188</size>
         <input_file_ref idref="fl-25"/>
      </object_component>
      <object_component id="oc-3b9">
         <name>.text:RectangularButtonPaint</name>
         <load_address>0x9fb0</load_address>
         <run_address>0x9fb0</run_address>
         <size>0x16e</size>
         <input_file_ref idref="fl-1f"/>
      </object_component>
      <object_component id="oc-13e">
         <name>.text:GPIOPadConfigSet</name>
         <load_address>0xa11e</load_address>
         <run_address>0xa11e</run_address>
         <size>0x130</size>
         <input_file_ref idref="fl-16"/>
      </object_component>
      <object_component id="oc-bf">
         <name>.text:SysCtlClockGet</name>
         <load_address>0xa250</load_address>
         <run_address>0xa250</run_address>
         <size>0x118</size>
         <input_file_ref idref="fl-14"/>
      </object_component>
      <object_component id="oc-1bb">
         <name>.text:SysCtlClockSet</name>
         <load_address>0xa368</load_address>
         <run_address>0xa368</run_address>
         <size>0xf0</size>
         <input_file_ref idref="fl-14"/>
      </object_component>
      <object_component id="oc-1e3">
         <name>.text:WidgetMessageQueueAdd</name>
         <load_address>0xa458</load_address>
         <run_address>0xa458</run_address>
         <size>0xf0</size>
         <input_file_ref idref="fl-1c"/>
      </object_component>
      <object_component id="oc-3bf">
         <name>.text:RectangularButtonClick</name>
         <load_address>0xa548</load_address>
         <run_address>0xa548</run_address>
         <size>0xec</size>
         <input_file_ref idref="fl-1f"/>
      </object_component>
      <object_component id="oc-255">
         <name>.text:GrDefaultStringRenderer</name>
         <load_address>0xa634</load_address>
         <run_address>0xa634</run_address>
         <size>0xca</size>
         <input_file_ref idref="fl-1d"/>
      </object_component>
      <object_component id="oc-280">
         <name>.text:WidgetMessageSendPostOrder</name>
         <load_address>0xa700</load_address>
         <run_address>0xa700</run_address>
         <size>0xb0</size>
         <input_file_ref idref="fl-1c"/>
      </object_component>
      <object_component id="oc-171">
         <name>.text</name>
         <load_address>0xa7b0</load_address>
         <run_address>0xa7b0</run_address>
         <size>0xa2</size>
         <input_file_ref idref="fl-5"/>
      </object_component>
      <object_component id="oc-39">
         <name>.text</name>
         <load_address>0xa852</load_address>
         <run_address>0xa852</run_address>
         <size>0x9c</size>
         <input_file_ref idref="fl-14c"/>
      </object_component>
      <object_component id="oc-207">
         <name>.text:GrRectFill</name>
         <load_address>0xa8ee</load_address>
         <run_address>0xa8ee</run_address>
         <size>0x86</size>
         <input_file_ref idref="fl-1e"/>
      </object_component>
      <object_component id="oc-95">
         <name>.text:ADCSequenceStepConfigure</name>
         <load_address>0xa974</load_address>
         <run_address>0xa974</run_address>
         <size>0x80</size>
         <input_file_ref idref="fl-18"/>
      </object_component>
      <object_component id="oc-52">
         <name>.text</name>
         <load_address>0xa9f4</load_address>
         <run_address>0xa9f4</run_address>
         <size>0x7a</size>
         <input_file_ref idref="fl-14d"/>
      </object_component>
      <object_component id="oc-64">
         <name>.text</name>
         <load_address>0xaa70</load_address>
         <run_address>0xaa70</run_address>
         <size>0x6c</size>
         <input_file_ref idref="fl-153"/>
      </object_component>
      <object_component id="oc-3a1">
         <name>.text:GrStringWidthGet</name>
         <load_address>0xaadc</load_address>
         <run_address>0xaadc</run_address>
         <size>0x6a</size>
         <input_file_ref idref="fl-1d"/>
      </object_component>
      <object_component id="oc-45">
         <name>.text</name>
         <load_address>0xab46</load_address>
         <run_address>0xab46</run_address>
         <size>0x6a</size>
         <input_file_ref idref="fl-149"/>
      </object_component>
      <object_component id="oc-201">
         <name>.text:GrRectDraw</name>
         <load_address>0xabb0</load_address>
         <run_address>0xabb0</run_address>
         <size>0x66</size>
         <input_file_ref idref="fl-1e"/>
      </object_component>
      <object_component id="oc-1d7">
         <name>.text:GrContextInit</name>
         <load_address>0xac18</load_address>
         <run_address>0xac18</run_address>
         <size>0x64</size>
         <input_file_ref idref="fl-22"/>
      </object_component>
      <object_component id="oc-1e9">
         <name>.text:WidgetMessageQueueProcess</name>
         <load_address>0xac7c</load_address>
         <run_address>0xac7c</run_address>
         <size>0x64</size>
         <input_file_ref idref="fl-1c"/>
      </object_component>
      <object_component id="oc-39b">
         <name>.text:GrContextClipRegionSet</name>
         <load_address>0xace0</load_address>
         <run_address>0xace0</run_address>
         <size>0x62</size>
         <input_file_ref idref="fl-22"/>
      </object_component>
      <object_component id="oc-a7">
         <name>.text:IntEnable</name>
         <load_address>0xad44</load_address>
         <run_address>0xad44</run_address>
         <size>0x60</size>
         <input_file_ref idref="fl-15"/>
      </object_component>
      <object_component id="oc-36e">
         <name>.text:FontWideGlyphDataGet</name>
         <load_address>0xada4</load_address>
         <run_address>0xada4</run_address>
         <size>0x5c</size>
         <input_file_ref idref="fl-1d"/>
      </object_component>
      <object_component id="oc-b9">
         <name>.text:TimerConfigure</name>
         <load_address>0xae00</load_address>
         <run_address>0xae00</run_address>
         <size>0x5c</size>
         <input_file_ref idref="fl-13"/>
      </object_component>
      <object_component id="oc-cb">
         <name>.text:TimerControlTrigger</name>
         <load_address>0xae5c</load_address>
         <run_address>0xae5c</run_address>
         <size>0x58</size>
         <input_file_ref idref="fl-13"/>
      </object_component>
      <object_component id="oc-27a">
         <name>.text:WidgetMessageSendPreOrder</name>
         <load_address>0xaeb4</load_address>
         <run_address>0xaeb4</run_address>
         <size>0x56</size>
         <input_file_ref idref="fl-1c"/>
      </object_component>
      <object_component id="oc-24">
         <name>.text</name>
         <load_address>0xaf0c</load_address>
         <run_address>0xaf0c</run_address>
         <size>0x50</size>
         <input_file_ref idref="fl-147"/>
      </object_component>
      <object_component id="oc-fe">
         <name>.text</name>
         <load_address>0xaf5c</load_address>
         <run_address>0xaf5c</run_address>
         <size>0x4c</size>
         <input_file_ref idref="fl-154"/>
      </object_component>
      <object_component id="oc-28f">
         <name>.text:UpdateContextCharMapping</name>
         <load_address>0xafa8</load_address>
         <run_address>0xafa8</run_address>
         <size>0x4a</size>
         <input_file_ref idref="fl-1d"/>
      </object_component>
      <object_component id="oc-22a">
         <name>.text:GPIOPinConfigure</name>
         <load_address>0xaff4</load_address>
         <run_address>0xaff4</run_address>
         <size>0x48</size>
         <input_file_ref idref="fl-16"/>
      </object_component>
      <object_component id="oc-298">
         <name>.text:GrLineDrawH</name>
         <load_address>0xb03c</load_address>
         <run_address>0xb03c</run_address>
         <size>0x46</size>
         <input_file_ref idref="fl-20"/>
      </object_component>
      <object_component id="oc-29e">
         <name>.text:GrLineDrawV</name>
         <load_address>0xb082</load_address>
         <run_address>0xb082</run_address>
         <size>0x46</size>
         <input_file_ref idref="fl-20"/>
      </object_component>
      <object_component id="oc-70">
         <name>.text</name>
         <load_address>0xb0c8</load_address>
         <run_address>0xb0c8</run_address>
         <size>0x44</size>
         <input_file_ref idref="fl-14b"/>
      </object_component>
      <object_component id="oc-236">
         <name>.text:UARTConfigSetExpClk</name>
         <load_address>0xb10c</load_address>
         <run_address>0xb10c</run_address>
         <size>0x40</size>
         <input_file_ref idref="fl-12"/>
      </object_component>
      <object_component id="oc-8f">
         <name>.text:ADCSequenceConfigure</name>
         <load_address>0xb14c</load_address>
         <run_address>0xb14c</run_address>
         <size>0x3e</size>
         <input_file_ref idref="fl-18"/>
      </object_component>
      <object_component id="oc-374">
         <name>.text:FontGlyphDataGet</name>
         <load_address>0xb18a</load_address>
         <run_address>0xb18a</run_address>
         <size>0x3a</size>
         <input_file_ref idref="fl-1d"/>
      </object_component>
      <object_component id="oc-83">
         <name>.text:SysCtlPeripheralEnable</name>
         <load_address>0xb1c4</load_address>
         <run_address>0xb1c4</run_address>
         <size>0x34</size>
         <input_file_ref idref="fl-14"/>
      </object_component>
      <object_component id="oc-144">
         <name>.text:GPIODirModeSet</name>
         <load_address>0xb1f8</load_address>
         <run_address>0xb1f8</run_address>
         <size>0x2a</size>
         <input_file_ref idref="fl-16"/>
      </object_component>
      <object_component id="oc-3d4">
         <name>.text:GrFontBaselineGet</name>
         <load_address>0xb222</load_address>
         <run_address>0xb222</run_address>
         <size>0x2a</size>
         <input_file_ref idref="fl-1d"/>
      </object_component>
      <object_component id="oc-3a7">
         <name>.text:GrFontHeightGet</name>
         <load_address>0xb24c</load_address>
         <run_address>0xb24c</run_address>
         <size>0x2a</size>
         <input_file_ref idref="fl-1d"/>
      </object_component>
      <object_component id="oc-2fb">
         <name>.text:GrStringNextCharGet</name>
         <load_address>0xb276</load_address>
         <run_address>0xb276</run_address>
         <size>0x2a</size>
         <input_file_ref idref="fl-1d"/>
      </object_component>
      <object_component id="oc-32a">
         <name>.text:WidgetIsInTree</name>
         <load_address>0xb2a0</load_address>
         <run_address>0xb2a0</run_address>
         <size>0x2a</size>
         <input_file_ref idref="fl-1c"/>
      </object_component>
      <object_component id="oc-2f5">
         <name>.text:GrFontInfoGet</name>
         <load_address>0xb2ca</load_address>
         <run_address>0xb2ca</run_address>
         <size>0x26</size>
         <input_file_ref idref="fl-1d"/>
      </object_component>
      <object_component id="oc-1dd">
         <name>.text:WidgetAdd</name>
         <load_address>0xb2f0</load_address>
         <run_address>0xb2f0</run_address>
         <size>0x24</size>
         <input_file_ref idref="fl-1c"/>
      </object_component>
      <object_component id="oc-301">
         <name>.text:GrFontGlyphDataGet</name>
         <load_address>0xb314</load_address>
         <run_address>0xb314</run_address>
         <size>0x22</size>
         <input_file_ref idref="fl-1d"/>
      </object_component>
      <object_component id="oc-385">
         <name>.text:RectangularButtonMsgProc</name>
         <load_address>0xb336</load_address>
         <run_address>0xb336</run_address>
         <size>0x22</size>
         <input_file_ref idref="fl-1f"/>
      </object_component>
      <object_component id="oc-16b">
         <name>.text</name>
         <load_address>0xb358</load_address>
         <run_address>0xb358</run_address>
         <size>0x20</size>
         <input_file_ref idref="fl-3"/>
      </object_component>
      <object_component id="oc-33d">
         <name>.text:GrFontCodepageGet</name>
         <load_address>0xb378</load_address>
         <run_address>0xb378</run_address>
         <size>0x1e</size>
         <input_file_ref idref="fl-1d"/>
      </object_component>
      <object_component id="oc-2dd">
         <name>.text:UARTDisable</name>
         <load_address>0xb398</load_address>
         <run_address>0xb398</run_address>
         <size>0x1c</size>
         <input_file_ref idref="fl-12"/>
      </object_component>
      <object_component id="oc-214">
         <name>.text:WidgetPointerMessage</name>
         <load_address>0xb3b4</load_address>
         <run_address>0xb3b4</run_address>
         <size>0x1c</size>
         <input_file_ref idref="fl-1c"/>
      </object_component>
      <object_component id="oc-ad">
         <name>.text:GPIOPinTypeGPIOOutput</name>
         <load_address>0xb3d0</load_address>
         <run_address>0xb3d0</run_address>
         <size>0x18</size>
         <input_file_ref idref="fl-16"/>
      </object_component>
      <object_component id="oc-106">
         <name>.text</name>
         <load_address>0xb3e8</load_address>
         <run_address>0xb3e8</run_address>
         <size>0x18</size>
         <input_file_ref idref="fl-6"/>
      </object_component>
      <object_component id="oc-6a">
         <name>.text</name>
         <load_address>0xb400</load_address>
         <run_address>0xb400</run_address>
         <size>0x18</size>
         <input_file_ref idref="fl-152"/>
      </object_component>
      <object_component id="oc-2c1">
         <name>.text:CanvasMsgProc</name>
         <load_address>0xb418</load_address>
         <run_address>0xb418</run_address>
         <size>0x14</size>
         <input_file_ref idref="fl-25"/>
      </object_component>
      <object_component id="oc-2e3">
         <name>.text:UARTEnable</name>
         <load_address>0xb42c</load_address>
         <run_address>0xb42c</run_address>
         <size>0x14</size>
         <input_file_ref idref="fl-12"/>
      </object_component>
      <object_component id="oc-265">
         <name>.text:WidgetMutexGet</name>
         <load_address>0xb440</load_address>
         <run_address>0xb440</run_address>
         <size>0x14</size>
         <input_file_ref idref="fl-1c"/>
      </object_component>
      <object_component id="oc-182">
         <name>.text</name>
         <load_address>0xb454</load_address>
         <run_address>0xb454</run_address>
         <size>0x14</size>
         <input_file_ref idref="fl-151"/>
      </object_component>
      <object_component id="oc-89">
         <name>.text:ADCHardwareOversampleConfigure</name>
         <load_address>0xb468</load_address>
         <run_address>0xb468</run_address>
         <size>0x12</size>
         <input_file_ref idref="fl-18"/>
      </object_component>
      <object_component id="oc-230">
         <name>.text:GPIOPinTypeUART</name>
         <load_address>0xb47a</load_address>
         <run_address>0xb47a</run_address>
         <size>0x12</size>
         <input_file_ref idref="fl-16"/>
      </object_component>
      <object_component id="oc-1fb">
         <name>.text:GrStringDraw</name>
         <load_address>0xb48c</load_address>
         <run_address>0xb48c</run_address>
         <size>0x12</size>
         <input_file_ref idref="fl-1d"/>
      </object_component>
      <object_component id="oc-c5">
         <name>.text:TimerLoadSet</name>
         <load_address>0xb49e</load_address>
         <run_address>0xb49e</run_address>
         <size>0x12</size>
         <input_file_ref idref="fl-13"/>
      </object_component>
      <object_component id="oc-a1">
         <name>.text:ADCIntEnable</name>
         <load_address>0xb4b0</load_address>
         <run_address>0xb4b0</run_address>
         <size>0x10</size>
         <input_file_ref idref="fl-18"/>
      </object_component>
      <object_component id="oc-9b">
         <name>.text:ADCSequenceEnable</name>
         <load_address>0xb4c0</load_address>
         <run_address>0xb4c0</run_address>
         <size>0xe</size>
         <input_file_ref idref="fl-18"/>
      </object_component>
      <object_component id="oc-1ef">
         <name>.text:GrImageDraw</name>
         <load_address>0xb4ce</load_address>
         <run_address>0xb4ce</run_address>
         <size>0xe</size>
         <input_file_ref idref="fl-21"/>
      </object_component>
      <object_component id="oc-d1">
         <name>.text:TimerEnable</name>
         <load_address>0xb4dc</load_address>
         <run_address>0xb4dc</run_address>
         <size>0xe</size>
         <input_file_ref idref="fl-13"/>
      </object_component>
      <object_component id="oc-12">
         <name>.text:decompress:none</name>
         <load_address>0xb4ea</load_address>
         <run_address>0xb4ea</run_address>
         <size>0xe</size>
         <input_file_ref idref="fl-148"/>
      </object_component>
      <object_component id="oc-242">
         <name>.text:UARTCharsAvail</name>
         <load_address>0xb4f8</load_address>
         <run_address>0xb4f8</run_address>
         <size>0xc</size>
         <input_file_ref idref="fl-12"/>
      </object_component>
      <object_component id="oc-1e">
         <name>.text:decompress:ZI</name>
         <load_address>0xb504</load_address>
         <run_address>0xb504</run_address>
         <size>0xc</size>
         <input_file_ref idref="fl-14a"/>
      </object_component>
      <object_component id="oc-2a">
         <name>.text</name>
         <load_address>0xb510</load_address>
         <run_address>0xb510</run_address>
         <size>0xc</size>
         <input_file_ref idref="fl-9"/>
      </object_component>
      <object_component id="oc-248">
         <name>.text:UARTCharGet</name>
         <load_address>0xb51c</load_address>
         <run_address>0xb51c</run_address>
         <size>0xa</size>
         <input_file_ref idref="fl-12"/>
      </object_component>
      <object_component id="oc-23c">
         <name>.text:UARTCharPut</name>
         <load_address>0xb526</load_address>
         <run_address>0xb526</run_address>
         <size>0xa</size>
         <input_file_ref idref="fl-12"/>
      </object_component>
      <object_component id="oc-30e">
         <name>.text:GrMapISO8859_1_Unicode</name>
         <load_address>0xb530</load_address>
         <run_address>0xb530</run_address>
         <size>0x8</size>
         <input_file_ref idref="fl-24"/>
      </object_component>
      <object_component id="oc-b3">
         <name>.text:GPIOPinWrite</name>
         <load_address>0xb538</load_address>
         <run_address>0xb538</run_address>
         <size>0x6</size>
         <input_file_ref idref="fl-16"/>
      </object_component>
      <object_component id="oc-1f5">
         <name>.text:GrContextFontSet</name>
         <load_address>0xb53e</load_address>
         <run_address>0xb53e</run_address>
         <size>0x6</size>
         <input_file_ref idref="fl-1d"/>
      </object_component>
      <object_component id="oc-24f">
         <name>.text:SysCtlDelay</name>
         <load_address>0xb544</load_address>
         <run_address>0xb544</run_address>
         <size>0x6</size>
         <input_file_ref idref="fl-14"/>
      </object_component>
      <object_component id="oc-266">
         <name>.text:WidgetMutexPut</name>
         <load_address>0xb54a</load_address>
         <run_address>0xb54a</run_address>
         <size>0x6</size>
         <input_file_ref idref="fl-1c"/>
      </object_component>
      <object_component id="oc-18">
         <name>.text:decompress:rle24</name>
         <load_address>0xb550</load_address>
         <run_address>0xb550</run_address>
         <size>0x6</size>
         <input_file_ref idref="fl-149"/>
      </object_component>
      <object_component id="oc-2b1">
         <name>.text:WidgetDefaultMsgProc</name>
         <load_address>0xb556</load_address>
         <run_address>0xb556</run_address>
         <size>0x4</size>
         <input_file_ref idref="fl-1c"/>
      </object_component>
      <object_component id="oc-5e">
         <name>.text</name>
         <load_address>0xb55a</load_address>
         <run_address>0xb55a</run_address>
         <size>0x4</size>
         <input_file_ref idref="fl-14e"/>
      </object_component>
      <object_component id="oc-223">
         <name>.const:.string:prettyImage</name>
         <load_address>0x26c</load_address>
         <run_address>0x26c</run_address>
         <size>0x5d82</size>
         <input_file_ref idref="fl-4"/>
      </object_component>
      <object_component id="oc-2d2">
         <name>.const:.string:g_pui8Cmss30bData</name>
         <load_address>0x5ff0</load_address>
         <run_address>0x5ff0</run_address>
         <size>0xcb4</size>
         <input_file_ref idref="fl-19"/>
      </object_component>
      <object_component id="oc-395">
         <name>.const:.string:g_pui8Cm20Data</name>
         <load_address>0x6ca4</load_address>
         <run_address>0x6ca4</run_address>
         <size>0x95e</size>
         <input_file_ref idref="fl-1b"/>
      </object_component>
      <object_component id="oc-3c7">
         <name>.const:.string:g_pui8Cmss22bData</name>
         <load_address>0x7604</load_address>
         <run_address>0x7604</run_address>
         <size>0x91e</size>
         <input_file_ref idref="fl-1a"/>
      </object_component>
      <object_component id="oc-354">
         <name>.const:g_sFontCm20</name>
         <load_address>0x7f24</load_address>
         <run_address>0x7f24</run_address>
         <size>0xc8</size>
         <input_file_ref idref="fl-1b"/>
      </object_component>
      <object_component id="oc-38b">
         <name>.const:g_sFontCmss22b</name>
         <load_address>0x7fec</load_address>
         <run_address>0x7fec</run_address>
         <size>0xc8</size>
         <input_file_ref idref="fl-1a"/>
      </object_component>
      <object_component id="oc-226">
         <name>.const:g_sFontCmss30b</name>
         <load_address>0x80b4</load_address>
         <run_address>0x80b4</run_address>
         <size>0xc8</size>
         <input_file_ref idref="fl-19"/>
      </object_component>
      <object_component id="oc-2d8">
         <name>.const:g_pui32GPIOBaseAddrs</name>
         <load_address>0x817c</load_address>
         <run_address>0x817c</run_address>
         <size>0x90</size>
         <input_file_ref idref="fl-16"/>
      </object_component>
      <object_component id="oc-139">
         <name>.const</name>
         <load_address>0x820c</load_address>
         <run_address>0x820c</run_address>
         <size>0x70</size>
         <input_file_ref idref="fl-15"/>
      </object_component>
      <object_component id="oc-14f">
         <name>.const:g_pui32Xtals</name>
         <load_address>0x827c</load_address>
         <run_address>0x827c</run_address>
         <size>0x6c</size>
         <input_file_ref idref="fl-14"/>
      </object_component>
      <object_component id="oc-da">
         <name>.const:g_lTouchParameters</name>
         <load_address>0x82e8</load_address>
         <run_address>0x82e8</run_address>
         <size>0x38</size>
         <input_file_ref idref="fl-a"/>
      </object_component>
      <object_component id="oc-211">
         <name>.const:g_sKentec320x240x16_SSD2119</name>
         <load_address>0x8320</load_address>
         <run_address>0x8320</run_address>
         <size>0x28</size>
         <input_file_ref idref="fl-2"/>
      </object_component>
      <object_component id="oc-357">
         <name>.const:.string</name>
         <load_address>0x8348</load_address>
         <run_address>0x8348</run_address>
         <size>0x1c</size>
         <input_file_ref idref="fl-4"/>
      </object_component>
      <object_component id="oc-25b">
         <name>.const</name>
         <load_address>0x8364</load_address>
         <run_address>0x8364</run_address>
         <size>0x10</size>
         <input_file_ref idref="fl-22"/>
      </object_component>
      <object_component id="oc-40b">
         <name>.cinit..data.load</name>
         <load_address>0xb560</load_address>
         <run_address>0xb560</run_address>
         <size>0xba</size>
      </object_component>
      <object_component id="oc-409">
         <name>__TI_handler_table</name>
         <load_address>0xb61c</load_address>
         <run_address>0xb61c</run_address>
         <size>0xc</size>
      </object_component>
      <object_component id="oc-40c">
         <name>.cinit..bss.load</name>
         <load_address>0xb628</load_address>
         <run_address>0xb628</run_address>
         <size>0x8</size>
      </object_component>
      <object_component id="oc-40a">
         <name>__TI_cinit_table</name>
         <load_address>0xb630</load_address>
         <run_address>0xb630</run_address>
         <size>0x10</size>
      </object_component>
      <object_component id="oc-29">
         <name>.stack</name>
         <uninitialized>true</uninitialized>
         <run_address>0x20000000</run_address>
         <size>0x0</size>
         <input_file_ref idref="fl-147"/>
      </object_component>
      <object_component id="oc-40d">
         <name>.stack</name>
         <uninitialized>true</uninitialized>
         <run_address>0x20000000</run_address>
         <size>0x0</size>
      </object_component>
      <object_component id="oc-20e">
         <name>.bss:sContext</name>
         <uninitialized>true</uninitialized>
         <run_address>0x20000540</run_address>
         <size>0x2c</size>
         <input_file_ref idref="fl-4"/>
      </object_component>
      <object_component id="oc-26c">
         <name>.bss:g_psMQ</name>
         <uninitialized>true</uninitialized>
         <run_address>0x20000400</run_address>
         <size>0x140</size>
         <input_file_ref idref="fl-1c"/>
      </object_component>
      <object_component id="oc-337">
         <name>.bss</name>
         <uninitialized>true</uninitialized>
         <run_address>0x2000056c</run_address>
         <size>0x20</size>
         <input_file_ref idref="fl-21"/>
      </object_component>
      <object_component id="oc-25e">
         <name>.bss</name>
         <uninitialized>true</uninitialized>
         <run_address>0x200005a4</run_address>
         <size>0x4</size>
         <input_file_ref idref="fl-22"/>
      </object_component>
      <object_component id="oc-20d">
         <name>.common:sRect</name>
         <uninitialized>true</uninitialized>
         <run_address>0x2000059c</run_address>
         <size>0x8</size>
      </object_component>
      <object_component id="oc-d9">
         <name>.common:g_ulTSState</name>
         <uninitialized>true</uninitialized>
         <run_address>0x200005b0</run_address>
         <size>0x4</size>
      </object_component>
      <object_component id="oc-d7">
         <name>.common:g_pfnTSHandler</name>
         <uninitialized>true</uninitialized>
         <run_address>0x200005a8</run_address>
         <size>0x4</size>
      </object_component>
      <object_component id="oc-d8">
         <name>.common:g_psSamples</name>
         <uninitialized>true</uninitialized>
         <run_address>0x2000058c</run_address>
         <size>0x10</size>
      </object_component>
      <object_component id="oc-7f">
         <name>.common:g_plParmSet</name>
         <uninitialized>true</uninitialized>
         <run_address>0x200005ac</run_address>
         <size>0x4</size>
      </object_component>
      <object_component id="oc-7b">
         <name>.common:g_sTouchX</name>
         <uninitialized>true</uninitialized>
         <run_address>0x200005b4</run_address>
         <size>0x2</size>
      </object_component>
      <object_component id="oc-7e">
         <name>.common:g_sTouchY</name>
         <uninitialized>true</uninitialized>
         <run_address>0x200005b6</run_address>
         <size>0x2</size>
      </object_component>
      <object_component id="oc-251">
         <name>.data</name>
         <load_address>0x200006b8</load_address>
         <run_address>0x200006b8</run_address>
         <size>0x8</size>
         <input_file_ref idref="fl-2"/>
      </object_component>
      <object_component id="oc-220">
         <name>.data</name>
         <load_address>0x200006d0</load_address>
         <run_address>0x200006d0</run_address>
         <size>0x5</size>
         <input_file_ref idref="fl-4"/>
      </object_component>
      <object_component id="oc-2be">
         <name>.data:g_sHeading</name>
         <load_address>0x20000648</load_address>
         <run_address>0x20000648</run_address>
         <size>0x40</size>
         <input_file_ref idref="fl-4"/>
      </object_component>
      <object_component id="oc-21d">
         <name>.data:g_sBackground</name>
         <load_address>0x20000608</load_address>
         <run_address>0x20000608</run_address>
         <size>0x40</size>
         <input_file_ref idref="fl-4"/>
      </object_component>
      <object_component id="oc-351">
         <name>.data:g_sPushBtn</name>
         <load_address>0x200005b8</load_address>
         <run_address>0x200005b8</run_address>
         <size>0x50</size>
         <input_file_ref idref="fl-4"/>
      </object_component>
      <object_component id="oc-177">
         <name>.data</name>
         <load_address>0x200006b5</load_address>
         <run_address>0x200006b5</run_address>
         <size>0x1</size>
         <input_file_ref idref="fl-6"/>
      </object_component>
      <object_component id="oc-80">
         <name>.data</name>
         <load_address>0x200006dc</load_address>
         <run_address>0x200006dc</run_address>
         <size>0x4</size>
         <input_file_ref idref="fl-a"/>
      </object_component>
      <object_component id="oc-21a">
         <name>.data</name>
         <load_address>0x20000688</load_address>
         <run_address>0x20000688</run_address>
         <size>0x2d</size>
         <input_file_ref idref="fl-1c"/>
      </object_component>
      <object_component id="oc-111">
         <name>.data</name>
         <load_address>0x200006c8</load_address>
         <run_address>0x200006c8</run_address>
         <size>0x8</size>
         <input_file_ref idref="fl-14b"/>
      </object_component>
      <object_component id="oc-76">
         <name>.data</name>
         <load_address>0x200006d8</load_address>
         <run_address>0x200006d8</run_address>
         <size>0x4</size>
         <input_file_ref idref="fl-14f"/>
      </object_component>
      <object_component id="oc-10e">
         <name>.data</name>
         <load_address>0x200006c0</load_address>
         <run_address>0x200006c0</run_address>
         <size>0x8</size>
         <input_file_ref idref="fl-151"/>
      </object_component>
      <object_component id="oc-190">
         <name>.debug_info</name>
         <load_address>0x0</load_address>
         <run_address>0x0</run_address>
         <size>0x437</size>
         <input_file_ref idref="fl-2"/>
      </object_component>
      <object_component id="oc-252">
         <name>.debug_info</name>
         <load_address>0x437</load_address>
         <run_address>0x437</run_address>
         <size>0x132</size>
         <input_file_ref idref="fl-2"/>
      </object_component>
      <object_component id="oc-212">
         <name>.debug_info</name>
         <load_address>0x569</load_address>
         <run_address>0x569</run_address>
         <size>0x12c</size>
         <input_file_ref idref="fl-2"/>
      </object_component>
      <object_component id="oc-1d2">
         <name>.debug_info</name>
         <load_address>0x695</load_address>
         <run_address>0x695</run_address>
         <size>0x1371</size>
         <input_file_ref idref="fl-2"/>
      </object_component>
      <object_component id="oc-11b">
         <name>.debug_info</name>
         <load_address>0x1a06</load_address>
         <run_address>0x1a06</run_address>
         <size>0x6bd</size>
         <input_file_ref idref="fl-2"/>
      </object_component>
      <object_component id="oc-125">
         <name>.debug_info</name>
         <load_address>0x20c3</load_address>
         <run_address>0x20c3</run_address>
         <size>0x8b</size>
         <input_file_ref idref="fl-2"/>
      </object_component>
      <object_component id="oc-2f0">
         <name>.debug_info</name>
         <load_address>0x214e</load_address>
         <run_address>0x214e</run_address>
         <size>0x47</size>
         <input_file_ref idref="fl-2"/>
      </object_component>
      <object_component id="oc-de">
         <name>.debug_info</name>
         <load_address>0x2195</load_address>
         <run_address>0x2195</run_address>
         <size>0x18b</size>
         <input_file_ref idref="fl-2"/>
      </object_component>
      <object_component id="oc-16d">
         <name>.debug_info</name>
         <load_address>0x2320</load_address>
         <run_address>0x2320</run_address>
         <size>0x1d9</size>
         <input_file_ref idref="fl-3"/>
      </object_component>
      <object_component id="oc-1c3">
         <name>.debug_info</name>
         <load_address>0x24f9</load_address>
         <run_address>0x24f9</run_address>
         <size>0x90</size>
         <input_file_ref idref="fl-3"/>
      </object_component>
      <object_component id="oc-e5">
         <name>.debug_info</name>
         <load_address>0x2589</load_address>
         <run_address>0x2589</run_address>
         <size>0x84</size>
         <input_file_ref idref="fl-3"/>
      </object_component>
      <object_component id="oc-191">
         <name>.debug_info</name>
         <load_address>0x260d</load_address>
         <run_address>0x260d</run_address>
         <size>0x8ba</size>
         <input_file_ref idref="fl-4"/>
      </object_component>
      <object_component id="oc-224">
         <name>.debug_info</name>
         <load_address>0x2ec7</load_address>
         <run_address>0x2ec7</run_address>
         <size>0x101</size>
         <input_file_ref idref="fl-4"/>
      </object_component>
      <object_component id="oc-20f">
         <name>.debug_info</name>
         <load_address>0x2fc8</load_address>
         <run_address>0x2fc8</run_address>
         <size>0xfb</size>
         <input_file_ref idref="fl-4"/>
      </object_component>
      <object_component id="oc-221">
         <name>.debug_info</name>
         <load_address>0x30c3</load_address>
         <run_address>0x30c3</run_address>
         <size>0x124</size>
         <input_file_ref idref="fl-4"/>
      </object_component>
      <object_component id="oc-2bf">
         <name>.debug_info</name>
         <load_address>0x31e7</load_address>
         <run_address>0x31e7</run_address>
         <size>0xff</size>
         <input_file_ref idref="fl-4"/>
      </object_component>
      <object_component id="oc-21e">
         <name>.debug_info</name>
         <load_address>0x32e6</load_address>
         <run_address>0x32e6</run_address>
         <size>0x105</size>
         <input_file_ref idref="fl-4"/>
      </object_component>
      <object_component id="oc-352">
         <name>.debug_info</name>
         <load_address>0x33eb</load_address>
         <run_address>0x33eb</run_address>
         <size>0xff</size>
         <input_file_ref idref="fl-4"/>
      </object_component>
      <object_component id="oc-1b2">
         <name>.debug_info</name>
         <load_address>0x34ea</load_address>
         <run_address>0x34ea</run_address>
         <size>0x720</size>
         <input_file_ref idref="fl-4"/>
      </object_component>
      <object_component id="oc-2c9">
         <name>.debug_info</name>
         <load_address>0x3c0a</load_address>
         <run_address>0x3c0a</run_address>
         <size>0xea</size>
         <input_file_ref idref="fl-4"/>
      </object_component>
      <object_component id="oc-390">
         <name>.debug_info</name>
         <load_address>0x3cf4</load_address>
         <run_address>0x3cf4</run_address>
         <size>0x14e</size>
         <input_file_ref idref="fl-4"/>
      </object_component>
      <object_component id="oc-120">
         <name>.debug_info</name>
         <load_address>0x3e42</load_address>
         <run_address>0x3e42</run_address>
         <size>0xc6</size>
         <input_file_ref idref="fl-4"/>
      </object_component>
      <object_component id="oc-173">
         <name>.debug_info</name>
         <load_address>0x3f08</load_address>
         <run_address>0x3f08</run_address>
         <size>0x276</size>
         <input_file_ref idref="fl-5"/>
      </object_component>
      <object_component id="oc-178">
         <name>.debug_info</name>
         <load_address>0x417e</load_address>
         <run_address>0x417e</run_address>
         <size>0xeb</size>
         <input_file_ref idref="fl-6"/>
      </object_component>
      <object_component id="oc-107">
         <name>.debug_info</name>
         <load_address>0x4269</load_address>
         <run_address>0x4269</run_address>
         <size>0x145</size>
         <input_file_ref idref="fl-6"/>
      </object_component>
      <object_component id="oc-1b6">
         <name>.debug_info</name>
         <load_address>0x43ae</load_address>
         <run_address>0x43ae</run_address>
         <size>0x3f6</size>
         <input_file_ref idref="fl-7"/>
      </object_component>
      <object_component id="oc-38">
         <name>.debug_info</name>
         <load_address>0x47a4</load_address>
         <run_address>0x47a4</run_address>
         <size>0x155</size>
         <input_file_ref idref="fl-9"/>
      </object_component>
      <object_component id="oc-10">
         <name>.debug_info</name>
         <load_address>0x48f9</load_address>
         <run_address>0x48f9</run_address>
         <size>0x108</size>
         <input_file_ref idref="fl-9"/>
      </object_component>
      <object_component id="oc-2e">
         <name>.debug_info</name>
         <load_address>0x4a01</load_address>
         <run_address>0x4a01</run_address>
         <size>0x284</size>
         <input_file_ref idref="fl-9"/>
      </object_component>
      <object_component id="oc-7c">
         <name>.debug_info</name>
         <load_address>0x4c85</load_address>
         <run_address>0x4c85</run_address>
         <size>0x793</size>
         <input_file_ref idref="fl-a"/>
      </object_component>
      <object_component id="oc-db">
         <name>.debug_info</name>
         <load_address>0x5418</load_address>
         <run_address>0x5418</run_address>
         <size>0x101</size>
         <input_file_ref idref="fl-a"/>
      </object_component>
      <object_component id="oc-81">
         <name>.debug_info</name>
         <load_address>0x5519</load_address>
         <run_address>0x5519</run_address>
         <size>0x134</size>
         <input_file_ref idref="fl-a"/>
      </object_component>
      <object_component id="oc-32">
         <name>.debug_info</name>
         <load_address>0x564d</load_address>
         <run_address>0x564d</run_address>
         <size>0x4c3</size>
         <input_file_ref idref="fl-a"/>
      </object_component>
      <object_component id="oc-2ea">
         <name>.debug_info</name>
         <load_address>0x5b10</load_address>
         <run_address>0x5b10</run_address>
         <size>0x1ce</size>
         <input_file_ref idref="fl-12"/>
      </object_component>
      <object_component id="oc-2e7">
         <name>.debug_info</name>
         <load_address>0x5cde</load_address>
         <run_address>0x5cde</run_address>
         <size>0x1ab</size>
         <input_file_ref idref="fl-12"/>
      </object_component>
      <object_component id="oc-2e1">
         <name>.debug_info</name>
         <load_address>0x5e89</load_address>
         <run_address>0x5e89</run_address>
         <size>0x233</size>
         <input_file_ref idref="fl-12"/>
      </object_component>
      <object_component id="oc-23a">
         <name>.debug_info</name>
         <load_address>0x60bc</load_address>
         <run_address>0x60bc</run_address>
         <size>0x28a</size>
         <input_file_ref idref="fl-12"/>
      </object_component>
      <object_component id="oc-246">
         <name>.debug_info</name>
         <load_address>0x6346</load_address>
         <run_address>0x6346</run_address>
         <size>0x1b7</size>
         <input_file_ref idref="fl-12"/>
      </object_component>
      <object_component id="oc-240">
         <name>.debug_info</name>
         <load_address>0x64fd</load_address>
         <run_address>0x64fd</run_address>
         <size>0x25d</size>
         <input_file_ref idref="fl-12"/>
      </object_component>
      <object_component id="oc-24c">
         <name>.debug_info</name>
         <load_address>0x675a</load_address>
         <run_address>0x675a</run_address>
         <size>0x237</size>
         <input_file_ref idref="fl-12"/>
      </object_component>
      <object_component id="oc-155">
         <name>.debug_info</name>
         <load_address>0x6991</load_address>
         <run_address>0x6991</run_address>
         <size>0x90</size>
         <input_file_ref idref="fl-12"/>
      </object_component>
      <object_component id="oc-12d">
         <name>.debug_info</name>
         <load_address>0x6a21</load_address>
         <run_address>0x6a21</run_address>
         <size>0x18b</size>
         <input_file_ref idref="fl-12"/>
      </object_component>
      <object_component id="oc-14e">
         <name>.debug_info</name>
         <load_address>0x6bac</load_address>
         <run_address>0x6bac</run_address>
         <size>0x1cf</size>
         <input_file_ref idref="fl-13"/>
      </object_component>
      <object_component id="oc-c6">
         <name>.debug_info</name>
         <load_address>0x6d7b</load_address>
         <run_address>0x6d7b</run_address>
         <size>0x21e</size>
         <input_file_ref idref="fl-13"/>
      </object_component>
      <object_component id="oc-d2">
         <name>.debug_info</name>
         <load_address>0x6f99</load_address>
         <run_address>0x6f99</run_address>
         <size>0x1e3</size>
         <input_file_ref idref="fl-13"/>
      </object_component>
      <object_component id="oc-cc">
         <name>.debug_info</name>
         <load_address>0x717c</load_address>
         <run_address>0x717c</run_address>
         <size>0x23b</size>
         <input_file_ref idref="fl-13"/>
      </object_component>
      <object_component id="oc-ba">
         <name>.debug_info</name>
         <load_address>0x73b7</load_address>
         <run_address>0x73b7</run_address>
         <size>0x1f0</size>
         <input_file_ref idref="fl-13"/>
      </object_component>
      <object_component id="oc-132">
         <name>.debug_info</name>
         <load_address>0x75a7</load_address>
         <run_address>0x75a7</run_address>
         <size>0x226</size>
         <input_file_ref idref="fl-14"/>
      </object_component>
      <object_component id="oc-150">
         <name>.debug_info</name>
         <load_address>0x77cd</load_address>
         <run_address>0x77cd</run_address>
         <size>0xff</size>
         <input_file_ref idref="fl-14"/>
      </object_component>
      <object_component id="oc-85">
         <name>.debug_info</name>
         <load_address>0x78cc</load_address>
         <run_address>0x78cc</run_address>
         <size>0x1e1</size>
         <input_file_ref idref="fl-14"/>
      </object_component>
      <object_component id="oc-1bc">
         <name>.debug_info</name>
         <load_address>0x7aad</load_address>
         <run_address>0x7aad</run_address>
         <size>0x363</size>
         <input_file_ref idref="fl-14"/>
      </object_component>
      <object_component id="oc-c0">
         <name>.debug_info</name>
         <load_address>0x7e10</load_address>
         <run_address>0x7e10</run_address>
         <size>0x219</size>
         <input_file_ref idref="fl-14"/>
      </object_component>
      <object_component id="oc-195">
         <name>.debug_info</name>
         <load_address>0x8029</load_address>
         <run_address>0x8029</run_address>
         <size>0x5f</size>
         <input_file_ref idref="fl-14"/>
      </object_component>
      <object_component id="oc-13d">
         <name>.debug_info</name>
         <load_address>0x8088</load_address>
         <run_address>0x8088</run_address>
         <size>0x1ba</size>
         <input_file_ref idref="fl-15"/>
      </object_component>
      <object_component id="oc-13a">
         <name>.debug_info</name>
         <load_address>0x8242</load_address>
         <run_address>0x8242</run_address>
         <size>0x1c2</size>
         <input_file_ref idref="fl-15"/>
      </object_component>
      <object_component id="oc-a8">
         <name>.debug_info</name>
         <load_address>0x8404</load_address>
         <run_address>0x8404</run_address>
         <size>0x1cc</size>
         <input_file_ref idref="fl-15"/>
      </object_component>
      <object_component id="oc-14c">
         <name>.debug_info</name>
         <load_address>0x85d0</load_address>
         <run_address>0x85d0</run_address>
         <size>0x1d7</size>
         <input_file_ref idref="fl-16"/>
      </object_component>
      <object_component id="oc-2d9">
         <name>.debug_info</name>
         <load_address>0x87a7</load_address>
         <run_address>0x87a7</run_address>
         <size>0x10d</size>
         <input_file_ref idref="fl-16"/>
      </object_component>
      <object_component id="oc-b5">
         <name>.debug_info</name>
         <load_address>0x88b4</load_address>
         <run_address>0x88b4</run_address>
         <size>0x207</size>
         <input_file_ref idref="fl-16"/>
      </object_component>
      <object_component id="oc-146">
         <name>.debug_info</name>
         <load_address>0x8abb</load_address>
         <run_address>0x8abb</run_address>
         <size>0x217</size>
         <input_file_ref idref="fl-16"/>
      </object_component>
      <object_component id="oc-140">
         <name>.debug_info</name>
         <load_address>0x8cd2</load_address>
         <run_address>0x8cd2</run_address>
         <size>0x312</size>
         <input_file_ref idref="fl-16"/>
      </object_component>
      <object_component id="oc-232">
         <name>.debug_info</name>
         <load_address>0x8fe4</load_address>
         <run_address>0x8fe4</run_address>
         <size>0x1df</size>
         <input_file_ref idref="fl-16"/>
      </object_component>
      <object_component id="oc-af">
         <name>.debug_info</name>
         <load_address>0x91c3</load_address>
         <run_address>0x91c3</run_address>
         <size>0x1eb</size>
         <input_file_ref idref="fl-16"/>
      </object_component>
      <object_component id="oc-22c">
         <name>.debug_info</name>
         <load_address>0x93ae</load_address>
         <run_address>0x93ae</run_address>
         <size>0x1e4</size>
         <input_file_ref idref="fl-16"/>
      </object_component>
      <object_component id="oc-134">
         <name>.debug_info</name>
         <load_address>0x9592</load_address>
         <run_address>0x9592</run_address>
         <size>0x1a8</size>
         <input_file_ref idref="fl-18"/>
      </object_component>
      <object_component id="oc-96">
         <name>.debug_info</name>
         <load_address>0x973a</load_address>
         <run_address>0x973a</run_address>
         <size>0x297</size>
         <input_file_ref idref="fl-18"/>
      </object_component>
      <object_component id="oc-9c">
         <name>.debug_info</name>
         <load_address>0x99d1</load_address>
         <run_address>0x99d1</run_address>
         <size>0x204</size>
         <input_file_ref idref="fl-18"/>
      </object_component>
      <object_component id="oc-90">
         <name>.debug_info</name>
         <load_address>0x9bd5</load_address>
         <run_address>0x9bd5</run_address>
         <size>0x28a</size>
         <input_file_ref idref="fl-18"/>
      </object_component>
      <object_component id="oc-a2">
         <name>.debug_info</name>
         <load_address>0x9e5f</load_address>
         <run_address>0x9e5f</run_address>
         <size>0x1fa</size>
         <input_file_ref idref="fl-18"/>
      </object_component>
      <object_component id="oc-8a">
         <name>.debug_info</name>
         <load_address>0xa059</load_address>
         <run_address>0xa059</run_address>
         <size>0x2b4</size>
         <input_file_ref idref="fl-18"/>
      </object_component>
      <object_component id="oc-2d7">
         <name>.debug_info</name>
         <load_address>0xa30d</load_address>
         <run_address>0xa30d</run_address>
         <size>0x30d</size>
         <input_file_ref idref="fl-19"/>
      </object_component>
      <object_component id="oc-2d3">
         <name>.debug_info</name>
         <load_address>0xa61a</load_address>
         <run_address>0xa61a</run_address>
         <size>0x10c</size>
         <input_file_ref idref="fl-19"/>
      </object_component>
      <object_component id="oc-227">
         <name>.debug_info</name>
         <load_address>0xa726</load_address>
         <run_address>0xa726</run_address>
         <size>0x108</size>
         <input_file_ref idref="fl-19"/>
      </object_component>
      <object_component id="oc-31c">
         <name>.debug_info</name>
         <load_address>0xa82e</load_address>
         <run_address>0xa82e</run_address>
         <size>0x6bd</size>
         <input_file_ref idref="fl-19"/>
      </object_component>
      <object_component id="oc-275">
         <name>.debug_info</name>
         <load_address>0xaeeb</load_address>
         <run_address>0xaeeb</run_address>
         <size>0x90</size>
         <input_file_ref idref="fl-19"/>
      </object_component>
      <object_component id="oc-270">
         <name>.debug_info</name>
         <load_address>0xaf7b</load_address>
         <run_address>0xaf7b</run_address>
         <size>0x18b</size>
         <input_file_ref idref="fl-19"/>
      </object_component>
      <object_component id="oc-3cc">
         <name>.debug_info</name>
         <load_address>0xb106</load_address>
         <run_address>0xb106</run_address>
         <size>0x30d</size>
         <input_file_ref idref="fl-1a"/>
      </object_component>
      <object_component id="oc-3c8">
         <name>.debug_info</name>
         <load_address>0xb413</load_address>
         <run_address>0xb413</run_address>
         <size>0x10c</size>
         <input_file_ref idref="fl-1a"/>
      </object_component>
      <object_component id="oc-38c">
         <name>.debug_info</name>
         <load_address>0xb51f</load_address>
         <run_address>0xb51f</run_address>
         <size>0x108</size>
         <input_file_ref idref="fl-1a"/>
      </object_component>
      <object_component id="oc-39a">
         <name>.debug_info</name>
         <load_address>0xb627</load_address>
         <run_address>0xb627</run_address>
         <size>0x30a</size>
         <input_file_ref idref="fl-1b"/>
      </object_component>
      <object_component id="oc-396">
         <name>.debug_info</name>
         <load_address>0xb931</load_address>
         <run_address>0xb931</run_address>
         <size>0x103</size>
         <input_file_ref idref="fl-1b"/>
      </object_component>
      <object_component id="oc-355">
         <name>.debug_info</name>
         <load_address>0xba34</load_address>
         <run_address>0xba34</run_address>
         <size>0xff</size>
         <input_file_ref idref="fl-1b"/>
      </object_component>
      <object_component id="oc-264">
         <name>.debug_info</name>
         <load_address>0xbb33</load_address>
         <run_address>0xbb33</run_address>
         <size>0x37d</size>
         <input_file_ref idref="fl-1c"/>
      </object_component>
      <object_component id="oc-21b">
         <name>.debug_info</name>
         <load_address>0xbeb0</load_address>
         <run_address>0xbeb0</run_address>
         <size>0x19a</size>
         <input_file_ref idref="fl-1c"/>
      </object_component>
      <object_component id="oc-26d">
         <name>.debug_info</name>
         <load_address>0xc04a</load_address>
         <run_address>0xc04a</run_address>
         <size>0xeb</size>
         <input_file_ref idref="fl-1c"/>
      </object_component>
      <object_component id="oc-32c">
         <name>.debug_info</name>
         <load_address>0xc135</load_address>
         <run_address>0xc135</run_address>
         <size>0x304</size>
         <input_file_ref idref="fl-1c"/>
      </object_component>
      <object_component id="oc-268">
         <name>.debug_info</name>
         <load_address>0xc439</load_address>
         <run_address>0xc439</run_address>
         <size>0x1a9</size>
         <input_file_ref idref="fl-1c"/>
      </object_component>
      <object_component id="oc-1e5">
         <name>.debug_info</name>
         <load_address>0xc5e2</load_address>
         <run_address>0xc5e2</run_address>
         <size>0x32a</size>
         <input_file_ref idref="fl-1c"/>
      </object_component>
      <object_component id="oc-216">
         <name>.debug_info</name>
         <load_address>0xc90c</load_address>
         <run_address>0xc90c</run_address>
         <size>0x1e4</size>
         <input_file_ref idref="fl-1c"/>
      </object_component>
      <object_component id="oc-2b3">
         <name>.debug_info</name>
         <load_address>0xcaf0</load_address>
         <run_address>0xcaf0</run_address>
         <size>0x1f9</size>
         <input_file_ref idref="fl-1c"/>
      </object_component>
      <object_component id="oc-27c">
         <name>.debug_info</name>
         <load_address>0xcce9</load_address>
         <run_address>0xcce9</run_address>
         <size>0x3e6</size>
         <input_file_ref idref="fl-1c"/>
      </object_component>
      <object_component id="oc-282">
         <name>.debug_info</name>
         <load_address>0xd0cf</load_address>
         <run_address>0xd0cf</run_address>
         <size>0x47d</size>
         <input_file_ref idref="fl-1c"/>
      </object_component>
      <object_component id="oc-1eb">
         <name>.debug_info</name>
         <load_address>0xd54c</load_address>
         <run_address>0xd54c</run_address>
         <size>0x2fb</size>
         <input_file_ref idref="fl-1c"/>
      </object_component>
      <object_component id="oc-1df">
         <name>.debug_info</name>
         <load_address>0xd847</load_address>
         <run_address>0xd847</run_address>
         <size>0x287</size>
         <input_file_ref idref="fl-1c"/>
      </object_component>
      <object_component id="oc-321">
         <name>.debug_info</name>
         <load_address>0xdace</load_address>
         <run_address>0xdace</run_address>
         <size>0xa8</size>
         <input_file_ref idref="fl-1c"/>
      </object_component>
      <object_component id="oc-2b9">
         <name>.debug_info</name>
         <load_address>0xdb76</load_address>
         <run_address>0xdb76</run_address>
         <size>0xc6</size>
         <input_file_ref idref="fl-1c"/>
      </object_component>
      <object_component id="oc-296">
         <name>.debug_info</name>
         <load_address>0xdc3c</load_address>
         <run_address>0xdc3c</run_address>
         <size>0x397</size>
         <input_file_ref idref="fl-1d"/>
      </object_component>
      <object_component id="oc-2fc">
         <name>.debug_info</name>
         <load_address>0xdfd3</load_address>
         <run_address>0xdfd3</run_address>
         <size>0x262</size>
         <input_file_ref idref="fl-1d"/>
      </object_component>
      <object_component id="oc-36f">
         <name>.debug_info</name>
         <load_address>0xe235</load_address>
         <run_address>0xe235</run_address>
         <size>0x30f</size>
         <input_file_ref idref="fl-1d"/>
      </object_component>
      <object_component id="oc-375">
         <name>.debug_info</name>
         <load_address>0xe544</load_address>
         <run_address>0xe544</run_address>
         <size>0x2af</size>
         <input_file_ref idref="fl-1d"/>
      </object_component>
      <object_component id="oc-302">
         <name>.debug_info</name>
         <load_address>0xe7f3</load_address>
         <run_address>0xe7f3</run_address>
         <size>0x230</size>
         <input_file_ref idref="fl-1d"/>
      </object_component>
      <object_component id="oc-2f6">
         <name>.debug_info</name>
         <load_address>0xea23</load_address>
         <run_address>0xea23</run_address>
         <size>0x2a5</size>
         <input_file_ref idref="fl-1d"/>
      </object_component>
      <object_component id="oc-3a2">
         <name>.debug_info</name>
         <load_address>0xecc8</load_address>
         <run_address>0xecc8</run_address>
         <size>0x465</size>
         <input_file_ref idref="fl-1d"/>
      </object_component>
      <object_component id="oc-1fc">
         <name>.debug_info</name>
         <load_address>0xf12d</load_address>
         <run_address>0xf12d</run_address>
         <size>0x21b</size>
         <input_file_ref idref="fl-1d"/>
      </object_component>
      <object_component id="oc-33e">
         <name>.debug_info</name>
         <load_address>0xf348</load_address>
         <run_address>0xf348</run_address>
         <size>0x1b8</size>
         <input_file_ref idref="fl-1d"/>
      </object_component>
      <object_component id="oc-290">
         <name>.debug_info</name>
         <load_address>0xf500</load_address>
         <run_address>0xf500</run_address>
         <size>0x2b1</size>
         <input_file_ref idref="fl-1d"/>
      </object_component>
      <object_component id="oc-3a8">
         <name>.debug_info</name>
         <load_address>0xf7b1</load_address>
         <run_address>0xf7b1</run_address>
         <size>0x220</size>
         <input_file_ref idref="fl-1d"/>
      </object_component>
      <object_component id="oc-308">
         <name>.debug_info</name>
         <load_address>0xf9d1</load_address>
         <run_address>0xf9d1</run_address>
         <size>0x7a6</size>
         <input_file_ref idref="fl-1d"/>
      </object_component>
      <object_component id="oc-3d5">
         <name>.debug_info</name>
         <load_address>0x10177</load_address>
         <run_address>0x10177</run_address>
         <size>0x224</size>
         <input_file_ref idref="fl-1d"/>
      </object_component>
      <object_component id="oc-256">
         <name>.debug_info</name>
         <load_address>0x1039b</load_address>
         <run_address>0x1039b</run_address>
         <size>0x4dc</size>
         <input_file_ref idref="fl-1d"/>
      </object_component>
      <object_component id="oc-1f6">
         <name>.debug_info</name>
         <load_address>0x10877</load_address>
         <run_address>0x10877</run_address>
         <size>0x1f1</size>
         <input_file_ref idref="fl-1d"/>
      </object_component>
      <object_component id="oc-346">
         <name>.debug_info</name>
         <load_address>0x10a68</load_address>
         <run_address>0x10a68</run_address>
         <size>0x6bd</size>
         <input_file_ref idref="fl-1d"/>
      </object_component>
      <object_component id="oc-2a5">
         <name>.debug_info</name>
         <load_address>0x11125</load_address>
         <run_address>0x11125</run_address>
         <size>0x385</size>
         <input_file_ref idref="fl-1e"/>
      </object_component>
      <object_component id="oc-208">
         <name>.debug_info</name>
         <load_address>0x114aa</load_address>
         <run_address>0x114aa</run_address>
         <size>0x1e8</size>
         <input_file_ref idref="fl-1e"/>
      </object_component>
      <object_component id="oc-202">
         <name>.debug_info</name>
         <load_address>0x11692</load_address>
         <run_address>0x11692</run_address>
         <size>0x1fc</size>
         <input_file_ref idref="fl-1e"/>
      </object_component>
      <object_component id="oc-2a7">
         <name>.debug_info</name>
         <load_address>0x1188e</load_address>
         <run_address>0x1188e</run_address>
         <size>0x6bd</size>
         <input_file_ref idref="fl-1e"/>
      </object_component>
      <object_component id="oc-3c6">
         <name>.debug_info</name>
         <load_address>0x11f4b</load_address>
         <run_address>0x11f4b</run_address>
         <size>0x62c</size>
         <input_file_ref idref="fl-1f"/>
      </object_component>
      <object_component id="oc-3ba">
         <name>.debug_info</name>
         <load_address>0x12577</load_address>
         <run_address>0x12577</run_address>
         <size>0x31e</size>
         <input_file_ref idref="fl-1f"/>
      </object_component>
      <object_component id="oc-3c0">
         <name>.debug_info</name>
         <load_address>0x12895</load_address>
         <run_address>0x12895</run_address>
         <size>0x2a0</size>
         <input_file_ref idref="fl-1f"/>
      </object_component>
      <object_component id="oc-386">
         <name>.debug_info</name>
         <load_address>0x12b35</load_address>
         <run_address>0x12b35</run_address>
         <size>0x266</size>
         <input_file_ref idref="fl-1f"/>
      </object_component>
      <object_component id="oc-3de">
         <name>.debug_info</name>
         <load_address>0x12d9b</load_address>
         <run_address>0x12d9b</run_address>
         <size>0x14e</size>
         <input_file_ref idref="fl-1f"/>
      </object_component>
      <object_component id="oc-34c">
         <name>.debug_info</name>
         <load_address>0x12ee9</load_address>
         <run_address>0x12ee9</run_address>
         <size>0x310</size>
         <input_file_ref idref="fl-20"/>
      </object_component>
      <object_component id="oc-29f">
         <name>.debug_info</name>
         <load_address>0x131f9</load_address>
         <run_address>0x131f9</run_address>
         <size>0x20f</size>
         <input_file_ref idref="fl-20"/>
      </object_component>
      <object_component id="oc-299">
         <name>.debug_info</name>
         <load_address>0x13408</load_address>
         <run_address>0x13408</run_address>
         <size>0x20f</size>
         <input_file_ref idref="fl-20"/>
      </object_component>
      <object_component id="oc-28e">
         <name>.debug_info</name>
         <load_address>0x13617</load_address>
         <run_address>0x13617</run_address>
         <size>0x349</size>
         <input_file_ref idref="fl-21"/>
      </object_component>
      <object_component id="oc-338">
         <name>.debug_info</name>
         <load_address>0x13960</load_address>
         <run_address>0x13960</run_address>
         <size>0xfe</size>
         <input_file_ref idref="fl-21"/>
      </object_component>
      <object_component id="oc-332">
         <name>.debug_info</name>
         <load_address>0x13a5e</load_address>
         <run_address>0x13a5e</run_address>
         <size>0x8a7</size>
         <input_file_ref idref="fl-21"/>
      </object_component>
      <object_component id="oc-288">
         <name>.debug_info</name>
         <load_address>0x14305</load_address>
         <run_address>0x14305</run_address>
         <size>0x960</size>
         <input_file_ref idref="fl-21"/>
      </object_component>
      <object_component id="oc-1f0">
         <name>.debug_info</name>
         <load_address>0x14c65</load_address>
         <run_address>0x14c65</run_address>
         <size>0x1dc</size>
         <input_file_ref idref="fl-21"/>
      </object_component>
      <object_component id="oc-262">
         <name>.debug_info</name>
         <load_address>0x14e41</load_address>
         <run_address>0x14e41</run_address>
         <size>0x3de</size>
         <input_file_ref idref="fl-22"/>
      </object_component>
      <object_component id="oc-25f">
         <name>.debug_info</name>
         <load_address>0x1521f</load_address>
         <run_address>0x1521f</run_address>
         <size>0x102</size>
         <input_file_ref idref="fl-22"/>
      </object_component>
      <object_component id="oc-25c">
         <name>.debug_info</name>
         <load_address>0x15321</load_address>
         <run_address>0x15321</run_address>
         <size>0x119</size>
         <input_file_ref idref="fl-22"/>
      </object_component>
      <object_component id="oc-1d8">
         <name>.debug_info</name>
         <load_address>0x1543a</load_address>
         <run_address>0x1543a</run_address>
         <size>0x1e1</size>
         <input_file_ref idref="fl-22"/>
      </object_component>
      <object_component id="oc-39c">
         <name>.debug_info</name>
         <load_address>0x1561b</load_address>
         <run_address>0x1561b</run_address>
         <size>0x209</size>
         <input_file_ref idref="fl-22"/>
      </object_component>
      <object_component id="oc-37d">
         <name>.debug_info</name>
         <load_address>0x15824</load_address>
         <run_address>0x15824</run_address>
         <size>0x374</size>
         <input_file_ref idref="fl-24"/>
      </object_component>
      <object_component id="oc-30f">
         <name>.debug_info</name>
         <load_address>0x15b98</load_address>
         <run_address>0x15b98</run_address>
         <size>0x215</size>
         <input_file_ref idref="fl-24"/>
      </object_component>
      <object_component id="oc-361">
         <name>.debug_info</name>
         <load_address>0x15dad</load_address>
         <run_address>0x15dad</run_address>
         <size>0x5b5</size>
[...]
      <symbol id="sm-11e">
         <name>g_sBackground</name>
         <value>0x20000608</value>
         <object_component_ref idref="oc-21d"/>
      </symbol>
      <symbol id="sm-11f">
         <name>wait_for_touch</name>
         <value>0x9869</value>
         <object_component_ref idref="oc-1af"/>
      </symbol>
      <symbol id="sm-120">
         <name>g_RedLedOn</name>
         <value>0x200006d4</value>
         <object_component_ref idref="oc-220"/>
      </symbol>
      <symbol id="sm-121">
         <name>sContext</name>
         <value>0x20000540</value>
         <object_component_ref idref="oc-20e"/>
      </symbol>
      <symbol id="sm-122">
         <name>g_sHeading</name>
         <value>0x20000648</value>
         <object_component_ref idref="oc-2be"/>
      </symbol>
      <symbol id="sm-123">
         <name>g_sPushBtn</name>
         <value>0x200005b8</value>
         <object_component_ref idref="oc-351"/>
      </symbol>
      <symbol id="sm-124">
         <name>init_display</name>
         <value>0x97b9</value>
         <object_component_ref idref="oc-1af"/>
      </symbol>
      <symbol id="sm-125">
         <name>prettyImage</name>
         <value>0x26c</value>
         <object_component_ref idref="oc-223"/>
      </symbol>
      <symbol id="sm-126">
         <name>notTouched</name>
         <value>0x200006d0</value>
         <object_component_ref idref="oc-220"/>
      </symbol>
      <symbol id="sm-127">
         <name>display_outro</name>
         <value>0x996d</value>
         <object_component_ref idref="oc-1af"/>
      </symbol>
      <symbol id="sm-128">
         <name>display_waiting_time</name>
         <value>0x996f</value>
         <object_component_ref idref="oc-1af"/>
      </symbol>
      <symbol id="sm-129">
         <name>display_intro</name>
         <value>0x9871</value>
         <object_component_ref idref="oc-1af"/>
      </symbol>
      <symbol id="sm-13f">
         <name>RPSS_Handler</name>
         <value>0xa7b1</value>
         <object_component_ref idref="oc-171"/>
      </symbol>
      <symbol id="sm-152">
         <name>state</name>
         <value>0x200006b5</value>
         <object_component_ref idref="oc-177"/>
      </symbol>
      <symbol id="sm-153">
         <name>main</name>
         <value>0xb3e9</value>
         <object_component_ref idref="oc-106"/>
      </symbol>
      <symbol id="sm-180">
         <name>uart_transceiver</name>
         <value>0x9df3</value>
         <object_component_ref idref="oc-1b5"/>
      </symbol>
      <symbol id="sm-181">
         <name>update_peripheral_controller</name>
         <value>0x9ccb</value>
         <object_component_ref idref="oc-1b5"/>
      </symbol>
      <symbol id="sm-182">
         <name>init_uart</name>
         <value>0x9c91</value>
         <object_component_ref idref="oc-1b5"/>
      </symbol>
      <symbol id="sm-19f">
         <name>ResetISR</name>
         <value>0xb511</value>
         <object_component_ref idref="oc-2a"/>
      </symbol>
      <symbol id="sm-1a0">
         <name>g_pfnVectors</name>
         <value>0x0</value>
         <object_component_ref idref="oc-f"/>
      </symbol>
      <symbol id="sm-1f7">
         <name>g_plParmSet</name>
         <value>0x200005ac</value>
      </symbol>
      <symbol id="sm-1f8">
         <name>g_sTouchX</name>
         <value>0x200005b4</value>
      </symbol>
      <symbol id="sm-1f9">
         <name>g_sTouchY</name>
         <value>0x200005b6</value>
      </symbol>
      <symbol id="sm-1fa">
         <name>g_sTouchMin</name>
         <value>0x200006dc</value>
         <object_component_ref idref="oc-80"/>
      </symbol>
      <symbol id="sm-1fb">
         <name>TouchScreenInit</name>
         <value>0x9025</value>
         <object_component_ref idref="oc-30"/>
      </symbol>
      <symbol id="sm-1fc">
         <name>TouchScreenCallbackSet</name>
         <value>0x90f1</value>
         <object_component_ref idref="oc-30"/>
      </symbol>
      <symbol id="sm-1fd">
         <name>g_lTouchParameters</name>
         <value>0x82e8</value>
         <object_component_ref idref="oc-da"/>
      </symbol>
      <symbol id="sm-1fe">
         <name>TouchScreenIntHandler</name>
         <value>0x8eef</value>
         <object_component_ref idref="oc-30"/>
      </symbol>
      <symbol id="sm-24a">
         <name>UARTConfigSetExpClk</name>
         <value>0xb10d</value>
         <object_component_ref idref="oc-236"/>
      </symbol>
      <symbol id="sm-24b">
         <name>UARTDisable</name>
         <value>0xb399</value>
         <object_component_ref idref="oc-2dd"/>
      </symbol>
      <symbol id="sm-24c">
         <name>UARTCharsAvail</name>
         <value>0xb4f9</value>
         <object_component_ref idref="oc-242"/>
      </symbol>
      <symbol id="sm-24d">
         <name>UARTCharPut</name>
         <value>0xb527</value>
         <object_component_ref idref="oc-23c"/>
      </symbol>
      <symbol id="sm-24e">
         <name>UARTEnable</name>
         <value>0xb42d</value>
         <object_component_ref idref="oc-2e3"/>
      </symbol>
      <symbol id="sm-24f">
         <name>UARTCharGet</name>
         <value>0xb51d</value>
         <object_component_ref idref="oc-248"/>
      </symbol>
      <symbol id="sm-281">
         <name>TimerLoadSet</name>
         <value>0xb49f</value>
         <object_component_ref idref="oc-c5"/>
      </symbol>
      <symbol id="sm-282">
         <name>TimerEnable</name>
         <value>0xb4dd</value>
         <object_component_ref idref="oc-d1"/>
      </symbol>
      <symbol id="sm-283">
         <name>TimerControlTrigger</name>
         <value>0xae5d</value>
         <object_component_ref idref="oc-cb"/>
      </symbol>
      <symbol id="sm-284">
         <name>TimerConfigure</name>
         <value>0xae01</value>
         <object_component_ref idref="oc-b9"/>
      </symbol>
      <symbol id="sm-2df">
         <name>SysCtlClockSet</name>
         <value>0xa369</value>
         <object_component_ref idref="oc-1bb"/>
      </symbol>
      <symbol id="sm-2e0">
         <name>SysCtlDelay</name>
         <value>0xb545</value>
         <object_component_ref idref="oc-24f"/>
      </symbol>
      <symbol id="sm-2e1">
         <name>SysCtlPeripheralEnable</name>
         <value>0xb1c5</value>
         <object_component_ref idref="oc-83"/>
      </symbol>
      <symbol id="sm-2e2">
         <name>SysCtlClockGet</name>
         <value>0xa251</value>
         <object_component_ref idref="oc-bf"/>
      </symbol>
      <symbol id="sm-308">
         <name>IntEnable</name>
         <value>0xad45</value>
         <object_component_ref idref="oc-a7"/>
      </symbol>
      <symbol id="sm-350">
         <name>GPIOPinConfigure</name>
         <value>0xaff5</value>
         <object_component_ref idref="oc-22a"/>
      </symbol>
      <symbol id="sm-351">
         <name>GPIOPinTypeUART</name>
         <value>0xb47b</value>
         <object_component_ref idref="oc-230"/>
      </symbol>
      <symbol id="sm-352">
         <name>GPIOPinTypeGPIOOutput</name>
         <value>0xb3d1</value>
         <object_component_ref idref="oc-ad"/>
      </symbol>
      <symbol id="sm-353">
         <name>GPIODirModeSet</name>
         <value>0xb1f9</value>
         <object_component_ref idref="oc-144"/>
      </symbol>
      <symbol id="sm-354">
         <name>GPIOPinWrite</name>
         <value>0xb539</value>
         <object_component_ref idref="oc-b3"/>
      </symbol>
      <symbol id="sm-355">
         <name>GPIOPadConfigSet</name>
         <value>0xa11f</value>
         <object_component_ref idref="oc-13e"/>
      </symbol>
      <symbol id="sm-38b">
         <name>ADCSequenceEnable</name>
         <value>0xb4c1</value>
         <object_component_ref idref="oc-9b"/>
      </symbol>
      <symbol id="sm-38c">
         <name>ADCSequenceConfigure</name>
         <value>0xb14d</value>
         <object_component_ref idref="oc-8f"/>
      </symbol>
      <symbol id="sm-38d">
         <name>ADCIntEnable</name>
         <value>0xb4b1</value>
         <object_component_ref idref="oc-a1"/>
      </symbol>
      <symbol id="sm-38e">
         <name>ADCSequenceStepConfigure</name>
         <value>0xa975</value>
         <object_component_ref idref="oc-95"/>
      </symbol>
      <symbol id="sm-38f">
         <name>ADCHardwareOversampleConfigure</name>
         <value>0xb469</value>
         <object_component_ref idref="oc-89"/>
      </symbol>
      <symbol id="sm-3b0">
         <name>g_sFontCmss30b</name>
         <value>0x80b4</value>
         <object_component_ref idref="oc-226"/>
      </symbol>
      <symbol id="sm-3c2">
         <name>g_sFontCmss22b</name>
         <value>0x7fec</value>
         <object_component_ref idref="oc-38b"/>
      </symbol>
      <symbol id="sm-3d4">
         <name>g_sFontCm20</name>
         <value>0x7f24</value>
         <object_component_ref idref="oc-354"/>
      </symbol>
      <symbol id="sm-4b1">
         <name>g_sRoot</name>
         <value>0x20000688</value>
         <object_component_ref idref="oc-21a"/>
      </symbol>
      <symbol id="sm-4b2">
         <name>WidgetMessageQueueAdd</name>
         <value>0xa459</value>
         <object_component_ref idref="oc-1e3"/>
      </symbol>
      <symbol id="sm-4b3">
         <name>WidgetMessageSendPostOrder</name>
         <value>0xa701</value>
         <object_component_ref idref="oc-280"/>
      </symbol>
      <symbol id="sm-4b4">
         <name>WidgetAdd</name>
         <value>0xb2f1</value>
         <object_component_ref idref="oc-1dd"/>
      </symbol>
      <symbol id="sm-4b5">
         <name>WidgetDefaultMsgProc</name>
         <value>0xb557</value>
         <object_component_ref idref="oc-2b1"/>
      </symbol>
      <symbol id="sm-4b6">
         <name>WidgetMutexPut</name>
         <value>0xb54b</value>
         <object_component_ref idref="oc-266"/>
      </symbol>
      <symbol id="sm-4b7">
         <name>WidgetMessageQueueProcess</name>
         <value>0xac7d</value>
         <object_component_ref idref="oc-1e9"/>
      </symbol>
      <symbol id="sm-4b8">
         <name>WidgetMutexGet</name>
         <value>0xb441</value>
         <object_component_ref idref="oc-265"/>
      </symbol>
      <symbol id="sm-4b9">
         <name>WidgetPointerMessage</name>
         <value>0xb3b5</value>
         <object_component_ref idref="oc-214"/>
      </symbol>
      <symbol id="sm-4ba">
         <name>WidgetMessageSendPreOrder</name>
         <value>0xaeb5</value>
         <object_component_ref idref="oc-27a"/>
      </symbol>
      <symbol id="sm-5ed">
         <name>GrFontInfoGet</name>
         <value>0xb2cb</value>
         <object_component_ref idref="oc-2f5"/>
      </symbol>
      <symbol id="sm-5ee">
         <name>GrDefaultStringRenderer</name>
         <value>0xa635</value>
         <object_component_ref idref="oc-255"/>
      </symbol>
      <symbol id="sm-5ef">
         <name>GrFontGlyphRender</name>
         <value>0x9a29</value>
         <object_component_ref idref="oc-307"/>
      </symbol>
      <symbol id="sm-5f0">
         <name>GrFontHeightGet</name>
         <value>0xb24d</value>
         <object_component_ref idref="oc-3a7"/>
      </symbol>
      <symbol id="sm-5f1">
         <name>GrContextFontSet</name>
         <value>0xb53f</value>
         <object_component_ref idref="oc-1f5"/>
      </symbol>
      <symbol id="sm-5f2">
         <name>GrFontGlyphDataGet</name>
         <value>0xb315</value>
         <object_component_ref idref="oc-301"/>
      </symbol>
      <symbol id="sm-5f3">
         <name>GrStringDraw</name>
         <value>0xb48d</value>
         <object_component_ref idref="oc-1fb"/>
      </symbol>
      <symbol id="sm-5f4">
         <name>GrFontCodepageGet</name>
         <value>0xb379</value>
         <object_component_ref idref="oc-33d"/>
      </symbol>
      <symbol id="sm-5f5">
         <name>GrStringNextCharGet</name>
         <value>0xb277</value>
         <object_component_ref idref="oc-2fb"/>
      </symbol>
      <symbol id="sm-5f6">
         <name>GrStringWidthGet</name>
         <value>0xaadd</value>
         <object_component_ref idref="oc-3a1"/>
      </symbol>
      <symbol id="sm-5f7">
         <name>GrFontBaselineGet</name>
         <value>0xb223</value>
         <object_component_ref idref="oc-3d4"/>
      </symbol>
      <symbol id="sm-613">
         <name>GrRectFill</name>
         <value>0xa8ef</value>
         <object_component_ref idref="oc-207"/>
      </symbol>
      <symbol id="sm-614">
         <name>GrRectDraw</name>
         <value>0xabb1</value>
         <object_component_ref idref="oc-201"/>
      </symbol>
      <symbol id="sm-64c">
         <name>RectangularButtonMsgProc</name>
         <value>0xb337</value>
         <object_component_ref idref="oc-385"/>
      </symbol>
      <symbol id="sm-665">
         <name>GrLineDrawH</name>
         <value>0xb03d</value>
         <object_component_ref idref="oc-298"/>
      </symbol>
      <symbol id="sm-666">
         <name>GrLineDrawV</name>
         <value>0xb083</value>
         <object_component_ref idref="oc-29e"/>
      </symbol>
      <symbol id="sm-754">
         <name>GrImageDraw</name>
         <value>0xb4cf</value>
         <object_component_ref idref="oc-1ef"/>
      </symbol>
      <symbol id="sm-783">
         <name>GrContextInit</name>
         <value>0xac19</value>
         <object_component_ref idref="oc-1d7"/>
      </symbol>
      <symbol id="sm-784">
         <name>GrContextClipRegionSet</name>
         <value>0xace1</value>
         <object_component_ref idref="oc-39b"/>
      </symbol>
      <symbol id="sm-785">
         <name>g_psDefaultCodePointMapTable</name>
         <value>0x8364</value>
         <object_component_ref idref="oc-25b"/>
      </symbol>
      <symbol id="sm-793">
         <name>GrMapISO8859_1_Unicode</name>
         <value>0xb531</value>
         <object_component_ref idref="oc-30e"/>
      </symbol>
      <symbol id="sm-7b9">
         <name>CanvasMsgProc</name>
         <value>0xb419</value>
         <object_component_ref idref="oc-2c1"/>
      </symbol>
      <symbol id="sm-7cb">
         <name>_c_int00</name>
         <value>0xaf0d</value>
         <object_component_ref idref="oc-24"/>
      </symbol>
      <symbol id="sm-7cc">
         <name>__stack</name>
         <value>0x20000000</value>
         <object_component_ref idref="oc-29"/>
      </symbol>
      <symbol id="sm-7e3">
         <name>__TI_decompress_none</name>
         <value>0xb4eb</value>
         <object_component_ref idref="oc-12"/>
      </symbol>
      <symbol id="sm-80b">
         <name>__TI_decompress_rle24</name>
         <value>0xb551</value>
         <object_component_ref idref="oc-18"/>
      </symbol>
      <symbol id="sm-81d">
         <name>__TI_zero_init</name>
         <value>0xb505</value>
         <object_component_ref idref="oc-1e"/>
      </symbol>
      <symbol id="sm-83c">
         <name>C$$EXIT</name>
         <value>0xb0c9</value>
         <object_component_ref idref="oc-70"/>
      </symbol>
      <symbol id="sm-83d">
         <name>abort</name>
         <value>0xb0cd</value>
         <object_component_ref idref="oc-70"/>
      </symbol>
      <symbol id="sm-83e">
         <name>exit</name>
         <value>0xb0d5</value>
         <object_component_ref idref="oc-70"/>
      </symbol>
      <symbol id="sm-83f">
         <name>__TI_dtors_ptr</name>
         <value>0x200006cc</value>
         <object_component_ref idref="oc-111"/>
      </symbol>
      <symbol id="sm-840">
         <name>__TI_cleanup_ptr</name>
         <value>0x200006c8</value>
         <object_component_ref idref="oc-111"/>
      </symbol>
      <symbol id="sm-85b">
         <name>memcpy</name>
         <value>0xa853</value>
         <object_component_ref idref="oc-39"/>
      </symbol>
      <symbol id="sm-85c">
         <name>__aeabi_memcpy</name>
         <value>0xa853</value>
         <object_component_ref idref="oc-39"/>
      </symbol>
      <symbol id="sm-85d">
         <name>__aeabi_memcpy8</name>
         <value>0xa853</value>
         <object_component_ref idref="oc-39"/>
      </symbol>
      <symbol id="sm-85e">
         <name>__aeabi_memcpy4</name>
         <value>0xa853</value>
         <object_component_ref idref="oc-39"/>
      </symbol>
      <symbol id="sm-86d">
         <name>__aeabi_memset</name>
         <value>0xa9f7</value>
         <object_component_ref idref="oc-52"/>
      </symbol>
      <symbol id="sm-86e">
         <name>memset</name>
         <value>0xa9fd</value>
         <object_component_ref idref="oc-52"/>
      </symbol>
      <symbol id="sm-86f">
         <name>__aeabi_memset8</name>
         <value>0xa9f7</value>
         <object_component_ref idref="oc-52"/>
      </symbol>
      <symbol id="sm-870">
         <name>__aeabi_memset4</name>
         <value>0xa9f7</value>
         <object_component_ref idref="oc-52"/>
      </symbol>
      <symbol id="sm-871">
         <name>__aeabi_memclr8</name>
         <value>0xa9f5</value>
         <object_component_ref idref="oc-52"/>
      </symbol>
      <symbol id="sm-872">
         <name>__aeabi_memclr4</name>
         <value>0xa9f5</value>
         <object_component_ref idref="oc-52"/>
      </symbol>
      <symbol id="sm-873">
         <name>__aeabi_memclr</name>
         <value>0xa9f5</value>
         <object_component_ref idref="oc-52"/>
      </symbol>
      <symbol id="sm-87d">
         <name>_system_pre_init</name>
         <value>0xb55b</value>
         <object_component_ref idref="oc-5e"/>
      </symbol>
      <symbol id="sm-885">
         <name>main_func_sp</name>
         <value>0x200006d8</value>
         <object_component_ref idref="oc-76"/>
      </symbol>
      <symbol id="sm-8a2">
         <name>_nop</name>
         <value>0xb463</value>
         <object_component_ref idref="oc-182"/>
      </symbol>
      <symbol id="sm-8a3">
         <name>_lock</name>
         <value>0x200006c0</value>
         <object_component_ref idref="oc-10e"/>
      </symbol>
      <symbol id="sm-8a4">
         <name>_unlock</name>
         <value>0x200006c4</value>
         <object_component_ref idref="oc-10e"/>
      </symbol>
      <symbol id="sm-8a5">
         <name>_register_lock</name>
         <value>0xb45b</value>
         <object_component_ref idref="oc-182"/>
      </symbol>
      <symbol id="sm-8a6">
         <name>_register_unlock</name>
         <value>0xb455</value>
         <object_component_ref idref="oc-182"/>
      </symbol>
      <symbol id="sm-8bb">
         <name>_args_main</name>
         <value>0xb401</value>
         <object_component_ref idref="oc-6a"/>
      </symbol>
      <symbol id="sm-8e1">
         <name>__TI_auto_init</name>
         <value>0xaa71</value>
         <object_component_ref idref="oc-64"/>
      </symbol>
      <symbol id="sm-8fb">
         <name>copy_in</name>
         <value>0xaf5d</value>
         <object_component_ref idref="oc-fe"/>
      </symbol>
      <symbol id="sm-8fc">
         <name>__TI_static_base__</name>
         <value>0x0</value>
      </symbol>
      <symbol id="sm-8ff">
         <name>SHT$$INIT_ARRAY$$Limit</name>
         <value>0x0</value>
      </symbol>
      <symbol id="sm-900">
         <name>SHT$$INIT_ARRAY$$Base</name>
         <value>0x0</value>
      </symbol>
   </symbol_table>
   <title>Link successful</title>
</link_info>
