******************************************************************************
                  TI ARM Linker PC v5.2.2                      
******************************************************************************
>> Linked Mon Apr 27 21:11:13 2015

OUTPUT FILE NAME:   <lab10.out>
ENTRY POINT SYMBOL: "_c_int00"  address: 0000ac41


MEMORY CONFIGURATION

         name            origin    length      used     unused   attr    fill
----------------------  --------  ---------  --------  --------  ----  --------
  FLASH                 00000000   00040000  0000b2c0  00034d40  R  X
  SRAM                  20000000   00008000  000006e0  00007920  RW X


SEGMENT ALLOCATION MAP

run origin  load origin   length   init length attrs members
----------  ----------- ---------- ----------- ----- -------
00000000    00000000    0000b2c0   0000b2c0    r-x
  00000000    00000000    0000026c   0000026c    r-- .intvecs
  0000026c    0000026c    00008078   00008078    r-- .const
  000082e4    000082e4    00002efc   00002efc    r-x .text
  0000b1e0    0000b1e0    000000e0   000000e0    r-- .cinit
20000000    20000000    000006e0   00000000    rw-
  20000000    20000000    00000400   00000000    rw- .stack
  20000400    20000400    000001b8   00000000    rw- .bss
  200005b8    200005b8    00000128   00000000    rw- .data


SECTION ALLOCATION MAP

 output                                  attributes/
section   page    origin      length       input sections
--------  ----  ----------  ----------   ----------------
.intvecs   0    00000000    0000026c     
                  00000000    0000026c     tm4c123gh6pm_startup_ccs.obj (.intvecs)

.const     0    0000026c    00008078     
                  0000026c    00005d82     RPSS_display_driver.obj (.const:.string:prettyImage)
                  00005fee    00000002     --HOLE-- [fill = 0]
                  00005ff0    00000cb4     grlib.lib : fontcmss30b.obj (.const:.string:g_pui8Cmss30bData)
                  00006ca4    0000095e               : fontcm20.obj (.const:.string:g_pui8Cm20Data)
                  00007602    00000002     --HOLE-- [fill = 0]
                  00007604    0000091e               : fontcmss22b.obj (.const:.string:g_pui8Cmss22bData)
                  00007f22    00000002     --HOLE-- [fill = 0]
                  00007f24    000000c8               : fontcm20.obj (.const:g_sFontCm20)
                  00007fec    000000c8               : fontcmss22b.obj (.const:g_sFontCmss22b)
                  000080b4    000000c8               : fontcmss30b.obj (.const:g_sFontCmss30b)
                  0000817c    00000070     driverlib.lib : interrupt.obj (.const)
                  000081ec    0000006c                   : sysctl.obj (.const:g_pui32Xtals)
                  00008258    00000038     touch.obj (.const:g_lTouchParameters)
                  00008290    00000028     Kentec320x240x16_ssd2119_8bit.obj (.const:g_sKentec320x240x16_SSD2119)
                  000082b8    0000001c     RPSS_display_driver.obj (.const:.string)
                  000082d4    00000010     grlib.lib : context.obj (.const)

.text      0    000082e4    00002efc     
                  000082e4    00000988     Kentec320x240x16_ssd2119_8bit.obj (.text)
                  00008c6c    00000460     touch.obj (.text)
                  000090cc    0000038c     grlib.lib : image.obj (.text:InternalImageDraw)
                  00009458    000002ce               : image.obj (.text:PixelTransparentDraw)
                  00009726    00000002     --HOLE-- [fill = 0]
                  00009728    00000274     RPSS_display_driver.obj (.text)
                  0000999c    00000266     grlib.lib : string.obj (.text:GrFontGlyphRender)
                  00009c02    00000188               : canvas.obj (.text:CanvasPaint)
                  00009d8a    0000016e               : pushbutton.obj (.text:RectangularButtonPaint)
                  00009ef8    00000130     driverlib.lib : gpio.obj (.text:GPIOPadConfigSet)
                  0000a028    00000118                   : sysctl.obj (.text:SysCtlClockGet)
                  0000a140    000000f0                   : sysctl.obj (.text:SysCtlClockSet)
                  0000a230    000000f0     grlib.lib : widget.obj (.text:WidgetMessageQueueAdd)
                  0000a320    000000ec               : pushbutton.obj (.text:RectangularButtonClick)
                  0000a40c    000000ca               : string.obj (.text:GrDefaultStringRenderer)
                  0000a4d6    00000002     --HOLE-- [fill = 0]
                  0000a4d8    000000b0               : widget.obj (.text:WidgetMessageSendPostOrder)
                  0000a588    0000009c     rtsv7M4_T_le_v4SPD16_eabi.lib : memcpy_t2.obj (.text)
                  0000a624    00000086     grlib.lib : rectangle.obj (.text:GrRectFill)
                  0000a6aa    00000080     driverlib.lib : adc.obj (.text:ADCSequenceStepConfigure)
                  0000a72a    0000007a     rtsv7M4_T_le_v4SPD16_eabi.lib : memset_t2.obj (.text)
                  0000a7a4    0000006c                                   : autoinit.obj (.text)
                  0000a810    0000006a     grlib.lib : string.obj (.text:GrStringWidthGet)
                  0000a87a    0000006a     rtsv7M4_T_le_v4SPD16_eabi.lib : copy_decompress_rle.obj (.text)
                  0000a8e4    00000066     grlib.lib : rectangle.obj (.text:GrRectDraw)
                  0000a94a    00000002     --HOLE-- [fill = 0]
                  0000a94c    00000064               : context.obj (.text:GrContextInit)
                  0000a9b0    00000064               : widget.obj (.text:WidgetMessageQueueProcess)
                  0000aa14    00000062               : context.obj (.text:GrContextClipRegionSet)
                  0000aa76    00000002     --HOLE-- [fill = 0]
                  0000aa78    00000060     driverlib.lib : interrupt.obj (.text:IntEnable)
                  0000aad8    0000005c     grlib.lib : string.obj (.text:FontWideGlyphDataGet)
                  0000ab34    0000005c     driverlib.lib : timer.obj (.text:TimerConfigure)
                  0000ab90    00000058                   : timer.obj (.text:TimerControlTrigger)
                  0000abe8    00000056     grlib.lib : widget.obj (.text:WidgetMessageSendPreOrder)
                  0000ac3e    00000002     --HOLE-- [fill = 0]
                  0000ac40    00000050     rtsv7M4_T_le_v4SPD16_eabi.lib : boot.obj (.text)
                  0000ac90    0000004e     RPSS_handler.obj (.text)
                  0000acde    00000002     --HOLE-- [fill = 0]
                  0000ace0    0000004c     rtsv7M4_T_le_v4SPD16_eabi.lib : cpy_tbl.obj (.text)
                  0000ad2c    0000004a     grlib.lib : string.obj (.text:UpdateContextCharMapping)
                  0000ad76    00000046               : line.obj (.text:GrLineDrawH)
                  0000adbc    00000046               : line.obj (.text:GrLineDrawV)
                  0000ae02    00000002     --HOLE-- [fill = 0]
                  0000ae04    00000044     rtsv7M4_T_le_v4SPD16_eabi.lib : exit.obj (.text)
                  0000ae48    0000003e     driverlib.lib : adc.obj (.text:ADCSequenceConfigure)
                  0000ae86    0000003a     grlib.lib : string.obj (.text:FontGlyphDataGet)
                  0000aec0    00000034     driverlib.lib : sysctl.obj (.text:SysCtlPeripheralEnable)
                  0000aef4    0000002a                   : gpio.obj (.text:GPIODirModeSet)
                  0000af1e    0000002a     grlib.lib : string.obj (.text:GrFontBaselineGet)
                  0000af48    0000002a               : string.obj (.text:GrFontHeightGet)
                  0000af72    0000002a               : string.obj (.text:GrStringNextCharGet)
                  0000af9c    0000002a               : widget.obj (.text:WidgetIsInTree)
                  0000afc6    00000026               : string.obj (.text:GrFontInfoGet)
                  0000afec    00000024               : widget.obj (.text:WidgetAdd)
                  0000b010    00000022               : string.obj (.text:GrFontGlyphDataGet)
                  0000b032    00000022               : pushbutton.obj (.text:RectangularButtonMsgProc)
                  0000b054    0000001e               : string.obj (.text:GrFontCodepageGet)
                  0000b072    00000002     --HOLE-- [fill = 0]
                  0000b074    0000001c               : widget.obj (.text:WidgetPointerMessage)
                  0000b090    00000018     driverlib.lib : gpio.obj (.text:GPIOPinTypeGPIOOutput)
                  0000b0a8    00000018     RPSS_main.obj (.text)
                  0000b0c0    00000018     rtsv7M4_T_le_v4SPD16_eabi.lib : args_main.obj (.text)
                  0000b0d8    00000014     grlib.lib : canvas.obj (.text:CanvasMsgProc)
                  0000b0ec    00000014               : widget.obj (.text:WidgetMutexGet)
                  0000b100    00000014     rtsv7M4_T_le_v4SPD16_eabi.lib : _lock.obj (.text)
                  0000b114    00000012     driverlib.lib : adc.obj (.text:ADCHardwareOversampleConfigure)
                  0000b126    00000012     grlib.lib : string.obj (.text:GrStringDraw)
                  0000b138    00000012     driverlib.lib : timer.obj (.text:TimerLoadSet)
                  0000b14a    00000010                   : adc.obj (.text:ADCIntEnable)
                  0000b15a    0000000e                   : adc.obj (.text:ADCSequenceEnable)
                  0000b168    0000000e     grlib.lib : image.obj (.text:GrImageDraw)
                  0000b176    0000000e     driverlib.lib : timer.obj (.text:TimerEnable)
                  0000b184    0000000e     rtsv7M4_T_le_v4SPD16_eabi.lib : copy_decompress_none.obj (.text:decompress:none)
                  0000b192    0000000c                                   : copy_zero_init.obj (.text:decompress:ZI)
                  0000b19e    0000000c     tm4c123gh6pm_startup_ccs.obj (.text)
                  0000b1aa    00000008     grlib.lib : charmap.obj (.text:GrMapISO8859_1_Unicode)
                  0000b1b2    00000008     RPSS_System.obj (.text)
                  0000b1ba    00000006     driverlib.lib : gpio.obj (.text:GPIOPinWrite)
                  0000b1c0    00000006     grlib.lib : string.obj (.text:GrContextFontSet)
                  0000b1c6    00000006     driverlib.lib : sysctl.obj (.text:SysCtlDelay)
                  0000b1cc    00000006     grlib.lib : widget.obj (.text:WidgetMutexPut)
                  0000b1d2    00000006     rtsv7M4_T_le_v4SPD16_eabi.lib : copy_decompress_rle.obj (.text:decompress:rle24)
                  0000b1d8    00000004     grlib.lib : widget.obj (.text:WidgetDefaultMsgProc)
                  0000b1dc    00000004     rtsv7M4_T_le_v4SPD16_eabi.lib : pre_init.obj (.text)

.cinit     0    0000b1e0    000000e0     
                  0000b1e0    000000ba     (.cinit..data.load) [load image, compression = rle]
                  0000b29a    00000002     --HOLE-- [fill = 0]
                  0000b29c    0000000c     (__TI_handler_table)
                  0000b2a8    00000008     (.cinit..bss.load) [load image, compression = zero_init]
                  0000b2b0    00000010     (__TI_cinit_table)

.init_array 
*          0    00000000    00000000     UNINITIALIZED

.stack     0    20000000    00000400     UNINITIALIZED
                  20000000    00000400     --HOLE--

.bss       0    20000400    000001b8     UNINITIALIZED
                  20000400    00000140     grlib.lib : widget.obj (.bss:g_psMQ)
                  20000540    0000002c     RPSS_display_driver.obj (.bss:sContext)
                  2000056c    00000020     grlib.lib : image.obj (.bss)
                  2000058c    00000010     (.common:g_psSamples)
                  2000059c    00000008     (.common:sRect)
                  200005a4    00000004               : context.obj (.bss)
                  200005a8    00000004     (.common:g_pfnTSHandler)
                  200005ac    00000004     (.common:g_plParmSet)
                  200005b0    00000004     (.common:g_ulTSState)
                  200005b4    00000002     (.common:g_sTouchX)
                  200005b6    00000002     (.common:g_sTouchY)

.TI.noinit 
*          0    20000400    00000000     UNINITIALIZED

.data      0    200005b8    00000128     UNINITIALIZED
                  200005b8    00000050     RPSS_display_driver.obj (.data:g_sPushBtn)
                  20000608    00000040     RPSS_display_driver.obj (.data:g_sBackground)
                  20000648    00000040     RPSS_display_driver.obj (.data:g_sHeading)
                  20000688    0000002d     grlib.lib : widget.obj (.data)
                  200006b5    00000001     RPSS_main.obj (.data)
                  200006b6    00000002     --HOLE--
                  200006b8    00000008     Kentec320x240x16_ssd2119_8bit.obj (.data)
                  200006c0    00000008     rtsv7M4_T_le_v4SPD16_eabi.lib : _lock.obj (.data)
                  200006c8    00000008                                   : exit.obj (.data)
                  200006d0    00000005     RPSS_display_driver.obj (.data)
                  200006d5    00000003     --HOLE--
                  200006d8    00000004     rtsv7M4_T_le_v4SPD16_eabi.lib : stkdepth_vars.obj (.data)
                  200006dc    00000004     touch.obj (.data)

.TI.persistent 
*          0    200005b8    00000000     UNINITIALIZED


LINKER GENERATED COPY TABLES

__TI_cinit_table @ 0000b2b0 records: 2, size/record: 8, table size: 16
	.data: load addr=0000b1e0, load size=000000ba bytes, run addr=200005b8, run size=00000128 bytes, compression=rle
	.bss: load addr=0000b2a8, load size=00000008 bytes, run addr=20000400, run size=000001b8 bytes, compression=zero_init


LINKER GENERATED HANDLER TABLE

__TI_handler_table @ 0000b29c records: 3, size/record: 4, table size: 12
	index: 0, handler: __TI_decompress_rle24
	index: 1, handler: __TI_decompress_none
	index: 2, handler: __TI_zero_init


GLOBAL SYMBOLS: SORTED ALPHABETICALLY BY Name 

address   name                          
-------   ----                          
0000b115  ADCHardwareOversampleConfigure
0000b14b  ADCIntEnable                  
0000ae49  ADCSequenceConfigure          
0000b15b  ADCSequenceEnable             
0000a6ab  ADCSequenceStepConfigure      
0000ae05  C$$EXIT                       
0000b0d9  CanvasMsgProc                 
0000aef5  GPIODirModeSet                
00009ef9  GPIOPadConfigSet              
0000b091  GPIOPinTypeGPIOOutput         
0000b1bb  GPIOPinWrite                  
0000aa15  GrContextClipRegionSet        
0000b1c1  GrContextFontSet              
0000a94d  GrContextInit                 
0000a40d  GrDefaultStringRenderer       
0000af1f  GrFontBaselineGet             
0000b055  GrFontCodepageGet             
0000b011  GrFontGlyphDataGet            
0000999d  GrFontGlyphRender             
0000af49  GrFontHeightGet               
0000afc7  GrFontInfoGet                 
0000b169  GrImageDraw                   
0000ad77  GrLineDrawH                   
0000adbd  GrLineDrawV                   
0000b1ab  GrMapISO8859_1_Unicode        
0000a8e5  GrRectDraw                    
0000a625  GrRectFill                    
0000b127  GrStringDraw                  
0000af73  GrStringNextCharGet           
0000a811  GrStringWidthGet              
0000aa79  IntEnable                     
00008499  Kentec320x240x16_SSD2119Init  
000082ff  LED_OFF                       
000082e5  LED_ON                        
0000ac91  RPSS_Handler                  
0000b1b3  RPSS_System_init              
0000b033  RectangularButtonMsgProc      
0000b19f  ResetISR                      
UNDEFED   SHT$$INIT_ARRAY$$Base         
UNDEFED   SHT$$INIT_ARRAY$$Limit        
0000a029  SysCtlClockGet                
0000a141  SysCtlClockSet                
0000b1c7  SysCtlDelay                   
0000aec1  SysCtlPeripheralEnable        
0000ab35  TimerConfigure                
0000ab91  TimerControlTrigger           
0000b177  TimerEnable                   
0000b139  TimerLoadSet                  
00009061  TouchScreenCallbackSet        
00008f95  TouchScreenInit               
00008e5f  TouchScreenIntHandler         
0000afed  WidgetAdd                     
0000b1d9  WidgetDefaultMsgProc          
0000a231  WidgetMessageQueueAdd         
0000a9b1  WidgetMessageQueueProcess     
0000a4d9  WidgetMessageSendPostOrder    
0000abe9  WidgetMessageSendPreOrder     
0000b0ed  WidgetMutexGet                
0000b1cd  WidgetMutexPut                
0000b075  WidgetPointerMessage          
200006bc  WriteCommand                  
200006b8  WriteData                     
20000400  __STACK_END                   
00000400  __STACK_SIZE                  
20000400  __STACK_TOP                   
0000b2b0  __TI_CINIT_Base               
0000b2c0  __TI_CINIT_Limit              
0000b29c  __TI_Handler_Table_Base       
0000b2a8  __TI_Handler_Table_Limit      
0000a7a5  __TI_auto_init                
200006c8  __TI_cleanup_ptr              
0000b185  __TI_decompress_none          
0000b1d3  __TI_decompress_rle24         
200006cc  __TI_dtors_ptr                
00000000  __TI_static_base__            
0000b193  __TI_zero_init                
0000a72b  __aeabi_memclr                
0000a72b  __aeabi_memclr4               
0000a72b  __aeabi_memclr8               
0000a589  __aeabi_memcpy                
0000a589  __aeabi_memcpy4               
0000a589  __aeabi_memcpy8               
0000a72d  __aeabi_memset                
0000a72d  __aeabi_memset4               
0000a72d  __aeabi_memset8               
ffffffff  __binit__                     
ffffffff  __c_args__                    
20000000  __stack                       
0000b0c1  _args_main                    
0000ac41  _c_int00                      
200006c0  _lock                         
0000b10f  _nop                          
0000b107  _register_lock                
0000b101  _register_unlock              
0000b1dd  _system_pre_init              
200006c4  _unlock                       
0000ae09  abort                         
ffffffff  binit                         
0000ace1  copy_in                       
000097e7  display_intro                 
0000ae11  exit                          
200006d4  g_RedLedOn                    
00008258  g_lTouchParameters            
00000000  g_pfnVectors                  
200005ac  g_plParmSet                   
000082d4  g_psDefaultCodePointMapTable  
20000608  g_sBackground                 
00007f24  g_sFontCm20                   
00007fec  g_sFontCmss22b                
000080b4  g_sFontCmss30b                
20000648  g_sHeading                    
00008290  g_sKentec320x240x16_SSD2119   
200005b8  g_sPushBtn                    
20000688  g_sRoot                       
200006dc  g_sTouchMin                   
200005b4  g_sTouchX                     
200005b6  g_sTouchY                     
00009729  init_display                  
0000b0a9  main                          
200006d8  main_func_sp                  
0000a589  memcpy                        
0000a733  memset                        
200006d0  notTouched                    
0000026c  prettyImage                   
20000540  sContext                      
2000059c  sRect                         
200006b5  state                         
000097df  wait_for_touch                


GLOBAL SYMBOLS: SORTED BY Symbol Address 

address   name                          
-------   ----                          
00000000  __TI_static_base__            
00000000  g_pfnVectors                  
0000026c  prettyImage                   
00000400  __STACK_SIZE                  
00007f24  g_sFontCm20                   
00007fec  g_sFontCmss22b                
000080b4  g_sFontCmss30b                
00008258  g_lTouchParameters            
00008290  g_sKentec320x240x16_SSD2119   
000082d4  g_psDefaultCodePointMapTable  
000082e5  LED_ON                        
000082ff  LED_OFF                       
00008499  Kentec320x240x16_SSD2119Init  
00008e5f  TouchScreenIntHandler         
00008f95  TouchScreenInit               
00009061  TouchScreenCallbackSet        
00009729  init_display                  
000097df  wait_for_touch                
000097e7  display_intro                 
0000999d  GrFontGlyphRender             
00009ef9  GPIOPadConfigSet              
0000a029  SysCtlClockGet                
0000a141  SysCtlClockSet                
0000a231  WidgetMessageQueueAdd         
0000a40d  GrDefaultStringRenderer       
0000a4d9  WidgetMessageSendPostOrder    
0000a589  __aeabi_memcpy                
0000a589  __aeabi_memcpy4               
0000a589  __aeabi_memcpy8               
0000a589  memcpy                        
0000a625  GrRectFill                    
0000a6ab  ADCSequenceStepConfigure      
0000a72b  __aeabi_memclr                
0000a72b  __aeabi_memclr4               
0000a72b  __aeabi_memclr8               
0000a72d  __aeabi_memset                
0000a72d  __aeabi_memset4               
0000a72d  __aeabi_memset8               
0000a733  memset                        
0000a7a5  __TI_auto_init                
0000a811  GrStringWidthGet              
0000a8e5  GrRectDraw                    
0000a94d  GrContextInit                 
0000a9b1  WidgetMessageQueueProcess     
0000aa15  GrContextClipRegionSet        
0000aa79  IntEnable                     
0000ab35  TimerConfigure                
0000ab91  TimerControlTrigger           
0000abe9  WidgetMessageSendPreOrder     
0000ac41  _c_int00                      
0000ac91  RPSS_Handler                  
0000ace1  copy_in                       
0000ad77  GrLineDrawH                   
0000adbd  GrLineDrawV                   
0000ae05  C$$EXIT                       
0000ae09  abort                         
0000ae11  exit                          
0000ae49  ADCSequenceConfigure          
0000aec1  SysCtlPeripheralEnable        
0000aef5  GPIODirModeSet                
0000af1f  GrFontBaselineGet             
0000af49  GrFontHeightGet               
0000af73  GrStringNextCharGet           
0000afc7  GrFontInfoGet                 
0000afed  WidgetAdd                     
0000b011  GrFontGlyphDataGet            
0000b033  RectangularButtonMsgProc      
0000b055  GrFontCodepageGet             
0000b075  WidgetPointerMessage          
0000b091  GPIOPinTypeGPIOOutput         
0000b0a9  main                          
0000b0c1  _args_main                    
0000b0d9  CanvasMsgProc                 
0000b0ed  WidgetMutexGet                
0000b101  _register_unlock              
0000b107  _register_lock                
0000b10f  _nop                          
0000b115  ADCHardwareOversampleConfigure
0000b127  GrStringDraw                  
0000b139  TimerLoadSet                  
0000b14b  ADCIntEnable                  
0000b15b  ADCSequenceEnable             
0000b169  GrImageDraw                   
0000b177  TimerEnable                   
0000b185  __TI_decompress_none          
0000b193  __TI_zero_init                
0000b19f  ResetISR                      
0000b1ab  GrMapISO8859_1_Unicode        
0000b1b3  RPSS_System_init              
0000b1bb  GPIOPinWrite                  
0000b1c1  GrContextFontSet              
0000b1c7  SysCtlDelay                   
0000b1cd  WidgetMutexPut                
0000b1d3  __TI_decompress_rle24         
0000b1d9  WidgetDefaultMsgProc          
0000b1dd  _system_pre_init              
0000b29c  __TI_Handler_Table_Base       
0000b2a8  __TI_Handler_Table_Limit      
0000b2b0  __TI_CINIT_Base               
0000b2c0  __TI_CINIT_Limit              
20000000  __stack                       
20000400  __STACK_END                   
20000400  __STACK_TOP                   
20000540  sContext                      
2000059c  sRect                         
200005ac  g_plParmSet                   
200005b4  g_sTouchX                     
200005b6  g_sTouchY                     
200005b8  g_sPushBtn                    
20000608  g_sBackground                 
20000648  g_sHeading                    
20000688  g_sRoot                       
200006b5  state                         
200006b8  WriteData                     
200006bc  WriteCommand                  
200006c0  _lock                         
200006c4  _unlock                       
200006c8  __TI_cleanup_ptr              
200006cc  __TI_dtors_ptr                
200006d0  notTouched                    
200006d4  g_RedLedOn                    
200006d8  main_func_sp                  
200006dc  g_sTouchMin                   
ffffffff  __binit__                     
ffffffff  __c_args__                    
ffffffff  binit                         
UNDEFED   SHT$$INIT_ARRAY$$Base         
UNDEFED   SHT$$INIT_ARRAY$$Limit        

[128 symbols]
